192.168.10.185 - - [01/Mar/2020:06:26:01 +0000] "POST /login.php HTTP/1.1" 302 605 "http://mail.onion.com/login.php" "Mozilla/5.0 (X11; Linux x86_64) AppleWebKit/537.36 (KHTML, like Gecko) Ubuntu Chromium/77.0.3865.90 HeadlessChrome/77.0.3865.90 Safari/537.36"
192.168.10.185 - - [01/Mar/2020:06:26:01 +0000] "POST /services/prefs.php HTTP/1.1" 200 4606 "http://mail.onion.com/services/prefs.php?app=horde&group=identities" "Mozilla/5.0 (X11; Linux x86_64) AppleWebKit/537.36 (KHTML, like Gecko) Ubuntu Chromium/77.0.3865.90 HeadlessChrome/77.0.3865.90 Safari/537.36"
192.168.10.185 - - [01/Mar/2020:06:26:02 +0000] "GET /themes/default/graphics/alerts/success.png HTTP/1.1" 200 737 "http://mail.onion.com/themes/default/screen.css" "Mozilla/5.0 (X11; Linux x86_64) AppleWebKit/537.36 (KHTML, like Gecko) Ubuntu Chromium/77.0.3865.90 HeadlessChrome/77.0.3865.90 Safari/537.36"
::1 - - [01/Mar/2020:06:26:02 +0000] "OPTIONS * HTTP/1.0" 200 110 "-" "Apache/2.4.25 (Debian) OpenSSL/1.0.2u (internal dummy connection)"
192.168.10.161 - - [01/Mar/2020:06:26:02 +0000] "POST /services/prefs.php HTTP/1.1" 200 4744 "http://mail.onion.com/services/prefs.php?app=horde&group=identities" "Mozilla/5.0 (X11; Linux x86_64) AppleWebKit/537.36 (KHTML, like Gecko) Ubuntu Chromium/77.0.3865.90 HeadlessChrome/77.0.3865.90 Safari/537.36"
192.168.10.161 - - [01/Mar/2020:06:26:02 +0000] "GET /themes/default/graphics/alerts/success.png HTTP/1.1" 200 737 "http://mail.onion.com/themes/default/screen.css" "Mozilla/5.0 (X11; Linux x86_64) AppleWebKit/537.36 (KHTML, like Gecko) Ubuntu Chromium/77.0.3865.90 HeadlessChrome/77.0.3865.90 Safari/537.36"
192.168.10.185 - - [01/Mar/2020:06:26:02 +0000] "GET /services/prefs.php?app=horde&group=identities HTTP/1.1" 200 4558 "http://mail.onion.com/services/prefs.php?app=horde" "Mozilla/5.0 (X11; Linux x86_64) AppleWebKit/537.36 (KHTML, like Gecko) Ubuntu Chromium/77.0.3865.90 HeadlessChrome/77.0.3865.90 Safari/537.36"
192.168.10.185 - - [01/Mar/2020:06:26:02 +0000] "GET /js/identityselect.js?v=dc442439853f80a9467ce727c08e9b0e HTTP/1.1" 200 794 "http://mail.onion.com/services/prefs.php?app=horde&group=identities" "Mozilla/5.0 (X11; Linux x86_64) AppleWebKit/537.36 (KHTML, like Gecko) Ubuntu Chromium/77.0.3865.90 HeadlessChrome/77.0.3865.90 Safari/537.36"
192.168.10.185 - - [01/Mar/2020:06:26:02 +0000] "GET /themes/default/graphics/button-delete.png HTTP/1.1" 200 384 "http://mail.onion.com/themes/default/screen.css" "Mozilla/5.0 (X11; Linux x86_64) AppleWebKit/537.36 (KHTML, like Gecko) Ubuntu Chromium/77.0.3865.90 HeadlessChrome/77.0.3865.90 Safari/537.36"
192.168.10.185 - - [01/Mar/2020:06:26:01 +0000] "GET /services/portal/ HTTP/1.1" 200 4913 "http://mail.onion.com/login.php" "Mozilla/5.0 (X11; Linux x86_64) AppleWebKit/537.36 (KHTML, like Gecko) Ubuntu Chromium/77.0.3865.90 HeadlessChrome/77.0.3865.90 Safari/537.36"
192.168.10.185 - - [01/Mar/2020:06:26:02 +0000] "GET /kronolith/themes/default/block/screen.css HTTP/1.1" 200 516 "http://mail.onion.com/services/portal/" "Mozilla/5.0 (X11; Linux x86_64) AppleWebKit/537.36 (KHTML, like Gecko) Ubuntu Chromium/77.0.3865.90 HeadlessChrome/77.0.3865.90 Safari/537.36"
192.168.10.185 - - [01/Mar/2020:06:26:02 +0000] "GET /ingo/themes/default/block/screen.css HTTP/1.1" 200 521 "http://mail.onion.com/services/portal/" "Mozilla/5.0 (X11; Linux x86_64) AppleWebKit/537.36 (KHTML, like Gecko) Ubuntu Chromium/77.0.3865.90 HeadlessChrome/77.0.3865.90 Safari/537.36"
192.168.10.185 - - [01/Mar/2020:06:26:02 +0000] "GET /turba/themes/default/block/screen.css HTTP/1.1" 200 450 "http://mail.onion.com/services/portal/" "Mozilla/5.0 (X11; Linux x86_64) AppleWebKit/537.36 (KHTML, like Gecko) Ubuntu Chromium/77.0.3865.90 HeadlessChrome/77.0.3865.90 Safari/537.36"
192.168.10.185 - - [01/Mar/2020:06:26:02 +0000] "GET /nag/themes/default/block/screen.css HTTP/1.1" 200 438 "http://mail.onion.com/services/portal/" "Mozilla/5.0 (X11; Linux x86_64) AppleWebKit/537.36 (KHTML, like Gecko) Ubuntu Chromium/77.0.3865.90 HeadlessChrome/77.0.3865.90 Safari/537.36"
192.168.10.185 - - [01/Mar/2020:06:26:02 +0000] "GET /imp/themes/default/block/screen.css HTTP/1.1" 200 458 "http://mail.onion.com/services/portal/" "Mozilla/5.0 (X11; Linux x86_64) AppleWebKit/537.36 (KHTML, like Gecko) Ubuntu Chromium/77.0.3865.90 HeadlessChrome/77.0.3865.90 Safari/537.36"
192.168.10.185 - - [01/Mar/2020:06:26:02 +0000] "GET /js/hordeblocks.js?v=dc442439853f80a9467ce727c08e9b0e HTTP/1.1" 200 639 "http://mail.onion.com/services/portal/" "Mozilla/5.0 (X11; Linux x86_64) AppleWebKit/537.36 (KHTML, like Gecko) Ubuntu Chromium/77.0.3865.90 HeadlessChrome/77.0.3865.90 Safari/537.36"
192.168.10.185 - - [01/Mar/2020:06:26:02 +0000] "GET /js/hordecore.js?v=dc442439853f80a9467ce727c08e9b0e HTTP/1.1" 200 6452 "http://mail.onion.com/services/portal/" "Mozilla/5.0 (X11; Linux x86_64) AppleWebKit/537.36 (KHTML, like Gecko) Ubuntu Chromium/77.0.3865.90 HeadlessChrome/77.0.3865.90 Safari/537.36"
192.168.10.185 - - [01/Mar/2020:06:26:02 +0000] "GET /js/tooltips.js?v=dc442439853f80a9467ce727c08e9b0e HTTP/1.1" 200 1281 "http://mail.onion.com/services/portal/" "Mozilla/5.0 (X11; Linux x86_64) AppleWebKit/537.36 (KHTML, like Gecko) Ubuntu Chromium/77.0.3865.90 HeadlessChrome/77.0.3865.90 Safari/537.36"
192.168.10.185 - - [01/Mar/2020:06:26:02 +0000] "GET /turba/js/minisearch.js?v=bdffa700049748b9e0ede1748b17c142 HTTP/1.1" 200 902 "http://mail.onion.com/services/portal/" "Mozilla/5.0 (X11; Linux x86_64) AppleWebKit/537.36 (KHTML, like Gecko) Ubuntu Chromium/77.0.3865.90 HeadlessChrome/77.0.3865.90 Safari/537.36"
192.168.10.185 - - [01/Mar/2020:06:26:02 +0000] "GET /js/popup.js?v=dc442439853f80a9467ce727c08e9b0e HTTP/1.1" 200 1444 "http://mail.onion.com/services/portal/" "Mozilla/5.0 (X11; Linux x86_64) AppleWebKit/537.36 (KHTML, like Gecko) Ubuntu Chromium/77.0.3865.90 HeadlessChrome/77.0.3865.90 Safari/537.36"
192.168.10.185 - - [01/Mar/2020:06:26:02 +0000] "GET /js/date/en-US.js?v=dc442439853f80a9467ce727c08e9b0e HTTP/1.1" 200 2632 "http://mail.onion.com/services/portal/" "Mozilla/5.0 (X11; Linux x86_64) AppleWebKit/537.36 (KHTML, like Gecko) Ubuntu Chromium/77.0.3865.90 HeadlessChrome/77.0.3865.90 Safari/537.36"
192.168.10.185 - - [01/Mar/2020:06:26:02 +0000] "GET /js/scriptaculous/effects.js?v=dc442439853f80a9467ce727c08e9b0e HTTP/1.1" 200 9056 "http://mail.onion.com/services/portal/" "Mozilla/5.0 (X11; Linux x86_64) AppleWebKit/537.36 (KHTML, like Gecko) Ubuntu Chromium/77.0.3865.90 HeadlessChrome/77.0.3865.90 Safari/537.36"
192.168.10.185 - - [01/Mar/2020:06:26:02 +0000] "GET /js/topbar.js?v=dc442439853f80a9467ce727c08e9b0e HTTP/1.1" 200 1515 "http://mail.onion.com/services/portal/" "Mozilla/5.0 (X11; Linux x86_64) AppleWebKit/537.36 (KHTML, like Gecko) Ubuntu Chromium/77.0.3865.90 HeadlessChrome/77.0.3865.90 Safari/537.36"
192.168.10.185 - - [01/Mar/2020:06:26:02 +0000] "GET /js/scriptaculous/sound.js?v=dc442439853f80a9467ce727c08e9b0e HTTP/1.1" 200 1307 "http://mail.onion.com/services/portal/" "Mozilla/5.0 (X11; Linux x86_64) AppleWebKit/537.36 (KHTML, like Gecko) Ubuntu Chromium/77.0.3865.90 HeadlessChrome/77.0.3865.90 Safari/537.36"
192.168.10.185 - - [01/Mar/2020:06:26:02 +0000] "GET /js/growler.js?v=dc442439853f80a9467ce727c08e9b0e HTTP/1.1" 200 2873 "http://mail.onion.com/services/portal/" "Mozilla/5.0 (X11; Linux x86_64) AppleWebKit/537.36 (KHTML, like Gecko) Ubuntu Chromium/77.0.3865.90 HeadlessChrome/77.0.3865.90 Safari/537.36"
192.168.10.185 - - [01/Mar/2020:06:26:02 +0000] "GET /js/date/date.js?v=dc442439853f80a9467ce727c08e9b0e HTTP/1.1" 200 17978 "http://mail.onion.com/services/portal/" "Mozilla/5.0 (X11; Linux x86_64) AppleWebKit/537.36 (KHTML, like Gecko) Ubuntu Chromium/77.0.3865.90 HeadlessChrome/77.0.3865.90 Safari/537.36"
192.168.10.185 - - [01/Mar/2020:06:26:02 +0000] "GET /themes/default/graphics/logo.png HTTP/1.1" 200 2606 "http://mail.onion.com/themes/default/screen.css" "Mozilla/5.0 (X11; Linux x86_64) AppleWebKit/537.36 (KHTML, like Gecko) Ubuntu Chromium/77.0.3865.90 HeadlessChrome/77.0.3865.90 Safari/537.36"
192.168.10.185 - - [01/Mar/2020:06:26:03 +0000] "GET /themes/default/graphics/navi-arrow-normal.png HTTP/1.1" 200 488 "http://mail.onion.com/themes/default/screen.css" "Mozilla/5.0 (X11; Linux x86_64) AppleWebKit/537.36 (KHTML, like Gecko) Ubuntu Chromium/77.0.3865.90 HeadlessChrome/77.0.3865.90 Safari/537.36"
192.168.10.185 - - [01/Mar/2020:06:26:02 +0000] "GET /themes/default/graphics/head-bg.png HTTP/1.1" 200 380 "http://mail.onion.com/themes/default/screen.css" "Mozilla/5.0 (X11; Linux x86_64) AppleWebKit/537.36 (KHTML, like Gecko) Ubuntu Chromium/77.0.3865.90 HeadlessChrome/77.0.3865.90 Safari/537.36"
192.168.10.185 - - [01/Mar/2020:06:26:03 +0000] "GET /themes/default/graphics/sidebar-new.png HTTP/1.1" 200 704 "http://mail.onion.com/themes/default/screen.css" "Mozilla/5.0 (X11; Linux x86_64) AppleWebKit/537.36 (KHTML, like Gecko) Ubuntu Chromium/77.0.3865.90 HeadlessChrome/77.0.3865.90 Safari/537.36"
192.168.10.185 - - [01/Mar/2020:06:26:03 +0000] "GET /themes/default/graphics/settings.png HTTP/1.1" 200 691 "http://mail.onion.com/themes/default/screen.css" "Mozilla/5.0 (X11; Linux x86_64) AppleWebKit/537.36 (KHTML, like Gecko) Ubuntu Chromium/77.0.3865.90 HeadlessChrome/77.0.3865.90 Safari/537.36"
192.168.10.185 - - [01/Mar/2020:06:26:03 +0000] "GET /themes/default/graphics/logout.png HTTP/1.1" 200 942 "http://mail.onion.com/themes/default/screen.css" "Mozilla/5.0 (X11; Linux x86_64) AppleWebKit/537.36 (KHTML, like Gecko) Ubuntu Chromium/77.0.3865.90 HeadlessChrome/77.0.3865.90 Safari/537.36"
192.168.10.185 - - [01/Mar/2020:06:26:03 +0000] "GET /themes/default/graphics/sidebar-new-bg.png HTTP/1.1" 200 383 "http://mail.onion.com/themes/default/screen.css" "Mozilla/5.0 (X11; Linux x86_64) AppleWebKit/537.36 (KHTML, like Gecko) Ubuntu Chromium/77.0.3865.90 HeadlessChrome/77.0.3865.90 Safari/537.36"
192.168.10.185 - - [01/Mar/2020:06:26:03 +0000] "GET /themes/default/graphics/tabset.png HTTP/1.1" 200 372 "http://mail.onion.com/themes/default/screen.css" "Mozilla/5.0 (X11; Linux x86_64) AppleWebKit/537.36 (KHTML, like Gecko) Ubuntu Chromium/77.0.3865.90 HeadlessChrome/77.0.3865.90 Safari/537.36"
192.168.10.185 - - [01/Mar/2020:06:26:03 +0000] "GET /ingo/themes/default/graphics/whitelist.png HTTP/1.1" 200 814 "http://mail.onion.com/ingo/themes/default/block/screen.css" "Mozilla/5.0 (X11; Linux x86_64) AppleWebKit/537.36 (KHTML, like Gecko) Ubuntu Chromium/77.0.3865.90 HeadlessChrome/77.0.3865.90 Safari/537.36"
192.168.10.185 - - [01/Mar/2020:06:26:03 +0000] "GET /themes/default/graphics/button.png HTTP/1.1" 200 373 "http://mail.onion.com/themes/default/screen.css" "Mozilla/5.0 (X11; Linux x86_64) AppleWebKit/537.36 (KHTML, like Gecko) Ubuntu Chromium/77.0.3865.90 HeadlessChrome/77.0.3865.90 Safari/537.36"
192.168.10.185 - - [01/Mar/2020:06:26:03 +0000] "GET /turba/themes/default/graphics/loading.gif HTTP/1.1" 200 2006 "http://mail.onion.com/turba/themes/default/block/screen.css" "Mozilla/5.0 (X11; Linux x86_64) AppleWebKit/537.36 (KHTML, like Gecko) Ubuntu Chromium/77.0.3865.90 HeadlessChrome/77.0.3865.90 Safari/537.36"
192.168.10.185 - - [01/Mar/2020:06:26:03 +0000] "GET /ingo/themes/default/graphics/blacklist.png HTTP/1.1" 200 826 "http://mail.onion.com/ingo/themes/default/block/screen.css" "Mozilla/5.0 (X11; Linux x86_64) AppleWebKit/537.36 (KHTML, like Gecko) Ubuntu Chromium/77.0.3865.90 HeadlessChrome/77.0.3865.90 Safari/537.36"
192.168.10.185 - - [01/Mar/2020:06:26:03 +0000] "GET /themes/default/graphics/alerts/message.png HTTP/1.1" 200 761 "http://mail.onion.com/themes/default/screen.css" "Mozilla/5.0 (X11; Linux x86_64) AppleWebKit/537.36 (KHTML, like Gecko) Ubuntu Chromium/77.0.3865.90 HeadlessChrome/77.0.3865.90 Safari/537.36"
192.168.10.185 - - [01/Mar/2020:06:26:03 +0000] "GET /themes/default/graphics/close.png HTTP/1.1" 200 757 "http://mail.onion.com/themes/default/screen.css" "Mozilla/5.0 (X11; Linux x86_64) AppleWebKit/537.36 (KHTML, like Gecko) Ubuntu Chromium/77.0.3865.90 HeadlessChrome/77.0.3865.90 Safari/537.36"
192.168.10.185 - - [01/Mar/2020:06:26:03 +0000] "GET /themes/default/graphics/navi-subnavi-active.png HTTP/1.1" 200 550 "http://mail.onion.com/themes/default/screen.css" "Mozilla/5.0 (X11; Linux x86_64) AppleWebKit/537.36 (KHTML, like Gecko) Ubuntu Chromium/77.0.3865.90 HeadlessChrome/77.0.3865.90 Safari/537.36"
::1 - - [01/Mar/2020:06:26:03 +0000] "OPTIONS * HTTP/1.0" 200 110 "-" "Apache/2.4.25 (Debian) OpenSSL/1.0.2u (internal dummy connection)"
192.168.10.185 - - [01/Mar/2020:06:26:03 +0000] "GET /services/prefs.php?app=horde HTTP/1.1" 200 3654 "http://mail.onion.com/services/portal/" "Mozilla/5.0 (X11; Linux x86_64) AppleWebKit/537.36 (KHTML, like Gecko) Ubuntu Chromium/77.0.3865.90 HeadlessChrome/77.0.3865.90 Safari/537.36"
192.168.10.185 - - [01/Mar/2020:06:26:03 +0000] "GET /services/prefs.php?app=horde&group=identities HTTP/1.1" 200 4561 "http://mail.onion.com/services/prefs.php?app=horde" "Mozilla/5.0 (X11; Linux x86_64) AppleWebKit/537.36 (KHTML, like Gecko) Ubuntu Chromium/77.0.3865.90 HeadlessChrome/77.0.3865.90 Safari/537.36"
192.168.10.185 - - [01/Mar/2020:06:26:03 +0000] "GET /js/identityselect.js?v=dc442439853f80a9467ce727c08e9b0e HTTP/1.1" 200 794 "http://mail.onion.com/services/prefs.php?app=horde&group=identities" "Mozilla/5.0 (X11; Linux x86_64) AppleWebKit/537.36 (KHTML, like Gecko) Ubuntu Chromium/77.0.3865.90 HeadlessChrome/77.0.3865.90 Safari/537.36"
192.168.10.185 - - [01/Mar/2020:06:26:03 +0000] "GET /js/prefs.js?v=dc442439853f80a9467ce727c08e9b0e HTTP/1.1" 200 570 "http://mail.onion.com/services/prefs.php?app=horde" "Mozilla/5.0 (X11; Linux x86_64) AppleWebKit/537.36 (KHTML, like Gecko) Ubuntu Chromium/77.0.3865.90 HeadlessChrome/77.0.3865.90 Safari/537.36"
192.168.10.185 - - [01/Mar/2020:06:26:03 +0000] "GET /themes/default/graphics/button-delete.png HTTP/1.1" 200 384 "http://mail.onion.com/themes/default/screen.css" "Mozilla/5.0 (X11; Linux x86_64) AppleWebKit/537.36 (KHTML, like Gecko) Ubuntu Chromium/77.0.3865.90 HeadlessChrome/77.0.3865.90 Safari/537.36"
::1 - - [01/Mar/2020:06:26:04 +0000] "OPTIONS * HTTP/1.0" 200 110 "-" "Apache/2.4.25 (Debian) OpenSSL/1.0.2u (internal dummy connection)"
192.168.10.185 - - [01/Mar/2020:06:26:04 +0000] "GET /services/prefs.php?app=horde&group=identities HTTP/1.1" 200 4559 "http://mail.onion.com/services/prefs.php?app=horde" "Mozilla/5.0 (X11; Linux x86_64) AppleWebKit/537.36 (KHTML, like Gecko) Ubuntu Chromium/77.0.3865.90 HeadlessChrome/77.0.3865.90 Safari/537.36"
192.168.10.185 - - [01/Mar/2020:06:26:04 +0000] "GET /js/identityselect.js?v=dc442439853f80a9467ce727c08e9b0e HTTP/1.1" 200 794 "http://mail.onion.com/services/prefs.php?app=horde&group=identities" "Mozilla/5.0 (X11; Linux x86_64) AppleWebKit/537.36 (KHTML, like Gecko) Ubuntu Chromium/77.0.3865.90 HeadlessChrome/77.0.3865.90 Safari/537.36"
192.168.10.185 - - [01/Mar/2020:06:26:04 +0000] "GET /themes/default/graphics/button-delete.png HTTP/1.1" 200 384 "http://mail.onion.com/themes/default/screen.css" "Mozilla/5.0 (X11; Linux x86_64) AppleWebKit/537.36 (KHTML, like Gecko) Ubuntu Chromium/77.0.3865.90 HeadlessChrome/77.0.3865.90 Safari/537.36"
192.168.10.185 - - [01/Mar/2020:06:26:04 +0000] "GET /services/prefs.php?app=horde&group=identities HTTP/1.1" 200 4704 "http://mail.onion.com/services/prefs.php?app=horde" "Mozilla/5.0 (X11; Linux x86_64) AppleWebKit/537.36 (KHTML, like Gecko) Ubuntu Chromium/77.0.3865.90 HeadlessChrome/77.0.3865.90 Safari/537.36"
192.168.10.185 - - [01/Mar/2020:06:26:04 +0000] "GET /js/identityselect.js?v=dc442439853f80a9467ce727c08e9b0e HTTP/1.1" 200 794 "http://mail.onion.com/services/prefs.php?app=horde&group=identities" "Mozilla/5.0 (X11; Linux x86_64) AppleWebKit/537.36 (KHTML, like Gecko) Ubuntu Chromium/77.0.3865.90 HeadlessChrome/77.0.3865.90 Safari/537.36"
192.168.10.185 - - [01/Mar/2020:06:26:04 +0000] "GET /themes/default/graphics/button-delete.png HTTP/1.1" 200 384 "http://mail.onion.com/themes/default/screen.css" "Mozilla/5.0 (X11; Linux x86_64) AppleWebKit/537.36 (KHTML, like Gecko) Ubuntu Chromium/77.0.3865.90 HeadlessChrome/77.0.3865.90 Safari/537.36"
192.168.10.185 - - [01/Mar/2020:06:26:04 +0000] "POST /services/prefs.php HTTP/1.1" 200 4603 "http://mail.onion.com/services/prefs.php?app=horde&group=identities" "Mozilla/5.0 (X11; Linux x86_64) AppleWebKit/537.36 (KHTML, like Gecko) Ubuntu Chromium/77.0.3865.90 HeadlessChrome/77.0.3865.90 Safari/537.36"
192.168.10.185 - - [01/Mar/2020:06:26:05 +0000] "GET /themes/default/graphics/alerts/success.png HTTP/1.1" 200 737 "http://mail.onion.com/themes/default/screen.css" "Mozilla/5.0 (X11; Linux x86_64) AppleWebKit/537.36 (KHTML, like Gecko) Ubuntu Chromium/77.0.3865.90 HeadlessChrome/77.0.3865.90 Safari/537.36"
::1 - - [01/Mar/2020:06:26:05 +0000] "OPTIONS * HTTP/1.0" 200 110 "-" "Apache/2.4.25 (Debian) OpenSSL/1.0.2u (internal dummy connection)"
::1 - - [01/Mar/2020:06:26:06 +0000] "OPTIONS * HTTP/1.0" 200 110 "-" "Apache/2.4.25 (Debian) OpenSSL/1.0.2u (internal dummy connection)"
192.168.10.185 - - [01/Mar/2020:06:26:06 +0000] "GET /themes/default/graphics/navi-subnavi-active.png HTTP/1.1" 200 550 "http://mail.onion.com/themes/default/screen.css" "Mozilla/5.0 (X11; Linux x86_64) AppleWebKit/537.36 (KHTML, like Gecko) Ubuntu Chromium/77.0.3865.90 HeadlessChrome/77.0.3865.90 Safari/537.36"
192.168.10.185 - - [01/Mar/2020:06:26:06 +0000] "GET /themes/default/graphics/navi-arrow-active.png HTTP/1.1" 200 531 "http://mail.onion.com/themes/default/screen.css" "Mozilla/5.0 (X11; Linux x86_64) AppleWebKit/537.36 (KHTML, like Gecko) Ubuntu Chromium/77.0.3865.90 HeadlessChrome/77.0.3865.90 Safari/537.36"
192.168.10.185 - - [01/Mar/2020:06:26:06 +0000] "GET /services/prefs.php?app=horde&group=identities HTTP/1.1" 200 4557 "http://mail.onion.com/services/prefs.php?app=horde" "Mozilla/5.0 (X11; Linux x86_64) AppleWebKit/537.36 (KHTML, like Gecko) Ubuntu Chromium/77.0.3865.90 HeadlessChrome/77.0.3865.90 Safari/537.36"
192.168.10.185 - - [01/Mar/2020:06:26:06 +0000] "GET /js/identityselect.js?v=dc442439853f80a9467ce727c08e9b0e HTTP/1.1" 200 794 "http://mail.onion.com/services/prefs.php?app=horde&group=identities" "Mozilla/5.0 (X11; Linux x86_64) AppleWebKit/537.36 (KHTML, like Gecko) Ubuntu Chromium/77.0.3865.90 HeadlessChrome/77.0.3865.90 Safari/537.36"
192.168.10.185 - - [01/Mar/2020:06:26:06 +0000] "GET /themes/default/graphics/button-delete.png HTTP/1.1" 200 384 "http://mail.onion.com/themes/default/screen.css" "Mozilla/5.0 (X11; Linux x86_64) AppleWebKit/537.36 (KHTML, like Gecko) Ubuntu Chromium/77.0.3865.90 HeadlessChrome/77.0.3865.90 Safari/537.36"
192.168.10.185 - - [01/Mar/2020:06:26:06 +0000] "GET /services/prefs.php?app=horde HTTP/1.1" 200 3790 "http://mail.onion.com/services/portal/" "Mozilla/5.0 (X11; Linux x86_64) AppleWebKit/537.36 (KHTML, like Gecko) Ubuntu Chromium/77.0.3865.90 HeadlessChrome/77.0.3865.90 Safari/537.36"
192.168.10.185 - - [01/Mar/2020:06:26:06 +0000] "GET /js/prefs.js?v=dc442439853f80a9467ce727c08e9b0e HTTP/1.1" 200 570 "http://mail.onion.com/services/prefs.php?app=horde" "Mozilla/5.0 (X11; Linux x86_64) AppleWebKit/537.36 (KHTML, like Gecko) Ubuntu Chromium/77.0.3865.90 HeadlessChrome/77.0.3865.90 Safari/537.36"
192.168.10.185 - - [01/Mar/2020:06:26:06 +0000] "POST /services/prefs.php HTTP/1.1" 200 4605 "http://mail.onion.com/services/prefs.php?app=horde&group=identities" "Mozilla/5.0 (X11; Linux x86_64) AppleWebKit/537.36 (KHTML, like Gecko) Ubuntu Chromium/77.0.3865.90 HeadlessChrome/77.0.3865.90 Safari/537.36"
192.168.10.185 - - [01/Mar/2020:06:26:06 +0000] "POST /services/prefs.php HTTP/1.1" 200 4605 "http://mail.onion.com/services/prefs.php?app=horde&group=identities" "Mozilla/5.0 (X11; Linux x86_64) AppleWebKit/537.36 (KHTML, like Gecko) Ubuntu Chromium/77.0.3865.90 HeadlessChrome/77.0.3865.90 Safari/537.36"
192.168.10.185 - - [01/Mar/2020:06:26:07 +0000] "GET /themes/default/graphics/settings-active.png HTTP/1.1" 200 803 "http://mail.onion.com/themes/default/screen.css" "Mozilla/5.0 (X11; Linux x86_64) AppleWebKit/537.36 (KHTML, like Gecko) Ubuntu Chromium/77.0.3865.90 HeadlessChrome/77.0.3865.90 Safari/537.36"
192.168.10.185 - - [01/Mar/2020:06:26:07 +0000] "GET /themes/default/graphics/navi-subnavi.png HTTP/1.1" 200 475 "http://mail.onion.com/themes/default/screen.css" "Mozilla/5.0 (X11; Linux x86_64) AppleWebKit/537.36 (KHTML, like Gecko) Ubuntu Chromium/77.0.3865.90 HeadlessChrome/77.0.3865.90 Safari/537.36"
192.168.10.185 - - [01/Mar/2020:06:26:07 +0000] "GET /themes/default/graphics/alerts/success.png HTTP/1.1" 200 737 "http://mail.onion.com/themes/default/screen.css" "Mozilla/5.0 (X11; Linux x86_64) AppleWebKit/537.36 (KHTML, like Gecko) Ubuntu Chromium/77.0.3865.90 HeadlessChrome/77.0.3865.90 Safari/537.36"
192.168.10.185 - - [01/Mar/2020:06:26:07 +0000] "GET /themes/default/graphics/alerts/success.png HTTP/1.1" 200 737 "http://mail.onion.com/themes/default/screen.css" "Mozilla/5.0 (X11; Linux x86_64) AppleWebKit/537.36 (KHTML, like Gecko) Ubuntu Chromium/77.0.3865.90 HeadlessChrome/77.0.3865.90 Safari/537.36"
::1 - - [01/Mar/2020:06:26:07 +0000] "OPTIONS * HTTP/1.0" 200 110 "-" "Apache/2.4.25 (Debian) OpenSSL/1.0.2u (internal dummy connection)"
192.168.10.185 - - [01/Mar/2020:06:26:08 +0000] "GET /themes/default/graphics/navi-arrow-active.png HTTP/1.1" 200 530 "http://mail.onion.com/themes/default/screen.css" "Mozilla/5.0 (X11; Linux x86_64) AppleWebKit/537.36 (KHTML, like Gecko) Ubuntu Chromium/77.0.3865.90 HeadlessChrome/77.0.3865.90 Safari/537.36"
192.168.10.185 - - [01/Mar/2020:06:26:08 +0000] "GET /themes/default/graphics/settings-active.png HTTP/1.1" 200 803 "http://mail.onion.com/themes/default/screen.css" "Mozilla/5.0 (X11; Linux x86_64) AppleWebKit/537.36 (KHTML, like Gecko) Ubuntu Chromium/77.0.3865.90 HeadlessChrome/77.0.3865.90 Safari/537.36"
192.168.10.185 - - [01/Mar/2020:06:26:08 +0000] "GET /themes/default/graphics/navi-subnavi.png HTTP/1.1" 200 475 "http://mail.onion.com/themes/default/screen.css" "Mozilla/5.0 (X11; Linux x86_64) AppleWebKit/537.36 (KHTML, like Gecko) Ubuntu Chromium/77.0.3865.90 HeadlessChrome/77.0.3865.90 Safari/537.36"
::1 - - [01/Mar/2020:06:26:08 +0000] "OPTIONS * HTTP/1.0" 200 110 "-" "Apache/2.4.25 (Debian) OpenSSL/1.0.2u (internal dummy connection)"
192.168.10.185 - - [01/Mar/2020:06:26:08 +0000] "POST /services/prefs.php HTTP/1.1" 200 4601 "http://mail.onion.com/services/prefs.php?app=horde&group=identities" "Mozilla/5.0 (X11; Linux x86_64) AppleWebKit/537.36 (KHTML, like Gecko) Ubuntu Chromium/77.0.3865.90 HeadlessChrome/77.0.3865.90 Safari/537.36"
192.168.10.185 - - [01/Mar/2020:06:26:09 +0000] "GET /themes/default/graphics/alerts/success.png HTTP/1.1" 200 737 "http://mail.onion.com/themes/default/screen.css" "Mozilla/5.0 (X11; Linux x86_64) AppleWebKit/537.36 (KHTML, like Gecko) Ubuntu Chromium/77.0.3865.90 HeadlessChrome/77.0.3865.90 Safari/537.36"
::1 - - [01/Mar/2020:06:26:09 +0000] "OPTIONS * HTTP/1.0" 200 110 "-" "Apache/2.4.25 (Debian) OpenSSL/1.0.2u (internal dummy connection)"
192.168.10.161 - - [01/Mar/2020:06:26:10 +0000] "GET /services/prefs.php?app=horde HTTP/1.1" 200 3786 "http://mail.onion.com/services/prefs.php" "Mozilla/5.0 (X11; Linux x86_64) AppleWebKit/537.36 (KHTML, like Gecko) Ubuntu Chromium/77.0.3865.90 HeadlessChrome/77.0.3865.90 Safari/537.36"
::1 - - [01/Mar/2020:06:26:10 +0000] "OPTIONS * HTTP/1.0" 200 110 "-" "Apache/2.4.25 (Debian) OpenSSL/1.0.2u (internal dummy connection)"
192.168.10.185 - - [01/Mar/2020:06:26:10 +0000] "POST /services/prefs.php HTTP/1.1" 200 4750 "http://mail.onion.com/services/prefs.php?app=horde&group=identities" "Mozilla/5.0 (X11; Linux x86_64) AppleWebKit/537.36 (KHTML, like Gecko) Ubuntu Chromium/77.0.3865.90 HeadlessChrome/77.0.3865.90 Safari/537.36"
192.168.10.185 - - [01/Mar/2020:06:26:10 +0000] "GET /themes/default/graphics/alerts/success.png HTTP/1.1" 200 737 "http://mail.onion.com/themes/default/screen.css" "Mozilla/5.0 (X11; Linux x86_64) AppleWebKit/537.36 (KHTML, like Gecko) Ubuntu Chromium/77.0.3865.90 HeadlessChrome/77.0.3865.90 Safari/537.36"
::1 - - [01/Mar/2020:06:26:11 +0000] "OPTIONS * HTTP/1.0" 200 110 "-" "Apache/2.4.25 (Debian) OpenSSL/1.0.2u (internal dummy connection)"
192.168.10.185 - - [01/Mar/2020:06:26:11 +0000] "GET /services/prefs.php?app=horde HTTP/1.1" 200 3654 "http://mail.onion.com/services/prefs.php" "Mozilla/5.0 (X11; Linux x86_64) AppleWebKit/537.36 (KHTML, like Gecko) Ubuntu Chromium/77.0.3865.90 HeadlessChrome/77.0.3865.90 Safari/537.36"
192.168.10.185 - - [01/Mar/2020:06:26:11 +0000] "GET /themes/default/graphics/navi-subnavi-active.png HTTP/1.1" 200 549 "http://mail.onion.com/themes/default/screen.css" "Mozilla/5.0 (X11; Linux x86_64) AppleWebKit/537.36 (KHTML, like Gecko) Ubuntu Chromium/77.0.3865.90 HeadlessChrome/77.0.3865.90 Safari/537.36"
192.168.10.185 - - [01/Mar/2020:06:26:11 +0000] "GET /services/prefs.php?app=horde HTTP/1.1" 200 3653 "http://mail.onion.com/services/portal/" "Mozilla/5.0 (X11; Linux x86_64) AppleWebKit/537.36 (KHTML, like Gecko) Ubuntu Chromium/77.0.3865.90 HeadlessChrome/77.0.3865.90 Safari/537.36"
192.168.10.185 - - [01/Mar/2020:06:26:11 +0000] "GET /js/prefs.js?v=dc442439853f80a9467ce727c08e9b0e HTTP/1.1" 200 570 "http://mail.onion.com/services/prefs.php?app=horde" "Mozilla/5.0 (X11; Linux x86_64) AppleWebKit/537.36 (KHTML, like Gecko) Ubuntu Chromium/77.0.3865.90 HeadlessChrome/77.0.3865.90 Safari/537.36"
::1 - - [01/Mar/2020:06:26:12 +0000] "OPTIONS * HTTP/1.0" 200 110 "-" "Apache/2.4.25 (Debian) OpenSSL/1.0.2u (internal dummy connection)"
::1 - - [01/Mar/2020:06:26:13 +0000] "OPTIONS * HTTP/1.0" 200 110 "-" "Apache/2.4.25 (Debian) OpenSSL/1.0.2u (internal dummy connection)"
192.168.10.185 - - [01/Mar/2020:06:26:13 +0000] "GET /services/prefs.php?app=horde&group=identities HTTP/1.1" 200 4710 "http://mail.onion.com/services/prefs.php?app=horde" "Mozilla/5.0 (X11; Linux x86_64) AppleWebKit/537.36 (KHTML, like Gecko) Ubuntu Chromium/77.0.3865.90 HeadlessChrome/77.0.3865.90 Safari/537.36"
192.168.10.185 - - [01/Mar/2020:06:26:13 +0000] "GET /js/identityselect.js?v=dc442439853f80a9467ce727c08e9b0e HTTP/1.1" 200 794 "http://mail.onion.com/services/prefs.php?app=horde&group=identities" "Mozilla/5.0 (X11; Linux x86_64) AppleWebKit/537.36 (KHTML, like Gecko) Ubuntu Chromium/77.0.3865.90 HeadlessChrome/77.0.3865.90 Safari/537.36"
192.168.10.185 - - [01/Mar/2020:06:26:13 +0000] "GET /themes/default/graphics/button-delete.png HTTP/1.1" 200 384 "http://mail.onion.com/themes/default/screen.css" "Mozilla/5.0 (X11; Linux x86_64) AppleWebKit/537.36 (KHTML, like Gecko) Ubuntu Chromium/77.0.3865.90 HeadlessChrome/77.0.3865.90 Safari/537.36"
192.168.10.161 - - [01/Mar/2020:06:26:13 +0000] "GET /services/prefs.php?app=imp HTTP/1.1" 200 4161 "http://mail.onion.com/services/prefs.php?app=horde" "Mozilla/5.0 (X11; Linux x86_64) AppleWebKit/537.36 (KHTML, like Gecko) Ubuntu Chromium/77.0.3865.90 HeadlessChrome/77.0.3865.90 Safari/537.36"
192.168.10.161 - - [01/Mar/2020:06:26:13 +0000] "GET /imp/themes/default/basic/screen.css HTTP/1.1" 200 1955 "http://mail.onion.com/services/prefs.php?app=imp" "Mozilla/5.0 (X11; Linux x86_64) AppleWebKit/537.36 (KHTML, like Gecko) Ubuntu Chromium/77.0.3865.90 HeadlessChrome/77.0.3865.90 Safari/537.36"
192.168.10.161 - - [01/Mar/2020:06:26:13 +0000] "GET /imp/themes/default/screen.css HTTP/1.1" 200 3272 "http://mail.onion.com/services/prefs.php?app=imp" "Mozilla/5.0 (X11; Linux x86_64) AppleWebKit/537.36 (KHTML, like Gecko) Ubuntu Chromium/77.0.3865.90 HeadlessChrome/77.0.3865.90 Safari/537.36"
192.168.10.161 - - [01/Mar/2020:06:26:13 +0000] "GET /themes/default/graphics/navi-left-active.png HTTP/1.1" 200 446 "http://mail.onion.com/themes/default/screen.css" "Mozilla/5.0 (X11; Linux x86_64) AppleWebKit/537.36 (KHTML, like Gecko) Ubuntu Chromium/77.0.3865.90 HeadlessChrome/77.0.3865.90 Safari/537.36"
192.168.10.161 - - [01/Mar/2020:06:26:13 +0000] "GET /themes/default/graphics/navi-right-active.png HTTP/1.1" 200 429 "http://mail.onion.com/themes/default/screen.css" "Mozilla/5.0 (X11; Linux x86_64) AppleWebKit/537.36 (KHTML, like Gecko) Ubuntu Chromium/77.0.3865.90 HeadlessChrome/77.0.3865.90 Safari/537.36"
192.168.10.161 - - [01/Mar/2020:06:26:13 +0000] "GET /themes/default/graphics/navi-center-active.png HTTP/1.1" 200 370 "http://mail.onion.com/themes/default/screen.css" "Mozilla/5.0 (X11; Linux x86_64) AppleWebKit/537.36 (KHTML, like Gecko) Ubuntu Chromium/77.0.3865.90 HeadlessChrome/77.0.3865.90 Safari/537.36"
192.168.10.185 - - [01/Mar/2020:06:26:13 +0000] "GET /services/prefs.php?app=horde HTTP/1.1" 200 3654 "http://mail.onion.com/services/prefs.php" "Mozilla/5.0 (X11; Linux x86_64) AppleWebKit/537.36 (KHTML, like Gecko) Ubuntu Chromium/77.0.3865.90 HeadlessChrome/77.0.3865.90 Safari/537.36"
192.168.10.185 - - [01/Mar/2020:06:26:14 +0000] "GET /themes/default/graphics/navi-subnavi-active.png HTTP/1.1" 200 550 "http://mail.onion.com/themes/default/screen.css" "Mozilla/5.0 (X11; Linux x86_64) AppleWebKit/537.36 (KHTML, like Gecko) Ubuntu Chromium/77.0.3865.90 HeadlessChrome/77.0.3865.90 Safari/537.36"
192.168.10.185 - - [01/Mar/2020:06:26:14 +0000] "GET /services/prefs.php?app=horde HTTP/1.1" 200 3651 "http://mail.onion.com/services/portal/" "Mozilla/5.0 (X11; Linux x86_64) AppleWebKit/537.36 (KHTML, like Gecko) Ubuntu Chromium/77.0.3865.90 HeadlessChrome/77.0.3865.90 Safari/537.36"
192.168.10.185 - - [01/Mar/2020:06:26:14 +0000] "GET /js/prefs.js?v=dc442439853f80a9467ce727c08e9b0e HTTP/1.1" 200 570 "http://mail.onion.com/services/prefs.php?app=horde" "Mozilla/5.0 (X11; Linux x86_64) AppleWebKit/537.36 (KHTML, like Gecko) Ubuntu Chromium/77.0.3865.90 HeadlessChrome/77.0.3865.90 Safari/537.36"
::1 - - [01/Mar/2020:06:26:14 +0000] "OPTIONS * HTTP/1.0" 200 110 "-" "Apache/2.4.25 (Debian) OpenSSL/1.0.2u (internal dummy connection)"
192.168.10.185 - - [01/Mar/2020:06:26:14 +0000] "GET /services/prefs.php?app=horde&group=identities HTTP/1.1" 200 4560 "http://mail.onion.com/services/prefs.php?app=horde" "Mozilla/5.0 (X11; Linux x86_64) AppleWebKit/537.36 (KHTML, like Gecko) Ubuntu Chromium/77.0.3865.90 HeadlessChrome/77.0.3865.90 Safari/537.36"
192.168.10.185 - - [01/Mar/2020:06:26:15 +0000] "GET /js/identityselect.js?v=dc442439853f80a9467ce727c08e9b0e HTTP/1.1" 200 794 "http://mail.onion.com/services/prefs.php?app=horde&group=identities" "Mozilla/5.0 (X11; Linux x86_64) AppleWebKit/537.36 (KHTML, like Gecko) Ubuntu Chromium/77.0.3865.90 HeadlessChrome/77.0.3865.90 Safari/537.36"
192.168.10.185 - - [01/Mar/2020:06:26:15 +0000] "GET /themes/default/graphics/button-delete.png HTTP/1.1" 200 384 "http://mail.onion.com/themes/default/screen.css" "Mozilla/5.0 (X11; Linux x86_64) AppleWebKit/537.36 (KHTML, like Gecko) Ubuntu Chromium/77.0.3865.90 HeadlessChrome/77.0.3865.90 Safari/537.36"
192.168.10.185 - - [01/Mar/2020:06:26:14 +0000] "POST /services/prefs.php HTTP/1.1" 200 4607 "http://mail.onion.com/services/prefs.php?app=horde&group=identities" "Mozilla/5.0 (X11; Linux x86_64) AppleWebKit/537.36 (KHTML, like Gecko) Ubuntu Chromium/77.0.3865.90 HeadlessChrome/77.0.3865.90 Safari/537.36"
::1 - - [01/Mar/2020:06:26:15 +0000] "OPTIONS * HTTP/1.0" 200 110 "-" "Apache/2.4.25 (Debian) OpenSSL/1.0.2u (internal dummy connection)"
192.168.10.185 - - [01/Mar/2020:06:26:15 +0000] "GET /services/prefs.php?app=horde HTTP/1.1" 200 3653 "http://mail.onion.com/services/prefs.php" "Mozilla/5.0 (X11; Linux x86_64) AppleWebKit/537.36 (KHTML, like Gecko) Ubuntu Chromium/77.0.3865.90 HeadlessChrome/77.0.3865.90 Safari/537.36"
192.168.10.185 - - [01/Mar/2020:06:26:15 +0000] "GET /themes/default/graphics/alerts/success.png HTTP/1.1" 200 737 "http://mail.onion.com/themes/default/screen.css" "Mozilla/5.0 (X11; Linux x86_64) AppleWebKit/537.36 (KHTML, like Gecko) Ubuntu Chromium/77.0.3865.90 HeadlessChrome/77.0.3865.90 Safari/537.36"
192.168.10.185 - - [01/Mar/2020:06:26:15 +0000] "GET /services/prefs.php?app=horde HTTP/1.1" 200 3657 "http://mail.onion.com/services/prefs.php" "Mozilla/5.0 (X11; Linux x86_64) AppleWebKit/537.36 (KHTML, like Gecko) Ubuntu Chromium/77.0.3865.90 HeadlessChrome/77.0.3865.90 Safari/537.36"
::1 - - [01/Mar/2020:06:26:16 +0000] "OPTIONS * HTTP/1.0" 200 110 "-" "Apache/2.4.25 (Debian) OpenSSL/1.0.2u (internal dummy connection)"
192.168.10.185 - - [01/Mar/2020:06:26:16 +0000] "GET /services/prefs.php?app=imp HTTP/1.1" 200 4027 "http://mail.onion.com/services/prefs.php?app=horde" "Mozilla/5.0 (X11; Linux x86_64) AppleWebKit/537.36 (KHTML, like Gecko) Ubuntu Chromium/77.0.3865.90 HeadlessChrome/77.0.3865.90 Safari/537.36"
192.168.10.185 - - [01/Mar/2020:06:26:16 +0000] "GET /imp/themes/default/basic/screen.css HTTP/1.1" 200 1955 "http://mail.onion.com/services/prefs.php?app=imp" "Mozilla/5.0 (X11; Linux x86_64) AppleWebKit/537.36 (KHTML, like Gecko) Ubuntu Chromium/77.0.3865.90 HeadlessChrome/77.0.3865.90 Safari/537.36"
192.168.10.185 - - [01/Mar/2020:06:26:16 +0000] "GET /imp/themes/default/screen.css HTTP/1.1" 200 3272 "http://mail.onion.com/services/prefs.php?app=imp" "Mozilla/5.0 (X11; Linux x86_64) AppleWebKit/537.36 (KHTML, like Gecko) Ubuntu Chromium/77.0.3865.90 HeadlessChrome/77.0.3865.90 Safari/537.36"
192.168.10.185 - - [01/Mar/2020:06:26:16 +0000] "GET /themes/default/graphics/navi-center-active.png HTTP/1.1" 200 370 "http://mail.onion.com/themes/default/screen.css" "Mozilla/5.0 (X11; Linux x86_64) AppleWebKit/537.36 (KHTML, like Gecko) Ubuntu Chromium/77.0.3865.90 HeadlessChrome/77.0.3865.90 Safari/537.36"
192.168.10.185 - - [01/Mar/2020:06:26:16 +0000] "GET /themes/default/graphics/navi-left-active.png HTTP/1.1" 200 446 "http://mail.onion.com/themes/default/screen.css" "Mozilla/5.0 (X11; Linux x86_64) AppleWebKit/537.36 (KHTML, like Gecko) Ubuntu Chromium/77.0.3865.90 HeadlessChrome/77.0.3865.90 Safari/537.36"
192.168.10.185 - - [01/Mar/2020:06:26:16 +0000] "GET /themes/default/graphics/navi-right-active.png HTTP/1.1" 200 428 "http://mail.onion.com/themes/default/screen.css" "Mozilla/5.0 (X11; Linux x86_64) AppleWebKit/537.36 (KHTML, like Gecko) Ubuntu Chromium/77.0.3865.90 HeadlessChrome/77.0.3865.90 Safari/537.36"
192.168.10.161 - - [01/Mar/2020:06:26:16 +0000] "GET /services/prefs.php?app=imp&group=delmove HTTP/1.1" 200 4537 "http://mail.onion.com/services/prefs.php?app=imp" "Mozilla/5.0 (X11; Linux x86_64) AppleWebKit/537.36 (KHTML, like Gecko) Ubuntu Chromium/77.0.3865.90 HeadlessChrome/77.0.3865.90 Safari/537.36"
::1 - - [01/Mar/2020:06:26:17 +0000] "OPTIONS * HTTP/1.0" 200 110 "-" "Apache/2.4.25 (Debian) OpenSSL/1.0.2u (internal dummy connection)"
192.168.10.185 - - [01/Mar/2020:06:26:17 +0000] "GET /services/prefs.php?app=horde HTTP/1.1" 200 3652 "http://mail.onion.com/services/prefs.php" "Mozilla/5.0 (X11; Linux x86_64) AppleWebKit/537.36 (KHTML, like Gecko) Ubuntu Chromium/77.0.3865.90 HeadlessChrome/77.0.3865.90 Safari/537.36"
192.168.10.185 - - [01/Mar/2020:06:26:17 +0000] "GET /services/prefs.php?app=horde HTTP/1.1" 200 3790 "http://mail.onion.com/services/prefs.php" "Mozilla/5.0 (X11; Linux x86_64) AppleWebKit/537.36 (KHTML, like Gecko) Ubuntu Chromium/77.0.3865.90 HeadlessChrome/77.0.3865.90 Safari/537.36"
::1 - - [01/Mar/2020:06:26:18 +0000] "OPTIONS * HTTP/1.0" 200 110 "-" "Apache/2.4.25 (Debian) OpenSSL/1.0.2u (internal dummy connection)"
192.168.10.185 - - [01/Mar/2020:06:26:18 +0000] "GET /services/prefs.php?app=imp HTTP/1.1" 200 4026 "http://mail.onion.com/services/prefs.php?app=horde" "Mozilla/5.0 (X11; Linux x86_64) AppleWebKit/537.36 (KHTML, like Gecko) Ubuntu Chromium/77.0.3865.90 HeadlessChrome/77.0.3865.90 Safari/537.36"
192.168.10.185 - - [01/Mar/2020:06:26:18 +0000] "GET /imp/themes/default/basic/screen.css HTTP/1.1" 200 1955 "http://mail.onion.com/services/prefs.php?app=imp" "Mozilla/5.0 (X11; Linux x86_64) AppleWebKit/537.36 (KHTML, like Gecko) Ubuntu Chromium/77.0.3865.90 HeadlessChrome/77.0.3865.90 Safari/537.36"
192.168.10.185 - - [01/Mar/2020:06:26:18 +0000] "GET /imp/themes/default/screen.css HTTP/1.1" 200 3272 "http://mail.onion.com/services/prefs.php?app=imp" "Mozilla/5.0 (X11; Linux x86_64) AppleWebKit/537.36 (KHTML, like Gecko) Ubuntu Chromium/77.0.3865.90 HeadlessChrome/77.0.3865.90 Safari/537.36"
192.168.10.185 - - [01/Mar/2020:06:26:18 +0000] "POST /services/prefs.php HTTP/1.1" 200 4754 "http://mail.onion.com/services/prefs.php?app=horde&group=identities" "Mozilla/5.0 (X11; Linux x86_64) AppleWebKit/537.36 (KHTML, like Gecko) Ubuntu Chromium/77.0.3865.90 HeadlessChrome/77.0.3865.90 Safari/537.36"
192.168.10.185 - - [01/Mar/2020:06:26:18 +0000] "GET /themes/default/graphics/navi-left-active.png HTTP/1.1" 200 446 "http://mail.onion.com/themes/default/screen.css" "Mozilla/5.0 (X11; Linux x86_64) AppleWebKit/537.36 (KHTML, like Gecko) Ubuntu Chromium/77.0.3865.90 HeadlessChrome/77.0.3865.90 Safari/537.36"
192.168.10.185 - - [01/Mar/2020:06:26:18 +0000] "GET /themes/default/graphics/navi-center-active.png HTTP/1.1" 200 370 "http://mail.onion.com/themes/default/screen.css" "Mozilla/5.0 (X11; Linux x86_64) AppleWebKit/537.36 (KHTML, like Gecko) Ubuntu Chromium/77.0.3865.90 HeadlessChrome/77.0.3865.90 Safari/537.36"
192.168.10.185 - - [01/Mar/2020:06:26:18 +0000] "GET /themes/default/graphics/navi-right-active.png HTTP/1.1" 200 428 "http://mail.onion.com/themes/default/screen.css" "Mozilla/5.0 (X11; Linux x86_64) AppleWebKit/537.36 (KHTML, like Gecko) Ubuntu Chromium/77.0.3865.90 HeadlessChrome/77.0.3865.90 Safari/537.36"
192.168.10.185 - - [01/Mar/2020:06:26:19 +0000] "GET /themes/default/graphics/alerts/success.png HTTP/1.1" 200 737 "http://mail.onion.com/themes/default/screen.css" "Mozilla/5.0 (X11; Linux x86_64) AppleWebKit/537.36 (KHTML, like Gecko) Ubuntu Chromium/77.0.3865.90 HeadlessChrome/77.0.3865.90 Safari/537.36"
192.168.10.185 - - [01/Mar/2020:06:26:19 +0000] "GET /services/prefs.php?app=imp HTTP/1.1" 200 4026 "http://mail.onion.com/services/prefs.php?app=horde" "Mozilla/5.0 (X11; Linux x86_64) AppleWebKit/537.36 (KHTML, like Gecko) Ubuntu Chromium/77.0.3865.90 HeadlessChrome/77.0.3865.90 Safari/537.36"
192.168.10.185 - - [01/Mar/2020:06:26:19 +0000] "GET /services/prefs.php?app=horde&group=identities HTTP/1.1" 200 4558 "http://mail.onion.com/services/prefs.php?app=horde" "Mozilla/5.0 (X11; Linux x86_64) AppleWebKit/537.36 (KHTML, like Gecko) Ubuntu Chromium/77.0.3865.90 HeadlessChrome/77.0.3865.90 Safari/537.36"
192.168.10.185 - - [01/Mar/2020:06:26:19 +0000] "GET /imp/themes/default/screen.css HTTP/1.1" 200 3272 "http://mail.onion.com/services/prefs.php?app=imp" "Mozilla/5.0 (X11; Linux x86_64) AppleWebKit/537.36 (KHTML, like Gecko) Ubuntu Chromium/77.0.3865.90 HeadlessChrome/77.0.3865.90 Safari/537.36"
::1 - - [01/Mar/2020:06:26:19 +0000] "OPTIONS * HTTP/1.0" 200 110 "-" "Apache/2.4.25 (Debian) OpenSSL/1.0.2u (internal dummy connection)"
192.168.10.185 - - [01/Mar/2020:06:26:19 +0000] "GET /imp/themes/default/basic/screen.css HTTP/1.1" 200 1955 "http://mail.onion.com/services/prefs.php?app=imp" "Mozilla/5.0 (X11; Linux x86_64) AppleWebKit/537.36 (KHTML, like Gecko) Ubuntu Chromium/77.0.3865.90 HeadlessChrome/77.0.3865.90 Safari/537.36"
192.168.10.185 - - [01/Mar/2020:06:26:19 +0000] "GET /js/identityselect.js?v=dc442439853f80a9467ce727c08e9b0e HTTP/1.1" 200 794 "http://mail.onion.com/services/prefs.php?app=horde&group=identities" "Mozilla/5.0 (X11; Linux x86_64) AppleWebKit/537.36 (KHTML, like Gecko) Ubuntu Chromium/77.0.3865.90 HeadlessChrome/77.0.3865.90 Safari/537.36"
192.168.10.185 - - [01/Mar/2020:06:26:19 +0000] "GET /themes/default/graphics/button-delete.png HTTP/1.1" 200 384 "http://mail.onion.com/themes/default/screen.css" "Mozilla/5.0 (X11; Linux x86_64) AppleWebKit/537.36 (KHTML, like Gecko) Ubuntu Chromium/77.0.3865.90 HeadlessChrome/77.0.3865.90 Safari/537.36"
192.168.10.185 - - [01/Mar/2020:06:26:19 +0000] "GET /themes/default/graphics/navi-left-active.png HTTP/1.1" 200 446 "http://mail.onion.com/themes/default/screen.css" "Mozilla/5.0 (X11; Linux x86_64) AppleWebKit/537.36 (KHTML, like Gecko) Ubuntu Chromium/77.0.3865.90 HeadlessChrome/77.0.3865.90 Safari/537.36"
192.168.10.185 - - [01/Mar/2020:06:26:19 +0000] "GET /themes/default/graphics/navi-center-active.png HTTP/1.1" 200 370 "http://mail.onion.com/themes/default/screen.css" "Mozilla/5.0 (X11; Linux x86_64) AppleWebKit/537.36 (KHTML, like Gecko) Ubuntu Chromium/77.0.3865.90 HeadlessChrome/77.0.3865.90 Safari/537.36"
192.168.10.185 - - [01/Mar/2020:06:26:19 +0000] "GET /themes/default/graphics/navi-right-active.png HTTP/1.1" 200 428 "http://mail.onion.com/themes/default/screen.css" "Mozilla/5.0 (X11; Linux x86_64) AppleWebKit/537.36 (KHTML, like Gecko) Ubuntu Chromium/77.0.3865.90 HeadlessChrome/77.0.3865.90 Safari/537.36"
192.168.10.185 - - [01/Mar/2020:06:26:19 +0000] "GET /services/prefs.php?app=imp HTTP/1.1" 200 4024 "http://mail.onion.com/services/prefs.php?app=horde" "Mozilla/5.0 (X11; Linux x86_64) AppleWebKit/537.36 (KHTML, like Gecko) Ubuntu Chromium/77.0.3865.90 HeadlessChrome/77.0.3865.90 Safari/537.36"
192.168.10.185 - - [01/Mar/2020:06:26:20 +0000] "GET /imp/themes/default/basic/screen.css HTTP/1.1" 200 1955 "http://mail.onion.com/services/prefs.php?app=imp" "Mozilla/5.0 (X11; Linux x86_64) AppleWebKit/537.36 (KHTML, like Gecko) Ubuntu Chromium/77.0.3865.90 HeadlessChrome/77.0.3865.90 Safari/537.36"
192.168.10.185 - - [01/Mar/2020:06:26:20 +0000] "GET /imp/themes/default/screen.css HTTP/1.1" 200 3272 "http://mail.onion.com/services/prefs.php?app=imp" "Mozilla/5.0 (X11; Linux x86_64) AppleWebKit/537.36 (KHTML, like Gecko) Ubuntu Chromium/77.0.3865.90 HeadlessChrome/77.0.3865.90 Safari/537.36"
192.168.10.185 - - [01/Mar/2020:06:26:20 +0000] "GET /themes/default/graphics/navi-center-active.png HTTP/1.1" 200 370 "http://mail.onion.com/themes/default/screen.css" "Mozilla/5.0 (X11; Linux x86_64) AppleWebKit/537.36 (KHTML, like Gecko) Ubuntu Chromium/77.0.3865.90 HeadlessChrome/77.0.3865.90 Safari/537.36"
192.168.10.185 - - [01/Mar/2020:06:26:20 +0000] "GET /themes/default/graphics/navi-left-active.png HTTP/1.1" 200 446 "http://mail.onion.com/themes/default/screen.css" "Mozilla/5.0 (X11; Linux x86_64) AppleWebKit/537.36 (KHTML, like Gecko) Ubuntu Chromium/77.0.3865.90 HeadlessChrome/77.0.3865.90 Safari/537.36"
192.168.10.185 - - [01/Mar/2020:06:26:20 +0000] "GET /themes/default/graphics/navi-right-active.png HTTP/1.1" 200 429 "http://mail.onion.com/themes/default/screen.css" "Mozilla/5.0 (X11; Linux x86_64) AppleWebKit/537.36 (KHTML, like Gecko) Ubuntu Chromium/77.0.3865.90 HeadlessChrome/77.0.3865.90 Safari/537.36"
::1 - - [01/Mar/2020:06:26:20 +0000] "OPTIONS * HTTP/1.0" 200 110 "-" "Apache/2.4.25 (Debian) OpenSSL/1.0.2u (internal dummy connection)"
192.168.10.185 - - [01/Mar/2020:06:26:20 +0000] "POST /services/prefs.php HTTP/1.1" 200 4601 "http://mail.onion.com/services/prefs.php?app=horde&group=identities" "Mozilla/5.0 (X11; Linux x86_64) AppleWebKit/537.36 (KHTML, like Gecko) Ubuntu Chromium/77.0.3865.90 HeadlessChrome/77.0.3865.90 Safari/537.36"
192.168.10.185 - - [01/Mar/2020:06:26:20 +0000] "GET /themes/default/graphics/alerts/success.png HTTP/1.1" 200 737 "http://mail.onion.com/themes/default/screen.css" "Mozilla/5.0 (X11; Linux x86_64) AppleWebKit/537.36 (KHTML, like Gecko) Ubuntu Chromium/77.0.3865.90 HeadlessChrome/77.0.3865.90 Safari/537.36"
192.168.10.185 - - [01/Mar/2020:06:26:20 +0000] "GET /services/prefs.php?app=imp&group=delmove HTTP/1.1" 200 4399 "http://mail.onion.com/services/prefs.php?app=imp" "Mozilla/5.0 (X11; Linux x86_64) AppleWebKit/537.36 (KHTML, like Gecko) Ubuntu Chromium/77.0.3865.90 HeadlessChrome/77.0.3865.90 Safari/537.36"
::1 - - [01/Mar/2020:06:26:21 +0000] "OPTIONS * HTTP/1.0" 200 110 "-" "Apache/2.4.25 (Debian) OpenSSL/1.0.2u (internal dummy connection)"
192.168.10.185 - - [01/Mar/2020:06:26:21 +0000] "GET /services/prefs.php?app=imp HTTP/1.1" 200 4024 "http://mail.onion.com/services/prefs.php?app=horde" "Mozilla/5.0 (X11; Linux x86_64) AppleWebKit/537.36 (KHTML, like Gecko) Ubuntu Chromium/77.0.3865.90 HeadlessChrome/77.0.3865.90 Safari/537.36"
192.168.10.185 - - [01/Mar/2020:06:26:21 +0000] "GET /imp/themes/default/basic/screen.css HTTP/1.1" 200 1955 "http://mail.onion.com/services/prefs.php?app=imp" "Mozilla/5.0 (X11; Linux x86_64) AppleWebKit/537.36 (KHTML, like Gecko) Ubuntu Chromium/77.0.3865.90 HeadlessChrome/77.0.3865.90 Safari/537.36"
192.168.10.185 - - [01/Mar/2020:06:26:21 +0000] "GET /imp/themes/default/screen.css HTTP/1.1" 200 3272 "http://mail.onion.com/services/prefs.php?app=imp" "Mozilla/5.0 (X11; Linux x86_64) AppleWebKit/537.36 (KHTML, like Gecko) Ubuntu Chromium/77.0.3865.90 HeadlessChrome/77.0.3865.90 Safari/537.36"
192.168.10.185 - - [01/Mar/2020:06:26:21 +0000] "GET /themes/default/graphics/navi-left-active.png HTTP/1.1" 200 446 "http://mail.onion.com/themes/default/screen.css" "Mozilla/5.0 (X11; Linux x86_64) AppleWebKit/537.36 (KHTML, like Gecko) Ubuntu Chromium/77.0.3865.90 HeadlessChrome/77.0.3865.90 Safari/537.36"
192.168.10.185 - - [01/Mar/2020:06:26:21 +0000] "GET /themes/default/graphics/navi-center-active.png HTTP/1.1" 200 370 "http://mail.onion.com/themes/default/screen.css" "Mozilla/5.0 (X11; Linux x86_64) AppleWebKit/537.36 (KHTML, like Gecko) Ubuntu Chromium/77.0.3865.90 HeadlessChrome/77.0.3865.90 Safari/537.36"
192.168.10.185 - - [01/Mar/2020:06:26:21 +0000] "GET /themes/default/graphics/navi-right-active.png HTTP/1.1" 200 429 "http://mail.onion.com/themes/default/screen.css" "Mozilla/5.0 (X11; Linux x86_64) AppleWebKit/537.36 (KHTML, like Gecko) Ubuntu Chromium/77.0.3865.90 HeadlessChrome/77.0.3865.90 Safari/537.36"
::1 - - [01/Mar/2020:06:26:22 +0000] "OPTIONS * HTTP/1.0" 200 110 "-" "Apache/2.4.25 (Debian) OpenSSL/1.0.2u (internal dummy connection)"
192.168.10.185 - - [01/Mar/2020:06:26:22 +0000] "GET /services/prefs.php?app=imp&group=delmove HTTP/1.1" 200 4399 "http://mail.onion.com/services/prefs.php?app=imp" "Mozilla/5.0 (X11; Linux x86_64) AppleWebKit/537.36 (KHTML, like Gecko) Ubuntu Chromium/77.0.3865.90 HeadlessChrome/77.0.3865.90 Safari/537.36"
::1 - - [01/Mar/2020:06:26:23 +0000] "OPTIONS * HTTP/1.0" 200 110 "-" "Apache/2.4.25 (Debian) OpenSSL/1.0.2u (internal dummy connection)"
192.168.10.185 - - [01/Mar/2020:06:26:23 +0000] "GET /services/prefs.php?app=imp HTTP/1.1" 200 4168 "http://mail.onion.com/services/prefs.php?app=horde" "Mozilla/5.0 (X11; Linux x86_64) AppleWebKit/537.36 (KHTML, like Gecko) Ubuntu Chromium/77.0.3865.90 HeadlessChrome/77.0.3865.90 Safari/537.36"
192.168.10.185 - - [01/Mar/2020:06:26:23 +0000] "GET /imp/themes/default/screen.css HTTP/1.1" 200 3272 "http://mail.onion.com/services/prefs.php?app=imp" "Mozilla/5.0 (X11; Linux x86_64) AppleWebKit/537.36 (KHTML, like Gecko) Ubuntu Chromium/77.0.3865.90 HeadlessChrome/77.0.3865.90 Safari/537.36"
192.168.10.185 - - [01/Mar/2020:06:26:23 +0000] "GET /imp/themes/default/basic/screen.css HTTP/1.1" 200 1955 "http://mail.onion.com/services/prefs.php?app=imp" "Mozilla/5.0 (X11; Linux x86_64) AppleWebKit/537.36 (KHTML, like Gecko) Ubuntu Chromium/77.0.3865.90 HeadlessChrome/77.0.3865.90 Safari/537.36"
192.168.10.185 - - [01/Mar/2020:06:26:23 +0000] "GET /themes/default/graphics/navi-center-active.png HTTP/1.1" 200 370 "http://mail.onion.com/themes/default/screen.css" "Mozilla/5.0 (X11; Linux x86_64) AppleWebKit/537.36 (KHTML, like Gecko) Ubuntu Chromium/77.0.3865.90 HeadlessChrome/77.0.3865.90 Safari/537.36"
192.168.10.185 - - [01/Mar/2020:06:26:23 +0000] "GET /themes/default/graphics/navi-left-active.png HTTP/1.1" 200 446 "http://mail.onion.com/themes/default/screen.css" "Mozilla/5.0 (X11; Linux x86_64) AppleWebKit/537.36 (KHTML, like Gecko) Ubuntu Chromium/77.0.3865.90 HeadlessChrome/77.0.3865.90 Safari/537.36"
192.168.10.185 - - [01/Mar/2020:06:26:23 +0000] "GET /themes/default/graphics/navi-right-active.png HTTP/1.1" 200 429 "http://mail.onion.com/themes/default/screen.css" "Mozilla/5.0 (X11; Linux x86_64) AppleWebKit/537.36 (KHTML, like Gecko) Ubuntu Chromium/77.0.3865.90 HeadlessChrome/77.0.3865.90 Safari/537.36"
192.168.10.185 - - [01/Mar/2020:06:26:23 +0000] "GET /services/prefs.php?app=imp&group=delmove HTTP/1.1" 200 4401 "http://mail.onion.com/services/prefs.php?app=imp" "Mozilla/5.0 (X11; Linux x86_64) AppleWebKit/537.36 (KHTML, like Gecko) Ubuntu Chromium/77.0.3865.90 HeadlessChrome/77.0.3865.90 Safari/537.36"
192.168.10.161 - - [01/Mar/2020:06:26:23 +0000] "POST /services/prefs.php HTTP/1.1" 200 5662 "http://mail.onion.com/services/prefs.php?app=imp&group=delmove" "Mozilla/5.0 (X11; Linux x86_64) AppleWebKit/537.36 (KHTML, like Gecko) Ubuntu Chromium/77.0.3865.90 HeadlessChrome/77.0.3865.90 Safari/537.36"
192.168.10.161 - - [01/Mar/2020:06:26:23 +0000] "GET /imp/js/folderprefs.js?v=29c8308baa6508a21e1be9e3345d1287 HTTP/1.1" 200 1185 "http://mail.onion.com/services/prefs.php" "Mozilla/5.0 (X11; Linux x86_64) AppleWebKit/537.36 (KHTML, like Gecko) Ubuntu Chromium/77.0.3865.90 HeadlessChrome/77.0.3865.90 Safari/537.36"
::1 - - [01/Mar/2020:06:26:24 +0000] "OPTIONS * HTTP/1.0" 200 110 "-" "Apache/2.4.25 (Debian) OpenSSL/1.0.2u (internal dummy connection)"
::1 - - [01/Mar/2020:06:26:25 +0000] "OPTIONS * HTTP/1.0" 200 110 "-" "Apache/2.4.25 (Debian) OpenSSL/1.0.2u (internal dummy connection)"
::1 - - [01/Mar/2020:06:26:26 +0000] "OPTIONS * HTTP/1.0" 200 110 "-" "Apache/2.4.25 (Debian) OpenSSL/1.0.2u (internal dummy connection)"
192.168.10.185 - - [01/Mar/2020:06:26:26 +0000] "GET /services/prefs.php?app=imp&group=delmove HTTP/1.1" 200 4401 "http://mail.onion.com/services/prefs.php?app=imp" "Mozilla/5.0 (X11; Linux x86_64) AppleWebKit/537.36 (KHTML, like Gecko) Ubuntu Chromium/77.0.3865.90 HeadlessChrome/77.0.3865.90 Safari/537.36"
192.168.10.185 - - [01/Mar/2020:06:26:26 +0000] "POST /services/prefs.php HTTP/1.1" 200 4600 "http://mail.onion.com/services/prefs.php?app=horde&group=identities" "Mozilla/5.0 (X11; Linux x86_64) AppleWebKit/537.36 (KHTML, like Gecko) Ubuntu Chromium/77.0.3865.90 HeadlessChrome/77.0.3865.90 Safari/537.36"
