192.168.10.81 - - [29/Feb/2020:00:00:02 +0000] "POST /services/prefs.php HTTP/1.1" 200 4753 "http://mail.spiral.com/services/prefs.php?app=horde&group=identities" "Mozilla/5.0 (X11; Ubuntu; Linux x86_64; rv:73.0) Gecko/20100101 Firefox/73.0"
192.168.10.81 - - [29/Feb/2020:00:00:02 +0000] "GET /themes/default/graphics/alerts/success.png HTTP/1.1" 200 737 "http://mail.spiral.com/themes/default/screen.css" "Mozilla/5.0 (X11; Ubuntu; Linux x86_64; rv:73.0) Gecko/20100101 Firefox/73.0"
192.168.10.130 - - [29/Feb/2020:00:00:03 +0000] "GET /nag/task.php?actionID=add_task HTTP/1.1" 200 8991 "http://mail.spiral.com/nag/" "Mozilla/5.0 (X11; Linux x86_64) AppleWebKit/537.36 (KHTML, like Gecko) Ubuntu Chromium/77.0.3865.90 HeadlessChrome/77.0.3865.90 Safari/537.36"
192.168.10.81 - - [29/Feb/2020:00:00:09 +0000] "GET /services/prefs.php?app=horde HTTP/1.1" 200 3794 "http://mail.spiral.com/services/prefs.php" "Mozilla/5.0 (X11; Ubuntu; Linux x86_64; rv:73.0) Gecko/20100101 Firefox/73.0"
192.168.10.81 - - [29/Feb/2020:00:00:11 +0000] "GET /services/prefs.php?app=imp HTTP/1.1" 200 4168 "http://mail.spiral.com/services/prefs.php?app=horde" "Mozilla/5.0 (X11; Ubuntu; Linux x86_64; rv:73.0) Gecko/20100101 Firefox/73.0"
192.168.10.81 - - [29/Feb/2020:00:00:12 +0000] "GET /imp/themes/default/screen.css HTTP/1.1" 200 3272 "http://mail.spiral.com/services/prefs.php?app=imp" "Mozilla/5.0 (X11; Ubuntu; Linux x86_64; rv:73.0) Gecko/20100101 Firefox/73.0"
192.168.10.81 - - [29/Feb/2020:00:00:12 +0000] "GET /imp/themes/default/basic/screen.css HTTP/1.1" 200 1955 "http://mail.spiral.com/services/prefs.php?app=imp" "Mozilla/5.0 (X11; Ubuntu; Linux x86_64; rv:73.0) Gecko/20100101 Firefox/73.0"
192.168.10.81 - - [29/Feb/2020:00:00:12 +0000] "GET /themes/default/graphics/navi-left-active.png HTTP/1.1" 200 446 "http://mail.spiral.com/themes/default/screen.css" "Mozilla/5.0 (X11; Ubuntu; Linux x86_64; rv:73.0) Gecko/20100101 Firefox/73.0"
192.168.10.81 - - [29/Feb/2020:00:00:12 +0000] "GET /themes/default/graphics/navi-center-active.png HTTP/1.1" 200 370 "http://mail.spiral.com/themes/default/screen.css" "Mozilla/5.0 (X11; Ubuntu; Linux x86_64; rv:73.0) Gecko/20100101 Firefox/73.0"
192.168.10.81 - - [29/Feb/2020:00:00:12 +0000] "GET /themes/default/graphics/navi-right-active.png HTTP/1.1" 200 429 "http://mail.spiral.com/themes/default/screen.css" "Mozilla/5.0 (X11; Ubuntu; Linux x86_64; rv:73.0) Gecko/20100101 Firefox/73.0"
192.168.10.81 - - [29/Feb/2020:00:00:12 +0000] "GET /imp/themes/default/graphics/favicon.ico HTTP/1.1" 200 2026 "-" "Mozilla/5.0 (X11; Ubuntu; Linux x86_64; rv:73.0) Gecko/20100101 Firefox/73.0"
192.168.10.130 - - [29/Feb/2020:00:00:16 +0000] "POST /services/ajax.php/horde/imple?token=kNRoyzspsLUkqfA8aZJfxcp&app=nag&imple=Nag_Ajax_Imple_TagAutoCompleter&input=tags HTTP/1.1" 200 371 "http://mail.spiral.com/nag/task.php?actionID=add_task" "Mozilla/5.0 (X11; Linux x86_64) AppleWebKit/537.36 (KHTML, like Gecko) Ubuntu Chromium/77.0.3865.90 HeadlessChrome/77.0.3865.90 Safari/537.36"
192.168.10.81 - - [29/Feb/2020:00:00:17 +0000] "GET /services/prefs.php?app=imp&group=delmove HTTP/1.1" 200 5689 "http://mail.spiral.com/services/prefs.php?app=imp" "Mozilla/5.0 (X11; Ubuntu; Linux x86_64; rv:73.0) Gecko/20100101 Firefox/73.0"
192.168.10.81 - - [29/Feb/2020:00:00:18 +0000] "GET /imp/js/folderprefs.js?v=29c8308baa6508a21e1be9e3345d1287 HTTP/1.1" 200 1185 "http://mail.spiral.com/services/prefs.php?app=imp&group=delmove" "Mozilla/5.0 (X11; Ubuntu; Linux x86_64; rv:73.0) Gecko/20100101 Firefox/73.0"
::1 - - [29/Feb/2020:00:00:24 +0000] "OPTIONS * HTTP/1.0" 200 110 "-" "Apache/2.4.25 (Debian) OpenSSL/1.0.2u (internal dummy connection)"
192.168.10.81 - - [29/Feb/2020:00:00:31 +0000] "POST /services/prefs.php HTTP/1.1" 200 5785 "http://mail.spiral.com/services/prefs.php?app=imp&group=delmove" "Mozilla/5.0 (X11; Ubuntu; Linux x86_64; rv:73.0) Gecko/20100101 Firefox/73.0"
192.168.10.81 - - [29/Feb/2020:00:00:37 +0000] "POST /services/prefs.php HTTP/1.1" 200 5785 "http://mail.spiral.com/services/prefs.php" "Mozilla/5.0 (X11; Ubuntu; Linux x86_64; rv:73.0) Gecko/20100101 Firefox/73.0"
192.168.10.130 - - [29/Feb/2020:00:00:42 +0000] "GET /mnemo/memo.php?memo=xGugmcpHiOSNHZkbtVVjAx7&memolist=zrRtpfxW0Ej7ISTKAw6mYJl&actionID=modify_memo HTTP/1.1" 200 6105 "http://mail.spiral.com/mnemo/" "Mozilla/5.0 (X11; Ubuntu; Linux x86_64; rv:73.0) Gecko/20100101 Firefox/73.0"
192.168.10.130 - - [29/Feb/2020:00:00:44 +0000] "POST /nag/task/save.php HTTP/1.1" 302 415 "http://mail.spiral.com/nag/task.php?actionID=add_task" "Mozilla/5.0 (X11; Linux x86_64) AppleWebKit/537.36 (KHTML, like Gecko) Ubuntu Chromium/77.0.3865.90 HeadlessChrome/77.0.3865.90 Safari/537.36"
192.168.10.130 - - [29/Feb/2020:00:00:44 +0000] "GET /nag/list.php HTTP/1.1" 200 8572 "http://mail.spiral.com/nag/task.php?actionID=add_task" "Mozilla/5.0 (X11; Linux x86_64) AppleWebKit/537.36 (KHTML, like Gecko) Ubuntu Chromium/77.0.3865.90 HeadlessChrome/77.0.3865.90 Safari/537.36"
192.168.10.130 - - [29/Feb/2020:00:00:45 +0000] "GET /mnemo/memo.php?memo=xGugmcpHiOSNHZkbtVVjAx7&memolist=zrRtpfxW0Ej7ISTKAw6mYJl&actionID=delete_memos HTTP/1.1" 302 416 "http://mail.spiral.com/mnemo/memo.php?memo=xGugmcpHiOSNHZkbtVVjAx7&memolist=zrRtpfxW0Ej7ISTKAw6mYJl&actionID=modify_memo" "Mozilla/5.0 (X11; Ubuntu; Linux x86_64; rv:73.0) Gecko/20100101 Firefox/73.0"
192.168.10.130 - - [29/Feb/2020:00:00:46 +0000] "GET /mnemo/list.php HTTP/1.1" 200 3809 "http://mail.spiral.com/mnemo/memo.php?memo=xGugmcpHiOSNHZkbtVVjAx7&memolist=zrRtpfxW0Ej7ISTKAw6mYJl&actionID=modify_memo" "Mozilla/5.0 (X11; Ubuntu; Linux x86_64; rv:73.0) Gecko/20100101 Firefox/73.0"
192.168.10.81 - - [29/Feb/2020:00:01:13 +0000] "GET /services/portal/ HTTP/1.1" 200 7986 "http://mail.spiral.com/services/prefs.php" "Mozilla/5.0 (X11; Ubuntu; Linux x86_64; rv:73.0) Gecko/20100101 Firefox/73.0"
192.168.10.81 - - [29/Feb/2020:00:01:16 +0000] "GET /imp/dynamic.php?page=mailbox HTTP/1.1" 200 8895 "http://mail.spiral.com/services/portal/" "Mozilla/5.0 (X11; Ubuntu; Linux x86_64; rv:73.0) Gecko/20100101 Firefox/73.0"
192.168.10.81 - - [29/Feb/2020:00:01:17 +0000] "GET /imp/themes/default/mime.css HTTP/1.1" 200 456 "http://mail.spiral.com/imp/dynamic.php?page=mailbox" "Mozilla/5.0 (X11; Ubuntu; Linux x86_64; rv:73.0) Gecko/20100101 Firefox/73.0"
192.168.10.81 - - [29/Feb/2020:00:01:17 +0000] "GET /imp/js/dimpcore.js?v=29c8308baa6508a21e1be9e3345d1287 HTTP/1.1" 200 4217 "http://mail.spiral.com/imp/dynamic.php?page=mailbox" "Mozilla/5.0 (X11; Ubuntu; Linux x86_64; rv:73.0) Gecko/20100101 Firefox/73.0"
192.168.10.81 - - [29/Feb/2020:00:01:17 +0000] "GET /imp/js/viewport_utils.js?v=29c8308baa6508a21e1be9e3345d1287 HTTP/1.1" 200 1067 "http://mail.spiral.com/imp/dynamic.php?page=mailbox" "Mozilla/5.0 (X11; Ubuntu; Linux x86_64; rv:73.0) Gecko/20100101 Firefox/73.0"
192.168.10.81 - - [29/Feb/2020:00:01:17 +0000] "GET /js/imple.js?v=dc442439853f80a9467ce727c08e9b0e HTTP/1.1" 200 948 "http://mail.spiral.com/imp/dynamic.php?page=mailbox" "Mozilla/5.0 (X11; Ubuntu; Linux x86_64; rv:73.0) Gecko/20100101 Firefox/73.0"
192.168.10.81 - - [29/Feb/2020:00:01:17 +0000] "GET /imp/js/passphrase.js?v=29c8308baa6508a21e1be9e3345d1287 HTTP/1.1" 200 823 "http://mail.spiral.com/imp/dynamic.php?page=mailbox" "Mozilla/5.0 (X11; Ubuntu; Linux x86_64; rv:73.0) Gecko/20100101 Firefox/73.0"
192.168.10.81 - - [29/Feb/2020:00:01:17 +0000] "GET /js/contextsensitive.js?v=dc442439853f80a9467ce727c08e9b0e HTTP/1.1" 200 4191 "http://mail.spiral.com/imp/dynamic.php?page=mailbox" "Mozilla/5.0 (X11; Ubuntu; Linux x86_64; rv:73.0) Gecko/20100101 Firefox/73.0"
192.168.10.81 - - [29/Feb/2020:00:01:17 +0000] "GET /js/form_ghost.js?v=dc442439853f80a9467ce727c08e9b0e HTTP/1.1" 200 1902 "http://mail.spiral.com/imp/dynamic.php?page=mailbox" "Mozilla/5.0 (X11; Ubuntu; Linux x86_64; rv:73.0) Gecko/20100101 Firefox/73.0"
192.168.10.81 - - [29/Feb/2020:00:01:17 +0000] "GET /imp/js/viewport.js?v=29c8308baa6508a21e1be9e3345d1287 HTTP/1.1" 200 13904 "http://mail.spiral.com/imp/dynamic.php?page=mailbox" "Mozilla/5.0 (X11; Ubuntu; Linux x86_64; rv:73.0) Gecko/20100101 Firefox/73.0"
192.168.10.81 - - [29/Feb/2020:00:01:17 +0000] "GET /js/slider2.js?v=dc442439853f80a9467ce727c08e9b0e HTTP/1.1" 200 2743 "http://mail.spiral.com/imp/dynamic.php?page=mailbox" "Mozilla/5.0 (X11; Ubuntu; Linux x86_64; rv:73.0) Gecko/20100101 Firefox/73.0"
192.168.10.81 - - [29/Feb/2020:00:01:17 +0000] "GET /js/toggle_quotes.js?v=dc442439853f80a9467ce727c08e9b0e HTTP/1.1" 200 835 "http://mail.spiral.com/imp/dynamic.php?page=mailbox" "Mozilla/5.0 (X11; Ubuntu; Linux x86_64; rv:73.0) Gecko/20100101 Firefox/73.0"
192.168.10.81 - - [29/Feb/2020:00:01:17 +0000] "GET /js/dialog.js?v=dc442439853f80a9467ce727c08e9b0e HTTP/1.1" 200 1650 "http://mail.spiral.com/imp/dynamic.php?page=mailbox" "Mozilla/5.0 (X11; Ubuntu; Linux x86_64; rv:73.0) Gecko/20100101 Firefox/73.0"
192.168.10.81 - - [29/Feb/2020:00:01:17 +0000] "GET /imp/js/external/tinycon.js?v=29c8308baa6508a21e1be9e3345d1287 HTTP/1.1" 200 3443 "http://mail.spiral.com/imp/dynamic.php?page=mailbox" "Mozilla/5.0 (X11; Ubuntu; Linux x86_64; rv:73.0) Gecko/20100101 Firefox/73.0"
192.168.10.81 - - [29/Feb/2020:00:01:17 +0000] "GET /js/jstorage.js?v=dc442439853f80a9467ce727c08e9b0e HTTP/1.1" 200 4530 "http://mail.spiral.com/imp/dynamic.php?page=mailbox" "Mozilla/5.0 (X11; Ubuntu; Linux x86_64; rv:73.0) Gecko/20100101 Firefox/73.0"
192.168.10.81 - - [29/Feb/2020:00:01:17 +0000] "GET /js/redbox.js?v=dc442439853f80a9467ce727c08e9b0e HTTP/1.1" 200 1610 "http://mail.spiral.com/imp/dynamic.php?page=mailbox" "Mozilla/5.0 (X11; Ubuntu; Linux x86_64; rv:73.0) Gecko/20100101 Firefox/73.0"
192.168.10.81 - - [29/Feb/2020:00:01:17 +0000] "GET /imp/js/imp.js?v=29c8308baa6508a21e1be9e3345d1287 HTTP/1.1" 200 2098 "http://mail.spiral.com/imp/dynamic.php?page=mailbox" "Mozilla/5.0 (X11; Ubuntu; Linux x86_64; rv:73.0) Gecko/20100101 Firefox/73.0"
192.168.10.81 - - [29/Feb/2020:00:01:17 +0000] "GET /js/dragdrop2.js?v=dc442439853f80a9467ce727c08e9b0e HTTP/1.1" 200 6262 "http://mail.spiral.com/imp/dynamic.php?page=mailbox" "Mozilla/5.0 (X11; Ubuntu; Linux x86_64; rv:73.0) Gecko/20100101 Firefox/73.0"
192.168.10.81 - - [29/Feb/2020:00:01:17 +0000] "GET /imp/js/external/base64.js?v=29c8308baa6508a21e1be9e3345d1287 HTTP/1.1" 200 2297 "http://mail.spiral.com/imp/dynamic.php?page=mailbox" "Mozilla/5.0 (X11; Ubuntu; Linux x86_64; rv:73.0) Gecko/20100101 Firefox/73.0"
192.168.10.81 - - [29/Feb/2020:00:01:17 +0000] "GET /js/colorpicker.js?v=dc442439853f80a9467ce727c08e9b0e HTTP/1.1" 200 3736 "http://mail.spiral.com/imp/dynamic.php?page=mailbox" "Mozilla/5.0 (X11; Ubuntu; Linux x86_64; rv:73.0) Gecko/20100101 Firefox/73.0"
192.168.10.81 - - [29/Feb/2020:00:01:17 +0000] "GET /js/sidebar.js?v=dc442439853f80a9467ce727c08e9b0e HTTP/1.1" 200 1077 "http://mail.spiral.com/imp/dynamic.php?page=mailbox" "Mozilla/5.0 (X11; Ubuntu; Linux x86_64; rv:73.0) Gecko/20100101 Firefox/73.0"
192.168.10.81 - - [29/Feb/2020:00:01:17 +0000] "GET /imp/themes/default/dynamic/screen.css HTTP/1.1" 200 5301 "http://mail.spiral.com/imp/dynamic.php?page=mailbox" "Mozilla/5.0 (X11; Ubuntu; Linux x86_64; rv:73.0) Gecko/20100101 Firefox/73.0"
192.168.10.81 - - [29/Feb/2020:00:01:17 +0000] "GET /imp/js/dimpbase.js?v=29c8308baa6508a21e1be9e3345d1287 HTTP/1.1" 200 30367 "http://mail.spiral.com/imp/dynamic.php?page=mailbox" "Mozilla/5.0 (X11; Ubuntu; Linux x86_64; rv:73.0) Gecko/20100101 Firefox/73.0"
192.168.10.81 - - [29/Feb/2020:00:01:17 +0000] "GET /themes/default/graphics/search-topbar.png HTTP/1.1" 200 631 "http://mail.spiral.com/imp/dynamic.php?page=mailbox" "Mozilla/5.0 (X11; Ubuntu; Linux x86_64; rv:73.0) Gecko/20100101 Firefox/73.0"
192.168.10.81 - - [29/Feb/2020:00:01:17 +0000] "GET /themes/default/graphics/popdown.png HTTP/1.1" 200 458 "http://mail.spiral.com/themes/default/screen.css" "Mozilla/5.0 (X11; Ubuntu; Linux x86_64; rv:73.0) Gecko/20100101 Firefox/73.0"
192.168.10.81 - - [29/Feb/2020:00:01:17 +0000] "GET /themes/default/graphics/slidevert-bg.png HTTP/1.1" 200 353 "http://mail.spiral.com/themes/default/screen.css" "Mozilla/5.0 (X11; Ubuntu; Linux x86_64; rv:73.0) Gecko/20100101 Firefox/73.0"
192.168.10.81 - - [29/Feb/2020:00:01:17 +0000] "GET /themes/default/graphics/slidevert.png HTTP/1.1" 200 398 "http://mail.spiral.com/themes/default/screen.css" "Mozilla/5.0 (X11; Ubuntu; Linux x86_64; rv:73.0) Gecko/20100101 Firefox/73.0"
192.168.10.81 - - [29/Feb/2020:00:01:17 +0000] "GET /themes/default/graphics/buttonbar-bg.png HTTP/1.1" 200 374 "http://mail.spiral.com/themes/default/screen.css" "Mozilla/5.0 (X11; Ubuntu; Linux x86_64; rv:73.0) Gecko/20100101 Firefox/73.0"
192.168.10.81 - - [29/Feb/2020:00:01:17 +0000] "GET /themes/default/graphics/button-split.png HTTP/1.1" 200 340 "http://mail.spiral.com/themes/default/screen.css" "Mozilla/5.0 (X11; Ubuntu; Linux x86_64; rv:73.0) Gecko/20100101 Firefox/73.0"
192.168.10.81 - - [29/Feb/2020:00:01:17 +0000] "GET /imp/themes/default/graphics/reload.png HTTP/1.1" 200 746 "http://mail.spiral.com/imp/themes/default/dynamic/screen.css" "Mozilla/5.0 (X11; Ubuntu; Linux x86_64; rv:73.0) Gecko/20100101 Firefox/73.0"
192.168.10.81 - - [29/Feb/2020:00:01:17 +0000] "GET /imp/themes/default/graphics/checkbox_off.png HTTP/1.1" 200 608 "http://mail.spiral.com/imp/themes/default/dynamic/screen.css" "Mozilla/5.0 (X11; Ubuntu; Linux x86_64; rv:73.0) Gecko/20100101 Firefox/73.0"
192.168.10.81 - - [29/Feb/2020:00:01:17 +0000] "GET /themes/default/graphics/tablehead-split.png HTTP/1.1" 200 355 "http://mail.spiral.com/themes/default/screen.css" "Mozilla/5.0 (X11; Ubuntu; Linux x86_64; rv:73.0) Gecko/20100101 Firefox/73.0"
192.168.10.81 - - [29/Feb/2020:00:01:17 +0000] "GET /themes/default/graphics/tablehead-bg.png HTTP/1.1" 200 340 "http://mail.spiral.com/themes/default/screen.css" "Mozilla/5.0 (X11; Ubuntu; Linux x86_64; rv:73.0) Gecko/20100101 Firefox/73.0"
192.168.10.81 - - [29/Feb/2020:00:01:17 +0000] "GET /themes/default/graphics/slidehoriz.png HTTP/1.1" 200 362 "http://mail.spiral.com/themes/default/screen.css" "Mozilla/5.0 (X11; Ubuntu; Linux x86_64; rv:73.0) Gecko/20100101 Firefox/73.0"
192.168.10.81 - - [29/Feb/2020:00:01:17 +0000] "GET /imp/themes/default/graphics/ico_message_off.png HTTP/1.1" 200 736 "http://mail.spiral.com/imp/themes/default/dynamic/screen.css" "Mozilla/5.0 (X11; Ubuntu; Linux x86_64; rv:73.0) Gecko/20100101 Firefox/73.0"
192.168.10.81 - - [29/Feb/2020:00:01:17 +0000] "GET /themes/default/graphics/slidehoriz-bg.png HTTP/1.1" 200 363 "http://mail.spiral.com/themes/default/screen.css" "Mozilla/5.0 (X11; Ubuntu; Linux x86_64; rv:73.0) Gecko/20100101 Firefox/73.0"
192.168.10.81 - - [29/Feb/2020:00:01:17 +0000] "GET /imp/themes/default/graphics/reload.gif HTTP/1.1" 200 13864 "http://mail.spiral.com/imp/themes/default/dynamic/screen.css" "Mozilla/5.0 (X11; Ubuntu; Linux x86_64; rv:73.0) Gecko/20100101 Firefox/73.0"
192.168.10.81 - - [29/Feb/2020:00:01:17 +0000] "POST /services/ajax.php/imp/dynamicInit HTTP/1.1" 200 1416 "http://mail.spiral.com/imp/dynamic.php?page=mailbox" "Mozilla/5.0 (X11; Ubuntu; Linux x86_64; rv:73.0) Gecko/20100101 Firefox/73.0"
192.168.10.81 - - [29/Feb/2020:00:01:17 +0000] "GET /imp/themes/default/graphics/flags/personal.png HTTP/1.1" 200 453 "http://mail.spiral.com/imp/themes/default/screen.css" "Mozilla/5.0 (X11; Ubuntu; Linux x86_64; rv:73.0) Gecko/20100101 Firefox/73.0"
192.168.10.81 - - [29/Feb/2020:00:01:17 +0000] "GET /imp/themes/default/graphics/flags/unseen.png HTTP/1.1" 200 473 "http://mail.spiral.com/imp/themes/default/screen.css" "Mozilla/5.0 (X11; Ubuntu; Linux x86_64; rv:73.0) Gecko/20100101 Firefox/73.0"
192.168.10.81 - - [29/Feb/2020:00:01:17 +0000] "GET /imp/themes/default/graphics/flags/answered.png HTTP/1.1" 200 399 "http://mail.spiral.com/imp/themes/default/screen.css" "Mozilla/5.0 (X11; Ubuntu; Linux x86_64; rv:73.0) Gecko/20100101 Firefox/73.0"
192.168.10.81 - - [29/Feb/2020:00:01:17 +0000] "GET /themes/default/graphics/za.png HTTP/1.1" 200 525 "http://mail.spiral.com/themes/default/screen.css" "Mozilla/5.0 (X11; Ubuntu; Linux x86_64; rv:73.0) Gecko/20100101 Firefox/73.0"
192.168.10.81 - - [29/Feb/2020:00:01:17 +0000] "GET /imp/themes/default/graphics/folders/inbox.png HTTP/1.1" 200 710 "http://mail.spiral.com/imp/themes/default/screen.css" "Mozilla/5.0 (X11; Ubuntu; Linux x86_64; rv:73.0) Gecko/20100101 Firefox/73.0"
192.168.10.81 - - [29/Feb/2020:00:01:17 +0000] "GET /themes/default/graphics/sidebar-active-bg.png HTTP/1.1" 200 380 "http://mail.spiral.com/themes/default/screen.css" "Mozilla/5.0 (X11; Ubuntu; Linux x86_64; rv:73.0) Gecko/20100101 Firefox/73.0"
192.168.10.81 - - [29/Feb/2020:00:01:17 +0000] "GET /imp/themes/default/graphics/folders/trash.png HTTP/1.1" 200 580 "http://mail.spiral.com/imp/themes/default/screen.css" "Mozilla/5.0 (X11; Ubuntu; Linux x86_64; rv:73.0) Gecko/20100101 Firefox/73.0"
192.168.10.81 - - [29/Feb/2020:00:01:17 +0000] "GET /imp/themes/default/graphics/folders/sent.png HTTP/1.1" 200 692 "http://mail.spiral.com/imp/themes/default/screen.css" "Mozilla/5.0 (X11; Ubuntu; Linux x86_64; rv:73.0) Gecko/20100101 Firefox/73.0"
192.168.10.81 - - [29/Feb/2020:00:01:17 +0000] "GET /imp/themes/default/graphics/folders/plus.png HTTP/1.1" 200 619 "http://mail.spiral.com/imp/themes/default/dynamic/screen.css" "Mozilla/5.0 (X11; Ubuntu; Linux x86_64; rv:73.0) Gecko/20100101 Firefox/73.0"
192.168.10.81 - - [29/Feb/2020:00:01:17 +0000] "GET /imp/themes/default/graphics/folders/folder.png HTTP/1.1" 200 478 "http://mail.spiral.com/imp/themes/default/dynamic/screen.css" "Mozilla/5.0 (X11; Ubuntu; Linux x86_64; rv:73.0) Gecko/20100101 Firefox/73.0"
192.168.10.130 - - [29/Feb/2020:00:01:19 +0000] "GET /services/portal/ HTTP/1.1" 200 6507 "http://mail.spiral.com/mnemo/list.php" "Mozilla/5.0 (X11; Ubuntu; Linux x86_64; rv:73.0) Gecko/20100101 Firefox/73.0"
192.168.10.130 - - [29/Feb/2020:00:01:20 +0000] "GET /services/portal/ HTTP/1.1" 200 7337 "http://mail.spiral.com/nag/list.php" "Mozilla/5.0 (X11; Linux x86_64) AppleWebKit/537.36 (KHTML, like Gecko) Ubuntu Chromium/77.0.3865.90 HeadlessChrome/77.0.3865.90 Safari/537.36"
192.168.10.81 - - [29/Feb/2020:00:01:23 +0000] "GET /themes/default/graphics/az.png HTTP/1.1" 200 533 "http://mail.spiral.com/themes/default/screen.css" "Mozilla/5.0 (X11; Ubuntu; Linux x86_64; rv:73.0) Gecko/20100101 Firefox/73.0"
::1 - - [29/Feb/2020:00:01:23 +0000] "OPTIONS * HTTP/1.0" 200 110 "-" "Apache/2.4.25 (Debian) OpenSSL/1.0.2u (internal dummy connection)"
192.168.10.81 - - [29/Feb/2020:00:01:23 +0000] "POST /services/ajax.php/imp/viewPort HTTP/1.1" 200 789 "http://mail.spiral.com/imp/dynamic.php?page=mailbox" "Mozilla/5.0 (X11; Ubuntu; Linux x86_64; rv:73.0) Gecko/20100101 Firefox/73.0"
192.168.10.130 - - [29/Feb/2020:00:01:23 +0000] "GET /turba/ HTTP/1.1" 200 4348 "http://mail.spiral.com/services/portal/" "Mozilla/5.0 (X11; Ubuntu; Linux x86_64; rv:73.0) Gecko/20100101 Firefox/73.0"
192.168.10.130 - - [29/Feb/2020:00:01:24 +0000] "GET /nag/ HTTP/1.1" 200 8475 "http://mail.spiral.com/services/portal/" "Mozilla/5.0 (X11; Linux x86_64) AppleWebKit/537.36 (KHTML, like Gecko) Ubuntu Chromium/77.0.3865.90 HeadlessChrome/77.0.3865.90 Safari/537.36"
::1 - - [29/Feb/2020:00:01:29 +0000] "OPTIONS * HTTP/1.0" 200 110 "-" "Apache/2.4.25 (Debian) OpenSSL/1.0.2u (internal dummy connection)"
192.168.10.130 - - [29/Feb/2020:00:01:29 +0000] "GET /turba/add.php HTTP/1.1" 200 19350 "http://mail.spiral.com/turba/" "Mozilla/5.0 (X11; Ubuntu; Linux x86_64; rv:73.0) Gecko/20100101 Firefox/73.0"
::1 - - [29/Feb/2020:00:01:32 +0000] "OPTIONS * HTTP/1.0" 200 110 "-" "Apache/2.4.25 (Debian) OpenSSL/1.0.2u (internal dummy connection)"
::1 - - [29/Feb/2020:00:01:36 +0000] "OPTIONS * HTTP/1.0" 200 110 "-" "Apache/2.4.25 (Debian) OpenSSL/1.0.2u (internal dummy connection)"
192.168.10.130 - - [29/Feb/2020:00:01:46 +0000] "POST /turba/add.php HTTP/1.1" 302 492 "http://mail.spiral.com/turba/add.php" "Mozilla/5.0 (X11; Ubuntu; Linux x86_64; rv:73.0) Gecko/20100101 Firefox/73.0"
192.168.10.130 - - [29/Feb/2020:00:01:47 +0000] "GET /turba/contact.php?source=P7pxaJ1DBxG_43W0bvFVAZB&key=5vmPLSQuRAd-p6FI4ND2V1R&view=Contact HTTP/1.1" 200 21154 "http://mail.spiral.com/turba/add.php" "Mozilla/5.0 (X11; Ubuntu; Linux x86_64; rv:73.0) Gecko/20100101 Firefox/73.0"
192.168.10.81 - - [29/Feb/2020:00:01:58 +0000] "GET /services/portal/ HTTP/1.1" 200 7982 "http://mail.spiral.com/imp/dynamic.php?page=mailbox" "Mozilla/5.0 (X11; Ubuntu; Linux x86_64; rv:73.0) Gecko/20100101 Firefox/73.0"
192.168.10.81 - - [29/Feb/2020:00:02:01 +0000] "GET /imp/dynamic.php?page=mailbox HTTP/1.1" 200 8896 "http://mail.spiral.com/services/portal/" "Mozilla/5.0 (X11; Ubuntu; Linux x86_64; rv:73.0) Gecko/20100101 Firefox/73.0"
192.168.10.130 - - [29/Feb/2020:00:02:01 +0000] "GET /nag/task.php?tasklist=KCDsO_NmBjYX5zVsrCfQDx7&task=eu7ipj_hNihBGhyVt8Xmy50&actionID=modify_task&have_search&tab_name=1&url=%2Fnag%2F HTTP/1.1" 200 9156 "http://mail.spiral.com/nag/" "Mozilla/5.0 (X11; Linux x86_64) AppleWebKit/537.36 (KHTML, like Gecko) Ubuntu Chromium/77.0.3865.90 HeadlessChrome/77.0.3865.90 Safari/537.36"
192.168.10.81 - - [29/Feb/2020:00:02:02 +0000] "POST /services/ajax.php/imp/dynamicInit HTTP/1.1" 200 1421 "http://mail.spiral.com/imp/dynamic.php?page=mailbox" "Mozilla/5.0 (X11; Ubuntu; Linux x86_64; rv:73.0) Gecko/20100101 Firefox/73.0"
192.168.10.130 - - [29/Feb/2020:00:02:04 +0000] "POST /nag/task/save.php HTTP/1.1" 302 414 "http://mail.spiral.com/nag/task.php?tasklist=KCDsO_NmBjYX5zVsrCfQDx7&task=eu7ipj_hNihBGhyVt8Xmy50&actionID=modify_task&have_search&tab_name=1&url=%2Fnag%2F" "Mozilla/5.0 (X11; Linux x86_64) AppleWebKit/537.36 (KHTML, like Gecko) Ubuntu Chromium/77.0.3865.90 HeadlessChrome/77.0.3865.90 Safari/537.36"
192.168.10.130 - - [29/Feb/2020:00:02:04 +0000] "GET /nag/list.php HTTP/1.1" 200 8473 "http://mail.spiral.com/nag/task.php?tasklist=KCDsO_NmBjYX5zVsrCfQDx7&task=eu7ipj_hNihBGhyVt8Xmy50&actionID=modify_task&have_search&tab_name=1&url=%2Fnag%2F" "Mozilla/5.0 (X11; Linux x86_64) AppleWebKit/537.36 (KHTML, like Gecko) Ubuntu Chromium/77.0.3865.90 HeadlessChrome/77.0.3865.90 Safari/537.36"
192.168.10.81 - - [29/Feb/2020:00:02:11 +0000] "POST /services/ajax.php/imp/viewPort HTTP/1.1" 200 787 "http://mail.spiral.com/imp/dynamic.php?page=mailbox" "Mozilla/5.0 (X11; Ubuntu; Linux x86_64; rv:73.0) Gecko/20100101 Firefox/73.0"
192.168.10.81 - - [29/Feb/2020:00:02:15 +0000] "GET /imp/dynamic.php?page=compose&type=new&token=t178Jy_bOFAgZYI5pak0cNw&uniq=1582934534901 HTTP/1.1" 200 5533 "http://mail.spiral.com/imp/dynamic.php?page=mailbox" "Mozilla/5.0 (X11; Ubuntu; Linux x86_64; rv:73.0) Gecko/20100101 Firefox/73.0"
192.168.10.81 - - [29/Feb/2020:00:02:15 +0000] "GET /imp/js/compose-base.js?v=29c8308baa6508a21e1be9e3345d1287 HTTP/1.1" 200 2169 "http://mail.spiral.com/imp/dynamic.php?page=compose&type=new&token=t178Jy_bOFAgZYI5pak0cNw&uniq=1582934534901" "Mozilla/5.0 (X11; Ubuntu; Linux x86_64; rv:73.0) Gecko/20100101 Firefox/73.0"
192.168.10.81 - - [29/Feb/2020:00:02:15 +0000] "GET /imp/js/ckeditor/imageupload.js?v=29c8308baa6508a21e1be9e3345d1287 HTTP/1.1" 200 1201 "http://mail.spiral.com/imp/dynamic.php?page=compose&type=new&token=t178Jy_bOFAgZYI5pak0cNw&uniq=1582934534901" "Mozilla/5.0 (X11; Ubuntu; Linux x86_64; rv:73.0) Gecko/20100101 Firefox/73.0"
192.168.10.81 - - [29/Feb/2020:00:02:15 +0000] "GET /js/keynavlist.js?v=dc442439853f80a9467ce727c08e9b0e HTTP/1.1" 200 2834 "http://mail.spiral.com/imp/dynamic.php?page=compose&type=new&token=t178Jy_bOFAgZYI5pak0cNw&uniq=1582934534901" "Mozilla/5.0 (X11; Ubuntu; Linux x86_64; rv:73.0) Gecko/20100101 Firefox/73.0"
192.168.10.81 - - [29/Feb/2020:00:02:15 +0000] "GET /imp/js/ckeditor/imagepoll.js?v=29c8308baa6508a21e1be9e3345d1287 HTTP/1.1" 200 1128 "http://mail.spiral.com/imp/dynamic.php?page=compose&type=new&token=t178Jy_bOFAgZYI5pak0cNw&uniq=1582934534901" "Mozilla/5.0 (X11; Ubuntu; Linux x86_64; rv:73.0) Gecko/20100101 Firefox/73.0"
192.168.10.81 - - [29/Feb/2020:00:02:15 +0000] "GET /imp/js/compose-dimp.js?v=29c8308baa6508a21e1be9e3345d1287 HTTP/1.1" 200 10618 "http://mail.spiral.com/imp/dynamic.php?page=compose&type=new&token=t178Jy_bOFAgZYI5pak0cNw&uniq=1582934534901" "Mozilla/5.0 (X11; Ubuntu; Linux x86_64; rv:73.0) Gecko/20100101 Firefox/73.0"
192.168.10.81 - - [29/Feb/2020:00:02:15 +0000] "GET /imp/js/draghandler.js?v=29c8308baa6508a21e1be9e3345d1287 HTTP/1.1" 200 1241 "http://mail.spiral.com/imp/dynamic.php?page=compose&type=new&token=t178Jy_bOFAgZYI5pak0cNw&uniq=1582934534901" "Mozilla/5.0 (X11; Ubuntu; Linux x86_64; rv:73.0) Gecko/20100101 Firefox/73.0"
192.168.10.81 - - [29/Feb/2020:00:02:15 +0000] "GET /imp/js/editor.js?v=29c8308baa6508a21e1be9e3345d1287 HTTP/1.1" 200 1045 "http://mail.spiral.com/imp/dynamic.php?page=compose&type=new&token=t178Jy_bOFAgZYI5pak0cNw&uniq=1582934534901" "Mozilla/5.0 (X11; Ubuntu; Linux x86_64; rv:73.0) Gecko/20100101 Firefox/73.0"
192.168.10.81 - - [29/Feb/2020:00:02:15 +0000] "GET /imp/js/prettyautocomplete.js?v=29c8308baa6508a21e1be9e3345d1287 HTTP/1.1" 200 3123 "http://mail.spiral.com/imp/dynamic.php?page=compose&type=new&token=t178Jy_bOFAgZYI5pak0cNw&uniq=1582934534901" "Mozilla/5.0 (X11; Ubuntu; Linux x86_64; rv:73.0) Gecko/20100101 Firefox/73.0"
192.168.10.81 - - [29/Feb/2020:00:02:15 +0000] "GET /js/liquidmetal.js?v=dc442439853f80a9467ce727c08e9b0e HTTP/1.1" 200 1737 "http://mail.spiral.com/imp/dynamic.php?page=compose&type=new&token=t178Jy_bOFAgZYI5pak0cNw&uniq=1582934534901" "Mozilla/5.0 (X11; Ubuntu; Linux x86_64; rv:73.0) Gecko/20100101 Firefox/73.0"
192.168.10.81 - - [29/Feb/2020:00:02:15 +0000] "GET /js/autocomplete.js?v=dc442439853f80a9467ce727c08e9b0e HTTP/1.1" 200 3113 "http://mail.spiral.com/imp/dynamic.php?page=compose&type=new&token=t178Jy_bOFAgZYI5pak0cNw&uniq=1582934534901" "Mozilla/5.0 (X11; Ubuntu; Linux x86_64; rv:73.0) Gecko/20100101 Firefox/73.0"
192.168.10.81 - - [29/Feb/2020:00:02:15 +0000] "GET /js/ckeditor/ckeditor_basic.js HTTP/1.1" 200 3293 "http://mail.spiral.com/imp/dynamic.php?page=compose&type=new&token=t178Jy_bOFAgZYI5pak0cNw&uniq=1582934534901" "Mozilla/5.0 (X11; Ubuntu; Linux x86_64; rv:73.0) Gecko/20100101 Firefox/73.0"
192.168.10.81 - - [29/Feb/2020:00:02:15 +0000] "GET /imp/themes/default/graphics/drafts.png HTTP/1.1" 200 748 "http://mail.spiral.com/imp/themes/default/dynamic/screen.css" "Mozilla/5.0 (X11; Ubuntu; Linux x86_64; rv:73.0) Gecko/20100101 Firefox/73.0"
192.168.10.81 - - [29/Feb/2020:00:02:15 +0000] "GET /imp/themes/default/graphics/forward.png HTTP/1.1" 200 520 "http://mail.spiral.com/imp/themes/default/dynamic/screen.css" "Mozilla/5.0 (X11; Ubuntu; Linux x86_64; rv:73.0) Gecko/20100101 Firefox/73.0"
192.168.10.81 - - [29/Feb/2020:00:02:15 +0000] "GET /imp/themes/default/graphics/attachment.png HTTP/1.1" 200 813 "http://mail.spiral.com/imp/themes/default/dynamic/screen.css" "Mozilla/5.0 (X11; Ubuntu; Linux x86_64; rv:73.0) Gecko/20100101 Firefox/73.0"
192.168.10.81 - - [29/Feb/2020:00:02:15 +0000] "GET /imp/themes/default/graphics/close.png HTTP/1.1" 200 757 "http://mail.spiral.com/imp/themes/default/screen.css" "Mozilla/5.0 (X11; Ubuntu; Linux x86_64; rv:73.0) Gecko/20100101 Firefox/73.0"
192.168.10.81 - - [29/Feb/2020:00:02:19 +0000] "GET /imp/themes/default/graphics/delete-small.png HTTP/1.1" 200 391 "http://mail.spiral.com/imp/dynamic.php?page=compose&type=new&token=t178Jy_bOFAgZYI5pak0cNw&uniq=1582934534901" "Mozilla/5.0 (X11; Ubuntu; Linux x86_64; rv:73.0) Gecko/20100101 Firefox/73.0"
192.168.10.130 - - [29/Feb/2020:00:02:23 +0000] "GET /services/portal/ HTTP/1.1" 200 6502 "http://mail.spiral.com/turba/contact.php?source=P7pxaJ1DBxG_43W0bvFVAZB&key=5vmPLSQuRAd-p6FI4ND2V1R&view=Contact" "Mozilla/5.0 (X11; Ubuntu; Linux x86_64; rv:73.0) Gecko/20100101 Firefox/73.0"
192.168.10.81 - - [29/Feb/2020:00:02:28 +0000] "GET /themes/default/graphics/loading.gif HTTP/1.1" 200 2007 "http://mail.spiral.com/themes/default/screen.css" "Mozilla/5.0 (X11; Ubuntu; Linux x86_64; rv:73.0) Gecko/20100101 Firefox/73.0"
192.168.10.81 - - [29/Feb/2020:00:02:28 +0000] "GET /themes/default/graphics/button-active-bg.png HTTP/1.1" 200 368 "http://mail.spiral.com/themes/default/screen.css" "Mozilla/5.0 (X11; Ubuntu; Linux x86_64; rv:73.0) Gecko/20100101 Firefox/73.0"
192.168.10.81 - - [29/Feb/2020:00:02:28 +0000] "POST /services/ajax.php/imp/sendMessage HTTP/1.1" 200 479 "http://mail.spiral.com/imp/dynamic.php?page=compose&type=new&token=t178Jy_bOFAgZYI5pak0cNw&uniq=1582934534901" "Mozilla/5.0 (X11; Ubuntu; Linux x86_64; rv:73.0) Gecko/20100101 Firefox/73.0"
192.168.10.130 - - [29/Feb/2020:00:02:33 +0000] "GET /services/prefs.php?app=horde HTTP/1.1" 200 3658 "http://mail.spiral.com/services/portal/" "Mozilla/5.0 (X11; Ubuntu; Linux x86_64; rv:73.0) Gecko/20100101 Firefox/73.0"
192.168.10.130 - - [29/Feb/2020:00:02:39 +0000] "GET /services/prefs.php?app=horde&group=identities HTTP/1.1" 200 4582 "http://mail.spiral.com/services/prefs.php?app=horde" "Mozilla/5.0 (X11; Ubuntu; Linux x86_64; rv:73.0) Gecko/20100101 Firefox/73.0"
192.168.10.130 - - [29/Feb/2020:00:02:41 +0000] "GET /services/portal/ HTTP/1.1" 200 7268 "http://mail.spiral.com/nag/list.php" "Mozilla/5.0 (X11; Linux x86_64) AppleWebKit/537.36 (KHTML, like Gecko) Ubuntu Chromium/77.0.3865.90 HeadlessChrome/77.0.3865.90 Safari/537.36"
192.168.10.130 - - [29/Feb/2020:00:02:46 +0000] "POST /services/prefs.php HTTP/1.1" 200 4609 "http://mail.spiral.com/services/prefs.php?app=horde&group=identities" "Mozilla/5.0 (X11; Ubuntu; Linux x86_64; rv:73.0) Gecko/20100101 Firefox/73.0"
192.168.10.130 - - [29/Feb/2020:00:02:46 +0000] "GET /kronolith/ HTTP/1.1" 200 24715 "http://mail.spiral.com/services/portal/" "Mozilla/5.0 (X11; Linux x86_64) AppleWebKit/537.36 (KHTML, like Gecko) Ubuntu Chromium/77.0.3865.90 HeadlessChrome/77.0.3865.90 Safari/537.36"
192.168.10.130 - - [29/Feb/2020:00:02:47 +0000] "POST /services/ajax.php/kronolith/listCalendars HTTP/1.1" 200 976 "http://mail.spiral.com/kronolith/" "Mozilla/5.0 (X11; Linux x86_64) AppleWebKit/537.36 (KHTML, like Gecko) Ubuntu Chromium/77.0.3865.90 HeadlessChrome/77.0.3865.90 Safari/537.36"
192.168.10.130 - - [29/Feb/2020:00:02:47 +0000] "POST /services/ajax.php/kronolith/listEvents HTTP/1.1" 200 552 "http://mail.spiral.com/kronolith/" "Mozilla/5.0 (X11; Linux x86_64) AppleWebKit/537.36 (KHTML, like Gecko) Ubuntu Chromium/77.0.3865.90 HeadlessChrome/77.0.3865.90 Safari/537.36"
192.168.10.130 - - [29/Feb/2020:00:02:47 +0000] "POST /services/ajax.php/kronolith/listEvents HTTP/1.1" 200 1017 "http://mail.spiral.com/kronolith/" "Mozilla/5.0 (X11; Linux x86_64) AppleWebKit/537.36 (KHTML, like Gecko) Ubuntu Chromium/77.0.3865.90 HeadlessChrome/77.0.3865.90 Safari/537.36"
192.168.10.130 - - [29/Feb/2020:00:02:56 +0000] "GET /services/prefs.php?app=horde HTTP/1.1" 200 3660 "http://mail.spiral.com/services/prefs.php" "Mozilla/5.0 (X11; Ubuntu; Linux x86_64; rv:73.0) Gecko/20100101 Firefox/73.0"
192.168.10.130 - - [29/Feb/2020:00:03:02 +0000] "GET /services/prefs.php?app=imp HTTP/1.1" 200 4030 "http://mail.spiral.com/services/prefs.php?app=horde" "Mozilla/5.0 (X11; Ubuntu; Linux x86_64; rv:73.0) Gecko/20100101 Firefox/73.0"
192.168.10.81 - - [29/Feb/2020:00:03:05 +0000] "GET /services/portal/ HTTP/1.1" 200 7989 "http://mail.spiral.com/imp/dynamic.php?page=mailbox" "Mozilla/5.0 (X11; Ubuntu; Linux x86_64; rv:73.0) Gecko/20100101 Firefox/73.0"
192.168.10.130 - - [29/Feb/2020:00:03:07 +0000] "GET /services/prefs.php?app=imp&group=delmove HTTP/1.1" 200 5543 "http://mail.spiral.com/services/prefs.php?app=imp" "Mozilla/5.0 (X11; Ubuntu; Linux x86_64; rv:73.0) Gecko/20100101 Firefox/73.0"
192.168.10.81 - - [29/Feb/2020:00:03:08 +0000] "GET /nag/ HTTP/1.1" 200 8541 "http://mail.spiral.com/services/portal/" "Mozilla/5.0 (X11; Ubuntu; Linux x86_64; rv:73.0) Gecko/20100101 Firefox/73.0"
192.168.10.81 - - [29/Feb/2020:00:03:09 +0000] "GET /nag/themes/default/screen.css HTTP/1.1" 200 1132 "http://mail.spiral.com/nag/" "Mozilla/5.0 (X11; Ubuntu; Linux x86_64; rv:73.0) Gecko/20100101 Firefox/73.0"
192.168.10.81 - - [29/Feb/2020:00:03:09 +0000] "GET /js/quickfinder.js?v=dc442439853f80a9467ce727c08e9b0e HTTP/1.1" 200 1493 "http://mail.spiral.com/nag/" "Mozilla/5.0 (X11; Ubuntu; Linux x86_64; rv:73.0) Gecko/20100101 Firefox/73.0"
192.168.10.81 - - [29/Feb/2020:00:03:09 +0000] "GET /js/tables.js?v=dc442439853f80a9467ce727c08e9b0e HTTP/1.1" 200 2454 "http://mail.spiral.com/nag/" "Mozilla/5.0 (X11; Ubuntu; Linux x86_64; rv:73.0) Gecko/20100101 Firefox/73.0"
192.168.10.81 - - [29/Feb/2020:00:03:09 +0000] "GET /themes/default/graphics/tab.png HTTP/1.1" 200 375 "http://mail.spiral.com/themes/default/screen.css" "Mozilla/5.0 (X11; Ubuntu; Linux x86_64; rv:73.0) Gecko/20100101 Firefox/73.0"
192.168.10.81 - - [29/Feb/2020:00:03:09 +0000] "GET /nag/themes/default/graphics/add.png HTTP/1.1" 200 780 "http://mail.spiral.com/nag/themes/default/screen.css" "Mozilla/5.0 (X11; Ubuntu; Linux x86_64; rv:73.0) Gecko/20100101 Firefox/73.0"
192.168.10.81 - - [29/Feb/2020:00:03:09 +0000] "GET /themes/default/graphics/sidebar-split.png HTTP/1.1" 200 354 "http://mail.spiral.com/themes/default/screen.css" "Mozilla/5.0 (X11; Ubuntu; Linux x86_64; rv:73.0) Gecko/20100101 Firefox/73.0"
192.168.10.81 - - [29/Feb/2020:00:03:09 +0000] "GET /nag/themes/default/graphics/search.png HTTP/1.1" 200 728 "http://mail.spiral.com/nag/themes/default/screen.css" "Mozilla/5.0 (X11; Ubuntu; Linux x86_64; rv:73.0) Gecko/20100101 Firefox/73.0"
192.168.10.81 - - [29/Feb/2020:00:03:09 +0000] "GET /nag/themes/default/graphics/nag.png HTTP/1.1" 200 733 "http://mail.spiral.com/nag/themes/default/screen.css" "Mozilla/5.0 (X11; Ubuntu; Linux x86_64; rv:73.0) Gecko/20100101 Firefox/73.0"
192.168.10.81 - - [29/Feb/2020:00:03:09 +0000] "GET /themes/default/graphics/data.png HTTP/1.1" 200 654 "http://mail.spiral.com/themes/default/screen.css" "Mozilla/5.0 (X11; Ubuntu; Linux x86_64; rv:73.0) Gecko/20100101 Firefox/73.0"
192.168.10.81 - - [29/Feb/2020:00:03:09 +0000] "GET /themes/default/graphics/plus-sidebar.png HTTP/1.1" 200 783 "http://mail.spiral.com/themes/default/screen.css" "Mozilla/5.0 (X11; Ubuntu; Linux x86_64; rv:73.0) Gecko/20100101 Firefox/73.0"
192.168.10.81 - - [29/Feb/2020:00:03:09 +0000] "GET /themes/default/graphics/collapse.png HTTP/1.1" 200 494 "http://mail.spiral.com/themes/default/screen.css" "Mozilla/5.0 (X11; Ubuntu; Linux x86_64; rv:73.0) Gecko/20100101 Firefox/73.0"
192.168.10.81 - - [29/Feb/2020:00:03:09 +0000] "GET /themes/default/graphics/edit-sidebar-fff.png HTTP/1.1" 200 487 "http://mail.spiral.com/themes/default/screen.css" "Mozilla/5.0 (X11; Ubuntu; Linux x86_64; rv:73.0) Gecko/20100101 Firefox/73.0"
192.168.10.81 - - [29/Feb/2020:00:03:09 +0000] "GET /themes/default/graphics/checkbox_on.png HTTP/1.1" 200 745 "http://mail.spiral.com/themes/default/screen.css" "Mozilla/5.0 (X11; Ubuntu; Linux x86_64; rv:73.0) Gecko/20100101 Firefox/73.0"
192.168.10.81 - - [29/Feb/2020:00:03:09 +0000] "GET /themes/default/graphics/expand.png HTTP/1.1" 200 501 "http://mail.spiral.com/themes/default/screen.css" "Mozilla/5.0 (X11; Ubuntu; Linux x86_64; rv:73.0) Gecko/20100101 Firefox/73.0"
192.168.10.81 - - [29/Feb/2020:00:03:09 +0000] "GET /nag/themes/default/graphics/favicon.ico HTTP/1.1" 200 2026 "-" "Mozilla/5.0 (X11; Ubuntu; Linux x86_64; rv:73.0) Gecko/20100101 Firefox/73.0"
192.168.10.130 - - [29/Feb/2020:00:03:20 +0000] "POST /services/prefs.php HTTP/1.1" 200 5638 "http://mail.spiral.com/services/prefs.php?app=imp&group=delmove" "Mozilla/5.0 (X11; Ubuntu; Linux x86_64; rv:73.0) Gecko/20100101 Firefox/73.0"
192.168.10.130 - - [29/Feb/2020:00:03:32 +0000] "POST /services/prefs.php HTTP/1.1" 200 5640 "http://mail.spiral.com/services/prefs.php" "Mozilla/5.0 (X11; Ubuntu; Linux x86_64; rv:73.0) Gecko/20100101 Firefox/73.0"
192.168.10.130 - - [29/Feb/2020:00:03:47 +0000] "POST /services/ajax.php/kronolith/poll HTTP/1.1" 200 387 "http://mail.spiral.com/kronolith/" "Mozilla/5.0 (X11; Linux x86_64) AppleWebKit/537.36 (KHTML, like Gecko) Ubuntu Chromium/77.0.3865.90 HeadlessChrome/77.0.3865.90 Safari/537.36"
192.168.10.81 - - [29/Feb/2020:00:03:47 +0000] "GET /nag/task.php?actionID=add_task HTTP/1.1" 200 9157 "http://mail.spiral.com/nag/" "Mozilla/5.0 (X11; Ubuntu; Linux x86_64; rv:73.0) Gecko/20100101 Firefox/73.0"
192.168.10.81 - - [29/Feb/2020:00:03:47 +0000] "GET /js/form_sections.js?v=dc442439853f80a9467ce727c08e9b0e HTTP/1.1" 200 947 "http://mail.spiral.com/nag/task.php?actionID=add_task" "Mozilla/5.0 (X11; Ubuntu; Linux x86_64; rv:73.0) Gecko/20100101 Firefox/73.0"
192.168.10.81 - - [29/Feb/2020:00:03:47 +0000] "GET /js/calendar.js?v=dc442439853f80a9467ce727c08e9b0e HTTP/1.1" 200 2852 "http://mail.spiral.com/nag/task.php?actionID=add_task" "Mozilla/5.0 (X11; Ubuntu; Linux x86_64; rv:73.0) Gecko/20100101 Firefox/73.0"
192.168.10.81 - - [29/Feb/2020:00:03:47 +0000] "GET /nag/js/calendar.js?v=839a6380454bbd865d6aa6063c84bc2b HTTP/1.1" 200 1306 "http://mail.spiral.com/nag/task.php?actionID=add_task" "Mozilla/5.0 (X11; Ubuntu; Linux x86_64; rv:73.0) Gecko/20100101 Firefox/73.0"
192.168.10.81 - - [29/Feb/2020:00:03:47 +0000] "GET /nag/js/task.js?v=839a6380454bbd865d6aa6063c84bc2b HTTP/1.1" 200 1022 "http://mail.spiral.com/nag/task.php?actionID=add_task" "Mozilla/5.0 (X11; Ubuntu; Linux x86_64; rv:73.0) Gecko/20100101 Firefox/73.0"
192.168.10.130 - - [29/Feb/2020:00:03:59 +0000] "GET /services/portal/ HTTP/1.1" 200 7267 "http://mail.spiral.com/kronolith/" "Mozilla/5.0 (X11; Linux x86_64) AppleWebKit/537.36 (KHTML, like Gecko) Ubuntu Chromium/77.0.3865.90 HeadlessChrome/77.0.3865.90 Safari/537.36"
192.168.10.81 - - [29/Feb/2020:00:04:00 +0000] "POST /services/ajax.php/horde/imple?token=t178Jy_bOFAgZYI5pak0cNw&app=nag&imple=Nag_Ajax_Imple_TagAutoCompleter&input=tags HTTP/1.1" 200 371 "http://mail.spiral.com/nag/task.php?actionID=add_task" "Mozilla/5.0 (X11; Ubuntu; Linux x86_64; rv:73.0) Gecko/20100101 Firefox/73.0"
192.168.10.130 - - [29/Feb/2020:00:04:06 +0000] "GET /services/prefs.php?app=horde HTTP/1.1" 200 3657 "http://mail.spiral.com/services/portal/" "Mozilla/5.0 (X11; Linux x86_64) AppleWebKit/537.36 (KHTML, like Gecko) Ubuntu Chromium/77.0.3865.90 HeadlessChrome/77.0.3865.90 Safari/537.36"
192.168.10.130 - - [29/Feb/2020:00:04:09 +0000] "GET /services/portal/ HTTP/1.1" 200 6499 "http://mail.spiral.com/services/prefs.php" "Mozilla/5.0 (X11; Ubuntu; Linux x86_64; rv:73.0) Gecko/20100101 Firefox/73.0"
192.168.10.130 - - [29/Feb/2020:00:04:10 +0000] "GET /services/prefs.php?app=horde&group=identities HTTP/1.1" 200 4577 "http://mail.spiral.com/services/prefs.php?app=horde" "Mozilla/5.0 (X11; Linux x86_64) AppleWebKit/537.36 (KHTML, like Gecko) Ubuntu Chromium/77.0.3865.90 HeadlessChrome/77.0.3865.90 Safari/537.36"
192.168.10.130 - - [29/Feb/2020:00:04:13 +0000] "GET /turba/ HTTP/1.1" 200 4353 "http://mail.spiral.com/services/portal/" "Mozilla/5.0 (X11; Ubuntu; Linux x86_64; rv:73.0) Gecko/20100101 Firefox/73.0"
192.168.10.130 - - [29/Feb/2020:00:04:13 +0000] "POST /services/prefs.php HTTP/1.1" 200 4610 "http://mail.spiral.com/services/prefs.php?app=horde&group=identities" "Mozilla/5.0 (X11; Linux x86_64) AppleWebKit/537.36 (KHTML, like Gecko) Ubuntu Chromium/77.0.3865.90 HeadlessChrome/77.0.3865.90 Safari/537.36"
192.168.10.130 - - [29/Feb/2020:00:04:17 +0000] "GET /turba/browse.php HTTP/1.1" 200 5526 "http://mail.spiral.com/turba/" "Mozilla/5.0 (X11; Ubuntu; Linux x86_64; rv:73.0) Gecko/20100101 Firefox/73.0"
192.168.10.130 - - [29/Feb/2020:00:04:22 +0000] "GET /services/prefs.php?app=horde HTTP/1.1" 200 3658 "http://mail.spiral.com/services/prefs.php" "Mozilla/5.0 (X11; Linux x86_64) AppleWebKit/537.36 (KHTML, like Gecko) Ubuntu Chromium/77.0.3865.90 HeadlessChrome/77.0.3865.90 Safari/537.36"
192.168.10.130 - - [29/Feb/2020:00:04:22 +0000] "GET /turba/contact.php?source=P7pxaJ1DBxG_43W0bvFVAZB&key=o241TITlIk1VAA6qdFVfKPG HTTP/1.1" 200 21057 "http://mail.spiral.com/turba/browse.php" "Mozilla/5.0 (X11; Ubuntu; Linux x86_64; rv:73.0) Gecko/20100101 Firefox/73.0"
192.168.10.81 - - [29/Feb/2020:00:04:23 +0000] "POST /nag/task/save.php HTTP/1.1" 302 415 "http://mail.spiral.com/nag/task.php?actionID=add_task" "Mozilla/5.0 (X11; Ubuntu; Linux x86_64; rv:73.0) Gecko/20100101 Firefox/73.0"
192.168.10.81 - - [29/Feb/2020:00:04:23 +0000] "GET /nag/list.php HTTP/1.1" 200 8744 "http://mail.spiral.com/nag/task.php?actionID=add_task" "Mozilla/5.0 (X11; Ubuntu; Linux x86_64; rv:73.0) Gecko/20100101 Firefox/73.0"
192.168.10.130 - - [29/Feb/2020:00:04:25 +0000] "GET /services/prefs.php?app=imp HTTP/1.1" 200 4031 "http://mail.spiral.com/services/prefs.php?app=horde" "Mozilla/5.0 (X11; Linux x86_64) AppleWebKit/537.36 (KHTML, like Gecko) Ubuntu Chromium/77.0.3865.90 HeadlessChrome/77.0.3865.90 Safari/537.36"
192.168.10.130 - - [29/Feb/2020:00:04:29 +0000] "GET /services/prefs.php?app=imp&group=delmove HTTP/1.1" 200 5540 "http://mail.spiral.com/services/prefs.php?app=imp" "Mozilla/5.0 (X11; Linux x86_64) AppleWebKit/537.36 (KHTML, like Gecko) Ubuntu Chromium/77.0.3865.90 HeadlessChrome/77.0.3865.90 Safari/537.36"
192.168.10.130 - - [29/Feb/2020:00:04:32 +0000] "POST /turba/delete.php HTTP/1.1" 302 419 "http://mail.spiral.com/turba/contact.php?source=P7pxaJ1DBxG_43W0bvFVAZB&key=o241TITlIk1VAA6qdFVfKPG" "Mozilla/5.0 (X11; Ubuntu; Linux x86_64; rv:73.0) Gecko/20100101 Firefox/73.0"
192.168.10.130 - - [29/Feb/2020:00:04:32 +0000] "GET /turba/search.php HTTP/1.1" 200 4437 "http://mail.spiral.com/turba/contact.php?source=P7pxaJ1DBxG_43W0bvFVAZB&key=o241TITlIk1VAA6qdFVfKPG" "Mozilla/5.0 (X11; Ubuntu; Linux x86_64; rv:73.0) Gecko/20100101 Firefox/73.0"
192.168.10.130 - - [29/Feb/2020:00:04:40 +0000] "POST /services/prefs.php HTTP/1.1" 200 5641 "http://mail.spiral.com/services/prefs.php?app=imp&group=delmove" "Mozilla/5.0 (X11; Linux x86_64) AppleWebKit/537.36 (KHTML, like Gecko) Ubuntu Chromium/77.0.3865.90 HeadlessChrome/77.0.3865.90 Safari/537.36"
192.168.10.130 - - [29/Feb/2020:00:04:50 +0000] "POST /services/prefs.php HTTP/1.1" 200 5637 "http://mail.spiral.com/services/prefs.php" "Mozilla/5.0 (X11; Linux x86_64) AppleWebKit/537.36 (KHTML, like Gecko) Ubuntu Chromium/77.0.3865.90 HeadlessChrome/77.0.3865.90 Safari/537.36"
192.168.10.81 - - [29/Feb/2020:00:04:59 +0000] "GET /services/portal/ HTTP/1.1" 200 8054 "http://mail.spiral.com/nag/list.php" "Mozilla/5.0 (X11; Ubuntu; Linux x86_64; rv:73.0) Gecko/20100101 Firefox/73.0"
192.168.10.81 - - [29/Feb/2020:00:05:03 +0000] "GET /mnemo/ HTTP/1.1" 200 5544 "http://mail.spiral.com/services/portal/" "Mozilla/5.0 (X11; Ubuntu; Linux x86_64; rv:73.0) Gecko/20100101 Firefox/73.0"
192.168.10.81 - - [29/Feb/2020:00:05:04 +0000] "GET /mnemo/themes/default/screen.css HTTP/1.1" 200 1023 "http://mail.spiral.com/mnemo/" "Mozilla/5.0 (X11; Ubuntu; Linux x86_64; rv:73.0) Gecko/20100101 Firefox/73.0"
192.168.10.81 - - [29/Feb/2020:00:05:04 +0000] "GET /mnemo/js/list.js?v=bef6a81df654c73d2a7fc487bc2a4694 HTTP/1.1" 200 944 "http://mail.spiral.com/mnemo/" "Mozilla/5.0 (X11; Ubuntu; Linux x86_64; rv:73.0) Gecko/20100101 Firefox/73.0"
192.168.10.81 - - [29/Feb/2020:00:05:04 +0000] "GET /mnemo/themes/default/graphics/mnemo.png HTTP/1.1" 200 665 "http://mail.spiral.com/mnemo/themes/default/screen.css" "Mozilla/5.0 (X11; Ubuntu; Linux x86_64; rv:73.0) Gecko/20100101 Firefox/73.0"
192.168.10.81 - - [29/Feb/2020:00:05:04 +0000] "GET /mnemo/themes/default/graphics/search.png HTTP/1.1" 200 729 "http://mail.spiral.com/mnemo/themes/default/screen.css" "Mozilla/5.0 (X11; Ubuntu; Linux x86_64; rv:73.0) Gecko/20100101 Firefox/73.0"
192.168.10.81 - - [29/Feb/2020:00:05:04 +0000] "GET /themes/default/graphics/edit-sidebar-000.png HTTP/1.1" 200 507 "http://mail.spiral.com/themes/default/screen.css" "Mozilla/5.0 (X11; Ubuntu; Linux x86_64; rv:73.0) Gecko/20100101 Firefox/73.0"
192.168.10.81 - - [29/Feb/2020:00:05:04 +0000] "GET /mnemo/themes/default/graphics/favicon.ico HTTP/1.1" 200 2026 "-" "Mozilla/5.0 (X11; Ubuntu; Linux x86_64; rv:73.0) Gecko/20100101 Firefox/73.0"
192.168.10.130 - - [29/Feb/2020:00:05:07 +0000] "GET /services/portal/ HTTP/1.1" 200 6500 "http://mail.spiral.com/turba/search.php" "Mozilla/5.0 (X11; Ubuntu; Linux x86_64; rv:73.0) Gecko/20100101 Firefox/73.0"
192.168.10.130 - - [29/Feb/2020:00:05:13 +0000] "GET /mnemo/ HTTP/1.1" 200 3710 "http://mail.spiral.com/services/portal/" "Mozilla/5.0 (X11; Ubuntu; Linux x86_64; rv:73.0) Gecko/20100101 Firefox/73.0"
192.168.10.130 - - [29/Feb/2020:00:05:23 +0000] "GET /services/portal/ HTTP/1.1" 200 7268 "http://mail.spiral.com/services/prefs.php" "Mozilla/5.0 (X11; Linux x86_64) AppleWebKit/537.36 (KHTML, like Gecko) Ubuntu Chromium/77.0.3865.90 HeadlessChrome/77.0.3865.90 Safari/537.36"
192.168.10.130 - - [29/Feb/2020:00:05:29 +0000] "GET /kronolith/ HTTP/1.1" 200 24714 "http://mail.spiral.com/services/portal/" "Mozilla/5.0 (X11; Linux x86_64) AppleWebKit/537.36 (KHTML, like Gecko) Ubuntu Chromium/77.0.3865.90 HeadlessChrome/77.0.3865.90 Safari/537.36"
192.168.10.130 - - [29/Feb/2020:00:05:30 +0000] "POST /services/ajax.php/kronolith/listCalendars HTTP/1.1" 200 976 "http://mail.spiral.com/kronolith/" "Mozilla/5.0 (X11; Linux x86_64) AppleWebKit/537.36 (KHTML, like Gecko) Ubuntu Chromium/77.0.3865.90 HeadlessChrome/77.0.3865.90 Safari/537.36"
192.168.10.130 - - [29/Feb/2020:00:05:30 +0000] "POST /services/ajax.php/kronolith/listEvents HTTP/1.1" 200 1017 "http://mail.spiral.com/kronolith/" "Mozilla/5.0 (X11; Linux x86_64) AppleWebKit/537.36 (KHTML, like Gecko) Ubuntu Chromium/77.0.3865.90 HeadlessChrome/77.0.3865.90 Safari/537.36"
192.168.10.130 - - [29/Feb/2020:00:05:30 +0000] "POST /services/ajax.php/kronolith/listEvents HTTP/1.1" 200 552 "http://mail.spiral.com/kronolith/" "Mozilla/5.0 (X11; Linux x86_64) AppleWebKit/537.36 (KHTML, like Gecko) Ubuntu Chromium/77.0.3865.90 HeadlessChrome/77.0.3865.90 Safari/537.36"
192.168.10.81 - - [29/Feb/2020:00:05:42 +0000] "GET /mnemo/memo.php?actionID=add_memo HTTP/1.1" 200 6124 "http://mail.spiral.com/mnemo/" "Mozilla/5.0 (X11; Ubuntu; Linux x86_64; rv:73.0) Gecko/20100101 Firefox/73.0"
192.168.10.81 - - [29/Feb/2020:00:05:42 +0000] "GET /mnemo/js/memo.js?v=bef6a81df654c73d2a7fc487bc2a4694 HTTP/1.1" 200 914 "http://mail.spiral.com/mnemo/memo.php?actionID=add_memo" "Mozilla/5.0 (X11; Ubuntu; Linux x86_64; rv:73.0) Gecko/20100101 Firefox/73.0"
192.168.10.81 - - [29/Feb/2020:00:05:52 +0000] "POST /services/ajax.php/horde/imple?token=t178Jy_bOFAgZYI5pak0cNw&app=mnemo&imple=Mnemo_Ajax_Imple_TagAutoCompleter&input=memo_tags HTTP/1.1" 200 371 "http://mail.spiral.com/mnemo/memo.php?actionID=add_memo" "Mozilla/5.0 (X11; Ubuntu; Linux x86_64; rv:73.0) Gecko/20100101 Firefox/73.0"
192.168.10.81 - - [29/Feb/2020:00:05:56 +0000] "POST /mnemo/memo.php HTTP/1.1" 302 416 "http://mail.spiral.com/mnemo/memo.php?actionID=add_memo" "Mozilla/5.0 (X11; Ubuntu; Linux x86_64; rv:73.0) Gecko/20100101 Firefox/73.0"
192.168.10.81 - - [29/Feb/2020:00:05:56 +0000] "GET /mnemo/list.php HTTP/1.1" 200 5758 "http://mail.spiral.com/mnemo/memo.php?actionID=add_memo" "Mozilla/5.0 (X11; Ubuntu; Linux x86_64; rv:73.0) Gecko/20100101 Firefox/73.0"
192.168.10.130 - - [29/Feb/2020:00:06:30 +0000] "POST /services/ajax.php/kronolith/poll HTTP/1.1" 200 387 "http://mail.spiral.com/kronolith/" "Mozilla/5.0 (X11; Linux x86_64) AppleWebKit/537.36 (KHTML, like Gecko) Ubuntu Chromium/77.0.3865.90 HeadlessChrome/77.0.3865.90 Safari/537.36"
192.168.10.81 - - [29/Feb/2020:00:06:31 +0000] "GET /services/portal/ HTTP/1.1" 200 8141 "http://mail.spiral.com/mnemo/list.php" "Mozilla/5.0 (X11; Ubuntu; Linux x86_64; rv:73.0) Gecko/20100101 Firefox/73.0"
192.168.10.81 - - [29/Feb/2020:00:06:41 +0000] "GET /mnemo/ HTTP/1.1" 200 5644 "http://mail.spiral.com/services/portal/" "Mozilla/5.0 (X11; Ubuntu; Linux x86_64; rv:73.0) Gecko/20100101 Firefox/73.0"
192.168.10.130 - - [29/Feb/2020:00:06:42 +0000] "GET /services/portal/ HTTP/1.1" 200 7263 "http://mail.spiral.com/kronolith/" "Mozilla/5.0 (X11; Linux x86_64) AppleWebKit/537.36 (KHTML, like Gecko) Ubuntu Chromium/77.0.3865.90 HeadlessChrome/77.0.3865.90 Safari/537.36"
192.168.10.130 - - [29/Feb/2020:00:06:48 +0000] "GET /turba/ HTTP/1.1" 200 4352 "http://mail.spiral.com/services/portal/" "Mozilla/5.0 (X11; Linux x86_64) AppleWebKit/537.36 (KHTML, like Gecko) Ubuntu Chromium/77.0.3865.90 HeadlessChrome/77.0.3865.90 Safari/537.36"
192.168.10.130 - - [29/Feb/2020:00:06:53 +0000] "GET /turba/add.php HTTP/1.1" 200 19375 "http://mail.spiral.com/turba/" "Mozilla/5.0 (X11; Linux x86_64) AppleWebKit/537.36 (KHTML, like Gecko) Ubuntu Chromium/77.0.3865.90 HeadlessChrome/77.0.3865.90 Safari/537.36"
192.168.10.130 - - [29/Feb/2020:00:06:56 +0000] "GET /services/portal/ HTTP/1.1" 200 6502 "http://mail.spiral.com/mnemo/" "Mozilla/5.0 (X11; Ubuntu; Linux x86_64; rv:73.0) Gecko/20100101 Firefox/73.0"
192.168.10.130 - - [29/Feb/2020:00:07:00 +0000] "GET /imp/dynamic.php?page=mailbox HTTP/1.1" 200 8753 "http://mail.spiral.com/services/portal/" "Mozilla/5.0 (X11; Ubuntu; Linux x86_64; rv:73.0) Gecko/20100101 Firefox/73.0"
192.168.10.130 - - [29/Feb/2020:00:07:00 +0000] "POST /services/ajax.php/imp/dynamicInit HTTP/1.1" 200 1418 "http://mail.spiral.com/imp/dynamic.php?page=mailbox" "Mozilla/5.0 (X11; Ubuntu; Linux x86_64; rv:73.0) Gecko/20100101 Firefox/73.0"
192.168.10.130 - - [29/Feb/2020:00:07:08 +0000] "POST /turba/add.php HTTP/1.1" 302 492 "http://mail.spiral.com/turba/add.php" "Mozilla/5.0 (X11; Linux x86_64) AppleWebKit/537.36 (KHTML, like Gecko) Ubuntu Chromium/77.0.3865.90 HeadlessChrome/77.0.3865.90 Safari/537.36"
192.168.10.130 - - [29/Feb/2020:00:07:08 +0000] "GET /turba/contact.php?source=dDQI2mfGX-cQemxh4GC5uHK&key=E4CyMdGf1_ahUkbupqNOwDc&view=Contact HTTP/1.1" 200 21132 "http://mail.spiral.com/turba/add.php" "Mozilla/5.0 (X11; Linux x86_64) AppleWebKit/537.36 (KHTML, like Gecko) Ubuntu Chromium/77.0.3865.90 HeadlessChrome/77.0.3865.90 Safari/537.36"
