192.168.10.130 - - [29/Feb/2020:08:06:04 +0000] "POST /services/ajax.php/imp/showMessage HTTP/1.1" 200 2961 "http://mail.spiral.com/imp/dynamic.php?page=mailbox" "Mozilla/5.0 (X11; Linux x86_64) AppleWebKit/537.36 (KHTML, like Gecko) Ubuntu Chromium/77.0.3865.90 HeadlessChrome/77.0.3865.90 Safari/537.36"
192.168.10.130 - - [29/Feb/2020:08:06:08 +0000] "GET /imp/themes/default/graphics/flags/deleted-inv.png HTTP/1.1" 200 444 "http://mail.spiral.com/imp/themes/default/dynamic/screen.css" "Mozilla/5.0 (X11; Linux x86_64) AppleWebKit/537.36 (KHTML, like Gecko) Ubuntu Chromium/77.0.3865.90 HeadlessChrome/77.0.3865.90 Safari/537.36"
192.168.10.130 - - [29/Feb/2020:08:06:08 +0000] "POST /services/ajax.php/imp/deleteMessages HTTP/1.1" 200 544 "http://mail.spiral.com/imp/dynamic.php?page=mailbox" "Mozilla/5.0 (X11; Linux x86_64) AppleWebKit/537.36 (KHTML, like Gecko) Ubuntu Chromium/77.0.3865.90 HeadlessChrome/77.0.3865.90 Safari/537.36"
192.168.10.130 - - [29/Feb/2020:08:06:09 +0000] "GET /imp/themes/default/graphics/flags/deleted.png HTTP/1.1" 200 442 "http://mail.spiral.com/imp/themes/default/screen.css" "Mozilla/5.0 (X11; Linux x86_64) AppleWebKit/537.36 (KHTML, like Gecko) Ubuntu Chromium/77.0.3865.90 HeadlessChrome/77.0.3865.90 Safari/537.36"
192.168.10.130 - - [29/Feb/2020:08:06:10 +0000] "GET /mnemo/ HTTP/1.1" 200 3711 "http://mail.spiral.com/services/portal/" "Mozilla/5.0 (X11; Ubuntu; Linux x86_64; rv:73.0) Gecko/20100101 Firefox/73.0"
192.168.10.130 - - [29/Feb/2020:08:06:42 +0000] "GET /services/portal/ HTTP/1.1" 200 6628 "http://mail.spiral.com/imp/dynamic.php?page=mailbox" "Mozilla/5.0 (X11; Linux x86_64) AppleWebKit/537.36 (KHTML, like Gecko) Ubuntu Chromium/77.0.3865.90 HeadlessChrome/77.0.3865.90 Safari/537.36"
192.168.10.130 - - [29/Feb/2020:08:06:47 +0000] "GET /kronolith/ HTTP/1.1" 200 24717 "http://mail.spiral.com/services/portal/" "Mozilla/5.0 (X11; Linux x86_64) AppleWebKit/537.36 (KHTML, like Gecko) Ubuntu Chromium/77.0.3865.90 HeadlessChrome/77.0.3865.90 Safari/537.36"
192.168.10.130 - - [29/Feb/2020:08:06:52 +0000] "POST /services/ajax.php/kronolith/listCalendars HTTP/1.1" 200 976 "http://mail.spiral.com/kronolith/" "Mozilla/5.0 (X11; Linux x86_64) AppleWebKit/537.36 (KHTML, like Gecko) Ubuntu Chromium/77.0.3865.90 HeadlessChrome/77.0.3865.90 Safari/537.36"
192.168.10.130 - - [29/Feb/2020:08:06:52 +0000] "POST /services/ajax.php/kronolith/listEvents HTTP/1.1" 200 552 "http://mail.spiral.com/kronolith/" "Mozilla/5.0 (X11; Linux x86_64) AppleWebKit/537.36 (KHTML, like Gecko) Ubuntu Chromium/77.0.3865.90 HeadlessChrome/77.0.3865.90 Safari/537.36"
192.168.10.130 - - [29/Feb/2020:08:06:52 +0000] "POST /services/ajax.php/kronolith/listEvents HTTP/1.1" 200 943 "http://mail.spiral.com/kronolith/" "Mozilla/5.0 (X11; Linux x86_64) AppleWebKit/537.36 (KHTML, like Gecko) Ubuntu Chromium/77.0.3865.90 HeadlessChrome/77.0.3865.90 Safari/537.36"
192.168.10.130 - - [29/Feb/2020:08:07:52 +0000] "POST /services/ajax.php/kronolith/poll HTTP/1.1" 200 387 "http://mail.spiral.com/kronolith/" "Mozilla/5.0 (X11; Linux x86_64) AppleWebKit/537.36 (KHTML, like Gecko) Ubuntu Chromium/77.0.3865.90 HeadlessChrome/77.0.3865.90 Safari/537.36"
192.168.10.130 - - [29/Feb/2020:08:07:56 +0000] "GET /services/portal/ HTTP/1.1" 200 5938 "http://mail.spiral.com/mnemo/" "Mozilla/5.0 (X11; Ubuntu; Linux x86_64; rv:73.0) Gecko/20100101 Firefox/73.0"
192.168.10.130 - - [29/Feb/2020:08:08:00 +0000] "GET /services/portal/ HTTP/1.1" 200 6620 "http://mail.spiral.com/kronolith/" "Mozilla/5.0 (X11; Linux x86_64) AppleWebKit/537.36 (KHTML, like Gecko) Ubuntu Chromium/77.0.3865.90 HeadlessChrome/77.0.3865.90 Safari/537.36"
192.168.10.130 - - [29/Feb/2020:08:08:01 +0000] "GET /imp/dynamic.php?page=mailbox HTTP/1.1" 200 8758 "http://mail.spiral.com/services/portal/" "Mozilla/5.0 (X11; Ubuntu; Linux x86_64; rv:73.0) Gecko/20100101 Firefox/73.0"
192.168.10.130 - - [29/Feb/2020:08:08:02 +0000] "POST /services/ajax.php/imp/dynamicInit HTTP/1.1" 200 1480 "http://mail.spiral.com/imp/dynamic.php?page=mailbox" "Mozilla/5.0 (X11; Ubuntu; Linux x86_64; rv:73.0) Gecko/20100101 Firefox/73.0"
192.168.10.130 - - [29/Feb/2020:08:08:04 +0000] "GET /turba/ HTTP/1.1" 200 4354 "http://mail.spiral.com/services/portal/" "Mozilla/5.0 (X11; Linux x86_64) AppleWebKit/537.36 (KHTML, like Gecko) Ubuntu Chromium/77.0.3865.90 HeadlessChrome/77.0.3865.90 Safari/537.36"
192.168.10.130 - - [29/Feb/2020:08:08:07 +0000] "GET /turba/add.php HTTP/1.1" 200 19383 "http://mail.spiral.com/turba/" "Mozilla/5.0 (X11; Linux x86_64) AppleWebKit/537.36 (KHTML, like Gecko) Ubuntu Chromium/77.0.3865.90 HeadlessChrome/77.0.3865.90 Safari/537.36"
192.168.10.130 - - [29/Feb/2020:08:08:12 +0000] "POST /services/ajax.php/imp/viewPort HTTP/1.1" 200 854 "http://mail.spiral.com/imp/dynamic.php?page=mailbox" "Mozilla/5.0 (X11; Ubuntu; Linux x86_64; rv:73.0) Gecko/20100101 Firefox/73.0"
192.168.10.130 - - [29/Feb/2020:08:08:16 +0000] "POST /turba/add.php HTTP/1.1" 302 492 "http://mail.spiral.com/turba/add.php" "Mozilla/5.0 (X11; Linux x86_64) AppleWebKit/537.36 (KHTML, like Gecko) Ubuntu Chromium/77.0.3865.90 HeadlessChrome/77.0.3865.90 Safari/537.36"
192.168.10.130 - - [29/Feb/2020:08:08:16 +0000] "GET /turba/contact.php?source=C3R0TNOZAsOCM9RnOz0lXPB&key=dC4IzNu-Mu07J1TxjdsFyFe&view=Contact HTTP/1.1" 200 21156 "http://mail.spiral.com/turba/add.php" "Mozilla/5.0 (X11; Linux x86_64) AppleWebKit/537.36 (KHTML, like Gecko) Ubuntu Chromium/77.0.3865.90 HeadlessChrome/77.0.3865.90 Safari/537.36"
192.168.10.130 - - [29/Feb/2020:08:08:16 +0000] "GET /imp/dynamic.php?page=compose&type=new&token=7ZKgi2uwzgACJt9B9sgiJjE&uniq=1582963696469 HTTP/1.1" 200 5533 "http://mail.spiral.com/imp/dynamic.php?page=mailbox" "Mozilla/5.0 (X11; Ubuntu; Linux x86_64; rv:73.0) Gecko/20100101 Firefox/73.0"
192.168.10.130 - - [29/Feb/2020:08:08:31 +0000] "POST /services/ajax.php/imp/sendMessage HTTP/1.1" 200 475 "http://mail.spiral.com/imp/dynamic.php?page=compose&type=new&token=7ZKgi2uwzgACJt9B9sgiJjE&uniq=1582963696469" "Mozilla/5.0 (X11; Ubuntu; Linux x86_64; rv:73.0) Gecko/20100101 Firefox/73.0"
192.168.10.130 - - [29/Feb/2020:08:08:50 +0000] "GET /services/portal/ HTTP/1.1" 200 6626 "http://mail.spiral.com/turba/contact.php?source=C3R0TNOZAsOCM9RnOz0lXPB&key=dC4IzNu-Mu07J1TxjdsFyFe&view=Contact" "Mozilla/5.0 (X11; Linux x86_64) AppleWebKit/537.36 (KHTML, like Gecko) Ubuntu Chromium/77.0.3865.90 HeadlessChrome/77.0.3865.90 Safari/537.36"
192.168.10.130 - - [29/Feb/2020:08:08:54 +0000] "GET /login.php?horde_logout_token=uQa1JHH6vz3kpm-SQqI4o_k&logout_reason=4 HTTP/1.1" 200 3843 "http://mail.spiral.com/services/portal/" "Mozilla/5.0 (X11; Linux x86_64) AppleWebKit/537.36 (KHTML, like Gecko) Ubuntu Chromium/77.0.3865.90 HeadlessChrome/77.0.3865.90 Safari/537.36"
192.168.10.130 - - [29/Feb/2020:08:09:12 +0000] "GET /services/portal/ HTTP/1.1" 200 5935 "http://mail.spiral.com/imp/dynamic.php?page=mailbox" "Mozilla/5.0 (X11; Ubuntu; Linux x86_64; rv:73.0) Gecko/20100101 Firefox/73.0"
192.168.10.130 - - [29/Feb/2020:08:09:19 +0000] "GET /nag/ HTTP/1.1" 200 8118 "http://mail.spiral.com/services/portal/" "Mozilla/5.0 (X11; Ubuntu; Linux x86_64; rv:73.0) Gecko/20100101 Firefox/73.0"
192.168.10.130 - - [29/Feb/2020:08:09:19 +0000] "GET /nag/themes/default/graphics/add.png HTTP/1.1" 200 780 "http://mail.spiral.com/nag/themes/default/screen.css" "Mozilla/5.0 (X11; Ubuntu; Linux x86_64; rv:73.0) Gecko/20100101 Firefox/73.0"
::1 - - [29/Feb/2020:08:09:40 +0000] "OPTIONS * HTTP/1.0" 200 110 "-" "Apache/2.4.25 (Debian) OpenSSL/1.0.2u (internal dummy connection)"
192.168.10.130 - - [29/Feb/2020:08:09:59 +0000] "GET /nag/task.php?actionID=add_task HTTP/1.1" 200 8929 "http://mail.spiral.com/nag/" "Mozilla/5.0 (X11; Ubuntu; Linux x86_64; rv:73.0) Gecko/20100101 Firefox/73.0"
192.168.10.130 - - [29/Feb/2020:08:10:15 +0000] "POST /services/ajax.php/horde/imple?token=7ZKgi2uwzgACJt9B9sgiJjE&app=nag&imple=Nag_Ajax_Imple_TagAutoCompleter&input=tags HTTP/1.1" 200 371 "http://mail.spiral.com/nag/task.php?actionID=add_task" "Mozilla/5.0 (X11; Ubuntu; Linux x86_64; rv:73.0) Gecko/20100101 Firefox/73.0"
192.168.10.130 - - [29/Feb/2020:08:10:42 +0000] "POST /nag/task/save.php HTTP/1.1" 302 415 "http://mail.spiral.com/nag/task.php?actionID=add_task" "Mozilla/5.0 (X11; Ubuntu; Linux x86_64; rv:73.0) Gecko/20100101 Firefox/73.0"
192.168.10.130 - - [29/Feb/2020:08:10:42 +0000] "GET /nag/list.php HTTP/1.1" 200 8329 "http://mail.spiral.com/nag/task.php?actionID=add_task" "Mozilla/5.0 (X11; Ubuntu; Linux x86_64; rv:73.0) Gecko/20100101 Firefox/73.0"
::1 - - [29/Feb/2020:08:11:13 +0000] "OPTIONS * HTTP/1.0" 200 110 "-" "Apache/2.4.25 (Debian) OpenSSL/1.0.2u (internal dummy connection)"
192.168.10.130 - - [29/Feb/2020:08:11:19 +0000] "GET /services/portal/ HTTP/1.1" 200 6011 "http://mail.spiral.com/nag/list.php" "Mozilla/5.0 (X11; Ubuntu; Linux x86_64; rv:73.0) Gecko/20100101 Firefox/73.0"
192.168.10.130 - - [29/Feb/2020:08:11:22 +0000] "GET /kronolith/ HTTP/1.1" 200 24710 "http://mail.spiral.com/services/portal/" "Mozilla/5.0 (X11; Ubuntu; Linux x86_64; rv:73.0) Gecko/20100101 Firefox/73.0"
192.168.10.130 - - [29/Feb/2020:08:11:23 +0000] "POST /services/ajax.php/kronolith/listCalendars HTTP/1.1" 200 974 "http://mail.spiral.com/kronolith/" "Mozilla/5.0 (X11; Ubuntu; Linux x86_64; rv:73.0) Gecko/20100101 Firefox/73.0"
192.168.10.130 - - [29/Feb/2020:08:11:23 +0000] "POST /services/ajax.php/kronolith/listEvents HTTP/1.1" 200 937 "http://mail.spiral.com/kronolith/" "Mozilla/5.0 (X11; Ubuntu; Linux x86_64; rv:73.0) Gecko/20100101 Firefox/73.0"
192.168.10.130 - - [29/Feb/2020:08:11:23 +0000] "POST /services/ajax.php/kronolith/listEvents HTTP/1.1" 200 552 "http://mail.spiral.com/kronolith/" "Mozilla/5.0 (X11; Ubuntu; Linux x86_64; rv:73.0) Gecko/20100101 Firefox/73.0"
192.168.10.130 - - [29/Feb/2020:08:11:33 +0000] "POST /services/ajax.php/kronolith/listTopTags HTTP/1.1" 200 414 "http://mail.spiral.com/kronolith/" "Mozilla/5.0 (X11; Ubuntu; Linux x86_64; rv:73.0) Gecko/20100101 Firefox/73.0"
192.168.10.130 - - [29/Feb/2020:08:12:02 +0000] "POST /services/ajax.php/kronolith/saveEvent HTTP/1.1" 200 648 "http://mail.spiral.com/kronolith/" "Mozilla/5.0 (X11; Ubuntu; Linux x86_64; rv:73.0) Gecko/20100101 Firefox/73.0"
192.168.10.130 - - [29/Feb/2020:08:12:14 +0000] "GET /services/portal/ HTTP/1.1" 200 6012 "http://mail.spiral.com/kronolith/" "Mozilla/5.0 (X11; Ubuntu; Linux x86_64; rv:73.0) Gecko/20100101 Firefox/73.0"
192.168.10.130 - - [29/Feb/2020:08:12:18 +0000] "GET /mnemo/ HTTP/1.1" 200 3711 "http://mail.spiral.com/services/portal/" "Mozilla/5.0 (X11; Ubuntu; Linux x86_64; rv:73.0) Gecko/20100101 Firefox/73.0"
192.168.10.130 - - [29/Feb/2020:08:12:57 +0000] "GET /mnemo/memo.php?actionID=add_memo HTTP/1.1" 200 5979 "http://mail.spiral.com/mnemo/" "Mozilla/5.0 (X11; Ubuntu; Linux x86_64; rv:73.0) Gecko/20100101 Firefox/73.0"
192.168.10.130 - - [29/Feb/2020:08:13:08 +0000] "POST /services/ajax.php/horde/imple?token=7ZKgi2uwzgACJt9B9sgiJjE&app=mnemo&imple=Mnemo_Ajax_Imple_TagAutoCompleter&input=memo_tags HTTP/1.1" 200 371 "http://mail.spiral.com/mnemo/memo.php?actionID=add_memo" "Mozilla/5.0 (X11; Ubuntu; Linux x86_64; rv:73.0) Gecko/20100101 Firefox/73.0"
192.168.10.130 - - [29/Feb/2020:08:13:13 +0000] "POST /mnemo/memo.php HTTP/1.1" 302 416 "http://mail.spiral.com/mnemo/memo.php?actionID=add_memo" "Mozilla/5.0 (X11; Ubuntu; Linux x86_64; rv:73.0) Gecko/20100101 Firefox/73.0"
192.168.10.130 - - [29/Feb/2020:08:13:13 +0000] "GET /mnemo/list.php HTTP/1.1" 200 5258 "http://mail.spiral.com/mnemo/memo.php?actionID=add_memo" "Mozilla/5.0 (X11; Ubuntu; Linux x86_64; rv:73.0) Gecko/20100101 Firefox/73.0"
192.168.10.130 - - [29/Feb/2020:08:13:48 +0000] "GET /services/portal/ HTTP/1.1" 200 6491 "http://mail.spiral.com/mnemo/list.php" "Mozilla/5.0 (X11; Ubuntu; Linux x86_64; rv:73.0) Gecko/20100101 Firefox/73.0"
192.168.10.130 - - [29/Feb/2020:08:13:54 +0000] "GET /mnemo/ HTTP/1.1" 200 5145 "http://mail.spiral.com/services/portal/" "Mozilla/5.0 (X11; Ubuntu; Linux x86_64; rv:73.0) Gecko/20100101 Firefox/73.0"
192.168.10.130 - - [29/Feb/2020:08:14:32 +0000] "GET /mnemo/memo.php?actionID=add_memo HTTP/1.1" 200 5979 "http://mail.spiral.com/mnemo/" "Mozilla/5.0 (X11; Ubuntu; Linux x86_64; rv:73.0) Gecko/20100101 Firefox/73.0"
192.168.10.130 - - [29/Feb/2020:08:14:44 +0000] "POST /services/ajax.php/horde/imple?token=7ZKgi2uwzgACJt9B9sgiJjE&app=mnemo&imple=Mnemo_Ajax_Imple_TagAutoCompleter&input=memo_tags HTTP/1.1" 200 371 "http://mail.spiral.com/mnemo/memo.php?actionID=add_memo" "Mozilla/5.0 (X11; Ubuntu; Linux x86_64; rv:73.0) Gecko/20100101 Firefox/73.0"
192.168.10.130 - - [29/Feb/2020:08:14:48 +0000] "POST /mnemo/memo.php HTTP/1.1" 302 416 "http://mail.spiral.com/mnemo/memo.php?actionID=add_memo" "Mozilla/5.0 (X11; Ubuntu; Linux x86_64; rv:73.0) Gecko/20100101 Firefox/73.0"
192.168.10.130 - - [29/Feb/2020:08:14:49 +0000] "GET /mnemo/list.php HTTP/1.1" 200 5408 "http://mail.spiral.com/mnemo/memo.php?actionID=add_memo" "Mozilla/5.0 (X11; Ubuntu; Linux x86_64; rv:73.0) Gecko/20100101 Firefox/73.0"
192.168.10.130 - - [29/Feb/2020:08:15:26 +0000] "GET /services/portal/ HTTP/1.1" 200 6614 "http://mail.spiral.com/mnemo/list.php" "Mozilla/5.0 (X11; Ubuntu; Linux x86_64; rv:73.0) Gecko/20100101 Firefox/73.0"
192.168.10.130 - - [29/Feb/2020:08:15:33 +0000] "GET /mnemo/ HTTP/1.1" 200 5291 "http://mail.spiral.com/services/portal/" "Mozilla/5.0 (X11; Ubuntu; Linux x86_64; rv:73.0) Gecko/20100101 Firefox/73.0"
192.168.10.130 - - [29/Feb/2020:08:16:10 +0000] "GET /mnemo/memo.php?actionID=add_memo HTTP/1.1" 200 5977 "http://mail.spiral.com/mnemo/" "Mozilla/5.0 (X11; Ubuntu; Linux x86_64; rv:73.0) Gecko/20100101 Firefox/73.0"
192.168.10.130 - - [29/Feb/2020:08:16:21 +0000] "POST /services/ajax.php/horde/imple?token=7ZKgi2uwzgACJt9B9sgiJjE&app=mnemo&imple=Mnemo_Ajax_Imple_TagAutoCompleter&input=memo_tags HTTP/1.1" 200 371 "http://mail.spiral.com/mnemo/memo.php?actionID=add_memo" "Mozilla/5.0 (X11; Ubuntu; Linux x86_64; rv:73.0) Gecko/20100101 Firefox/73.0"
192.168.10.130 - - [29/Feb/2020:08:16:26 +0000] "POST /mnemo/memo.php HTTP/1.1" 302 416 "http://mail.spiral.com/mnemo/memo.php?actionID=add_memo" "Mozilla/5.0 (X11; Ubuntu; Linux x86_64; rv:73.0) Gecko/20100101 Firefox/73.0"
192.168.10.130 - - [29/Feb/2020:08:16:27 +0000] "GET /mnemo/list.php HTTP/1.1" 200 5506 "http://mail.spiral.com/mnemo/memo.php?actionID=add_memo" "Mozilla/5.0 (X11; Ubuntu; Linux x86_64; rv:73.0) Gecko/20100101 Firefox/73.0"
192.168.10.130 - - [29/Feb/2020:08:17:00 +0000] "GET /services/portal/ HTTP/1.1" 200 6702 "http://mail.spiral.com/mnemo/list.php" "Mozilla/5.0 (X11; Ubuntu; Linux x86_64; rv:73.0) Gecko/20100101 Firefox/73.0"
192.168.10.130 - - [29/Feb/2020:08:17:36 +0000] "GET /services/portal/ HTTP/1.1" 200 6692 "http://mail.spiral.com/services/portal/" "Mozilla/5.0 (X11; Ubuntu; Linux x86_64; rv:73.0) Gecko/20100101 Firefox/73.0"
192.168.10.130 - - [29/Feb/2020:08:17:43 +0000] "GET /imp/dynamic.php?page=mailbox HTTP/1.1" 200 8759 "http://mail.spiral.com/services/portal/" "Mozilla/5.0 (X11; Ubuntu; Linux x86_64; rv:73.0) Gecko/20100101 Firefox/73.0"
192.168.10.130 - - [29/Feb/2020:08:17:43 +0000] "POST /services/ajax.php/imp/dynamicInit HTTP/1.1" 200 1487 "http://mail.spiral.com/imp/dynamic.php?page=mailbox" "Mozilla/5.0 (X11; Ubuntu; Linux x86_64; rv:73.0) Gecko/20100101 Firefox/73.0"
192.168.10.130 - - [29/Feb/2020:08:17:53 +0000] "POST /services/ajax.php/imp/viewPort HTTP/1.1" 200 846 "http://mail.spiral.com/imp/dynamic.php?page=mailbox" "Mozilla/5.0 (X11; Ubuntu; Linux x86_64; rv:73.0) Gecko/20100101 Firefox/73.0"
192.168.10.130 - - [29/Feb/2020:08:18:00 +0000] "GET /imp/dynamic.php?page=compose&type=new&token=7ZKgi2uwzgACJt9B9sgiJjE&uniq=1582964280628 HTTP/1.1" 200 5538 "http://mail.spiral.com/imp/dynamic.php?page=mailbox" "Mozilla/5.0 (X11; Ubuntu; Linux x86_64; rv:73.0) Gecko/20100101 Firefox/73.0"
192.168.10.130 - - [29/Feb/2020:08:18:12 +0000] "POST /services/ajax.php/imp/addAttachment?jsonhtml=1&token=7ZKgi2uwzgACJt9B9sgiJjE HTTP/1.1" 200 1220 "http://mail.spiral.com/imp/dynamic.php?page=compose&type=new&token=7ZKgi2uwzgACJt9B9sgiJjE&uniq=1582964280628" "Mozilla/5.0 (X11; Ubuntu; Linux x86_64; rv:73.0) Gecko/20100101 Firefox/73.0"
192.168.10.130 - - [29/Feb/2020:08:18:23 +0000] "POST /services/ajax.php/imp/sendMessage HTTP/1.1" 200 473 "http://mail.spiral.com/imp/dynamic.php?page=compose&type=new&token=7ZKgi2uwzgACJt9B9sgiJjE&uniq=1582964280628" "Mozilla/5.0 (X11; Ubuntu; Linux x86_64; rv:73.0) Gecko/20100101 Firefox/73.0"
::1 - - [29/Feb/2020:08:18:29 +0000] "OPTIONS * HTTP/1.0" 200 110 "-" "Apache/2.4.25 (Debian) OpenSSL/1.0.2u (internal dummy connection)"
::1 - - [29/Feb/2020:08:18:30 +0000] "OPTIONS * HTTP/1.0" 200 110 "-" "Apache/2.4.25 (Debian) OpenSSL/1.0.2u (internal dummy connection)"
192.168.10.130 - - [29/Feb/2020:08:19:02 +0000] "GET /services/portal/ HTTP/1.1" 200 6694 "http://mail.spiral.com/imp/dynamic.php?page=mailbox" "Mozilla/5.0 (X11; Ubuntu; Linux x86_64; rv:73.0) Gecko/20100101 Firefox/73.0"
192.168.10.130 - - [29/Feb/2020:08:19:07 +0000] "GET /nag/ HTTP/1.1" 200 8231 "http://mail.spiral.com/services/portal/" "Mozilla/5.0 (X11; Ubuntu; Linux x86_64; rv:73.0) Gecko/20100101 Firefox/73.0"
192.168.10.130 - - [29/Feb/2020:08:19:48 +0000] "GET /nag/task.php?tasklist=LdhVMC-1hXaURBl5JqAgch3&task=c1pT-QgVpiNo2eG8pl1_9dq&actionID=modify_task&have_search&tab_name=1&url=%2Fnag%2F HTTP/1.1" 200 9094 "http://mail.spiral.com/nag/" "Mozilla/5.0 (X11; Ubuntu; Linux x86_64; rv:73.0) Gecko/20100101 Firefox/73.0"
192.168.10.130 - - [29/Feb/2020:08:19:51 +0000] "POST /nag/task/save.php HTTP/1.1" 302 414 "http://mail.spiral.com/nag/task.php?tasklist=LdhVMC-1hXaURBl5JqAgch3&task=c1pT-QgVpiNo2eG8pl1_9dq&actionID=modify_task&have_search&tab_name=1&url=%2Fnag%2F" "Mozilla/5.0 (X11; Ubuntu; Linux x86_64; rv:73.0) Gecko/20100101 Firefox/73.0"
192.168.10.130 - - [29/Feb/2020:08:19:51 +0000] "GET /nag/list.php HTTP/1.1" 200 8217 "http://mail.spiral.com/nag/task.php?tasklist=LdhVMC-1hXaURBl5JqAgch3&task=c1pT-QgVpiNo2eG8pl1_9dq&actionID=modify_task&have_search&tab_name=1&url=%2Fnag%2F" "Mozilla/5.0 (X11; Ubuntu; Linux x86_64; rv:73.0) Gecko/20100101 Firefox/73.0"
::1 - - [29/Feb/2020:08:20:12 +0000] "OPTIONS * HTTP/1.0" 200 110 "-" "Apache/2.4.25 (Debian) OpenSSL/1.0.2u (internal dummy connection)"
192.168.10.130 - - [29/Feb/2020:08:20:26 +0000] "GET /services/portal/ HTTP/1.1" 200 6620 "http://mail.spiral.com/nag/list.php" "Mozilla/5.0 (X11; Ubuntu; Linux x86_64; rv:73.0) Gecko/20100101 Firefox/73.0"
192.168.10.130 - - [29/Feb/2020:08:20:33 +0000] "GET /nag/ HTTP/1.1" 200 8115 "http://mail.spiral.com/services/portal/" "Mozilla/5.0 (X11; Ubuntu; Linux x86_64; rv:73.0) Gecko/20100101 Firefox/73.0"
192.168.10.194 - - [29/Feb/2020:08:21:04 +0000] "GET /login.php HTTP/1.1" 200 2537 "-" "Mozilla/5.0 (X11; Linux x86_64) AppleWebKit/537.36 (KHTML, like Gecko) Ubuntu Chromium/77.0.3865.90 HeadlessChrome/77.0.3865.90 Safari/537.36"
192.168.10.130 - - [29/Feb/2020:08:21:12 +0000] "GET /nag/task.php?tasklist=LdhVMC-1hXaURBl5JqAgch3&task=FWAuGkdZY83-YXi-Jeb0LBR&actionID=modify_task&have_search&tab_name=1&url=%2Fnag%2F HTTP/1.1" 200 9061 "http://mail.spiral.com/nag/" "Mozilla/5.0 (X11; Ubuntu; Linux x86_64; rv:73.0) Gecko/20100101 Firefox/73.0"
192.168.10.194 - - [29/Feb/2020:08:21:13 +0000] "POST /login.php HTTP/1.1" 302 607 "http://mail.spiral.com/login.php" "Mozilla/5.0 (X11; Linux x86_64) AppleWebKit/537.36 (KHTML, like Gecko) Ubuntu Chromium/77.0.3865.90 HeadlessChrome/77.0.3865.90 Safari/537.36"
192.168.10.194 - - [29/Feb/2020:08:21:13 +0000] "GET /services/portal/ HTTP/1.1" 200 5061 "http://mail.spiral.com/login.php" "Mozilla/5.0 (X11; Linux x86_64) AppleWebKit/537.36 (KHTML, like Gecko) Ubuntu Chromium/77.0.3865.90 HeadlessChrome/77.0.3865.90 Safari/537.36"
192.168.10.130 - - [29/Feb/2020:08:21:16 +0000] "POST /nag/task/save.php HTTP/1.1" 302 414 "http://mail.spiral.com/nag/task.php?tasklist=LdhVMC-1hXaURBl5JqAgch3&task=FWAuGkdZY83-YXi-Jeb0LBR&actionID=modify_task&have_search&tab_name=1&url=%2Fnag%2F" "Mozilla/5.0 (X11; Ubuntu; Linux x86_64; rv:73.0) Gecko/20100101 Firefox/73.0"
192.168.10.130 - - [29/Feb/2020:08:21:16 +0000] "GET /nag/list.php HTTP/1.1" 200 5331 "http://mail.spiral.com/nag/task.php?tasklist=LdhVMC-1hXaURBl5JqAgch3&task=FWAuGkdZY83-YXi-Jeb0LBR&actionID=modify_task&have_search&tab_name=1&url=%2Fnag%2F" "Mozilla/5.0 (X11; Ubuntu; Linux x86_64; rv:73.0) Gecko/20100101 Firefox/73.0"
192.168.10.194 - - [29/Feb/2020:08:21:17 +0000] "GET /nag/ HTTP/1.1" 200 5227 "http://mail.spiral.com/services/portal/" "Mozilla/5.0 (X11; Linux x86_64) AppleWebKit/537.36 (KHTML, like Gecko) Ubuntu Chromium/77.0.3865.90 HeadlessChrome/77.0.3865.90 Safari/537.36"
192.168.10.194 - - [29/Feb/2020:08:21:17 +0000] "GET /nag/themes/default/screen.css HTTP/1.1" 200 1132 "http://mail.spiral.com/nag/" "Mozilla/5.0 (X11; Linux x86_64) AppleWebKit/537.36 (KHTML, like Gecko) Ubuntu Chromium/77.0.3865.90 HeadlessChrome/77.0.3865.90 Safari/537.36"
192.168.10.194 - - [29/Feb/2020:08:21:17 +0000] "GET /js/sidebar.js?v=dc442439853f80a9467ce727c08e9b0e HTTP/1.1" 200 1078 "http://mail.spiral.com/nag/" "Mozilla/5.0 (X11; Linux x86_64) AppleWebKit/537.36 (KHTML, like Gecko) Ubuntu Chromium/77.0.3865.90 HeadlessChrome/77.0.3865.90 Safari/537.36"
192.168.10.194 - - [29/Feb/2020:08:21:17 +0000] "GET /js/redbox.js?v=dc442439853f80a9467ce727c08e9b0e HTTP/1.1" 200 1611 "http://mail.spiral.com/nag/" "Mozilla/5.0 (X11; Linux x86_64) AppleWebKit/537.36 (KHTML, like Gecko) Ubuntu Chromium/77.0.3865.90 HeadlessChrome/77.0.3865.90 Safari/537.36"
192.168.10.194 - - [29/Feb/2020:08:21:17 +0000] "GET /js/quickfinder.js?v=dc442439853f80a9467ce727c08e9b0e HTTP/1.1" 200 1493 "http://mail.spiral.com/nag/" "Mozilla/5.0 (X11; Linux x86_64) AppleWebKit/537.36 (KHTML, like Gecko) Ubuntu Chromium/77.0.3865.90 HeadlessChrome/77.0.3865.90 Safari/537.36"
192.168.10.194 - - [29/Feb/2020:08:21:17 +0000] "GET /themes/default/graphics/sidebar-split.png HTTP/1.1" 200 353 "http://mail.spiral.com/themes/default/screen.css" "Mozilla/5.0 (X11; Linux x86_64) AppleWebKit/537.36 (KHTML, like Gecko) Ubuntu Chromium/77.0.3865.90 HeadlessChrome/77.0.3865.90 Safari/537.36"
192.168.10.194 - - [29/Feb/2020:08:21:17 +0000] "GET /nag/themes/default/graphics/add.png HTTP/1.1" 200 780 "http://mail.spiral.com/nag/themes/default/screen.css" "Mozilla/5.0 (X11; Linux x86_64) AppleWebKit/537.36 (KHTML, like Gecko) Ubuntu Chromium/77.0.3865.90 HeadlessChrome/77.0.3865.90 Safari/537.36"
192.168.10.194 - - [29/Feb/2020:08:21:17 +0000] "GET /themes/default/graphics/tab.png HTTP/1.1" 200 375 "http://mail.spiral.com/themes/default/screen.css" "Mozilla/5.0 (X11; Linux x86_64) AppleWebKit/537.36 (KHTML, like Gecko) Ubuntu Chromium/77.0.3865.90 HeadlessChrome/77.0.3865.90 Safari/537.36"
192.168.10.194 - - [29/Feb/2020:08:21:17 +0000] "GET /themes/default/graphics/collapse.png HTTP/1.1" 200 494 "http://mail.spiral.com/themes/default/screen.css" "Mozilla/5.0 (X11; Linux x86_64) AppleWebKit/537.36 (KHTML, like Gecko) Ubuntu Chromium/77.0.3865.90 HeadlessChrome/77.0.3865.90 Safari/537.36"
192.168.10.194 - - [29/Feb/2020:08:21:17 +0000] "GET /themes/default/graphics/slidevert-bg.png HTTP/1.1" 200 354 "http://mail.spiral.com/themes/default/screen.css" "Mozilla/5.0 (X11; Linux x86_64) AppleWebKit/537.36 (KHTML, like Gecko) Ubuntu Chromium/77.0.3865.90 HeadlessChrome/77.0.3865.90 Safari/537.36"
192.168.10.194 - - [29/Feb/2020:08:21:17 +0000] "GET /themes/default/graphics/sidebar-active-bg.png HTTP/1.1" 200 380 "http://mail.spiral.com/themes/default/screen.css" "Mozilla/5.0 (X11; Linux x86_64) AppleWebKit/537.36 (KHTML, like Gecko) Ubuntu Chromium/77.0.3865.90 HeadlessChrome/77.0.3865.90 Safari/537.36"
192.168.10.194 - - [29/Feb/2020:08:21:17 +0000] "GET /themes/default/graphics/checkbox_on.png HTTP/1.1" 200 746 "http://mail.spiral.com/themes/default/screen.css" "Mozilla/5.0 (X11; Linux x86_64) AppleWebKit/537.36 (KHTML, like Gecko) Ubuntu Chromium/77.0.3865.90 HeadlessChrome/77.0.3865.90 Safari/537.36"
192.168.10.194 - - [29/Feb/2020:08:21:17 +0000] "GET /nag/themes/default/graphics/nag.png HTTP/1.1" 200 734 "http://mail.spiral.com/nag/themes/default/screen.css" "Mozilla/5.0 (X11; Linux x86_64) AppleWebKit/537.36 (KHTML, like Gecko) Ubuntu Chromium/77.0.3865.90 HeadlessChrome/77.0.3865.90 Safari/537.36"
192.168.10.194 - - [29/Feb/2020:08:21:17 +0000] "GET /themes/default/graphics/expand.png HTTP/1.1" 200 501 "http://mail.spiral.com/themes/default/screen.css" "Mozilla/5.0 (X11; Linux x86_64) AppleWebKit/537.36 (KHTML, like Gecko) Ubuntu Chromium/77.0.3865.90 HeadlessChrome/77.0.3865.90 Safari/537.36"
192.168.10.194 - - [29/Feb/2020:08:21:17 +0000] "GET /themes/default/graphics/data.png HTTP/1.1" 200 654 "http://mail.spiral.com/themes/default/screen.css" "Mozilla/5.0 (X11; Linux x86_64) AppleWebKit/537.36 (KHTML, like Gecko) Ubuntu Chromium/77.0.3865.90 HeadlessChrome/77.0.3865.90 Safari/537.36"
192.168.10.194 - - [29/Feb/2020:08:21:17 +0000] "GET /nag/themes/default/graphics/search.png HTTP/1.1" 200 728 "http://mail.spiral.com/nag/themes/default/screen.css" "Mozilla/5.0 (X11; Linux x86_64) AppleWebKit/537.36 (KHTML, like Gecko) Ubuntu Chromium/77.0.3865.90 HeadlessChrome/77.0.3865.90 Safari/537.36"
192.168.10.194 - - [29/Feb/2020:08:21:17 +0000] "GET /themes/default/graphics/edit-sidebar-000.png HTTP/1.1" 200 507 "http://mail.spiral.com/themes/default/screen.css" "Mozilla/5.0 (X11; Linux x86_64) AppleWebKit/537.36 (KHTML, like Gecko) Ubuntu Chromium/77.0.3865.90 HeadlessChrome/77.0.3865.90 Safari/537.36"
192.168.10.194 - - [29/Feb/2020:08:21:17 +0000] "GET /themes/default/graphics/plus-sidebar.png HTTP/1.1" 200 783 "http://mail.spiral.com/themes/default/screen.css" "Mozilla/5.0 (X11; Linux x86_64) AppleWebKit/537.36 (KHTML, like Gecko) Ubuntu Chromium/77.0.3865.90 HeadlessChrome/77.0.3865.90 Safari/537.36"
192.168.10.194 - - [29/Feb/2020:08:21:17 +0000] "GET /themes/default/graphics/slidevert.png HTTP/1.1" 200 398 "http://mail.spiral.com/themes/default/screen.css" "Mozilla/5.0 (X11; Linux x86_64) AppleWebKit/537.36 (KHTML, like Gecko) Ubuntu Chromium/77.0.3865.90 HeadlessChrome/77.0.3865.90 Safari/537.36"
::1 - - [29/Feb/2020:08:21:24 +0000] "OPTIONS * HTTP/1.0" 200 110 "-" "Apache/2.4.25 (Debian) OpenSSL/1.0.2u (internal dummy connection)"
::1 - - [29/Feb/2020:08:21:25 +0000] "OPTIONS * HTTP/1.0" 200 110 "-" "Apache/2.4.25 (Debian) OpenSSL/1.0.2u (internal dummy connection)"
::1 - - [29/Feb/2020:08:21:26 +0000] "OPTIONS * HTTP/1.0" 200 110 "-" "Apache/2.4.25 (Debian) OpenSSL/1.0.2u (internal dummy connection)"
192.168.10.130 - - [29/Feb/2020:08:21:52 +0000] "GET /services/portal/ HTTP/1.1" 200 5741 "http://mail.spiral.com/nag/list.php" "Mozilla/5.0 (X11; Ubuntu; Linux x86_64; rv:73.0) Gecko/20100101 Firefox/73.0"
192.168.10.130 - - [29/Feb/2020:08:21:56 +0000] "GET /nag/ HTTP/1.1" 200 5226 "http://mail.spiral.com/services/portal/" "Mozilla/5.0 (X11; Ubuntu; Linux x86_64; rv:73.0) Gecko/20100101 Firefox/73.0"
192.168.10.130 - - [29/Feb/2020:08:22:39 +0000] "GET /nag/task.php?actionID=add_task HTTP/1.1" 200 8899 "http://mail.spiral.com/nag/" "Mozilla/5.0 (X11; Ubuntu; Linux x86_64; rv:73.0) Gecko/20100101 Firefox/73.0"
192.168.10.130 - - [29/Feb/2020:08:22:56 +0000] "POST /services/ajax.php/horde/imple?token=7ZKgi2uwzgACJt9B9sgiJjE&app=nag&imple=Nag_Ajax_Imple_TagAutoCompleter&input=tags HTTP/1.1" 200 371 "http://mail.spiral.com/nag/task.php?actionID=add_task" "Mozilla/5.0 (X11; Ubuntu; Linux x86_64; rv:73.0) Gecko/20100101 Firefox/73.0"
192.168.10.194 - - [29/Feb/2020:08:23:01 +0000] "GET /services/portal/ HTTP/1.1" 200 4962 "http://mail.spiral.com/nag/" "Mozilla/5.0 (X11; Linux x86_64) AppleWebKit/537.36 (KHTML, like Gecko) Ubuntu Chromium/77.0.3865.90 HeadlessChrome/77.0.3865.90 Safari/537.36"
192.168.10.194 - - [29/Feb/2020:08:23:04 +0000] "GET /mnemo/ HTTP/1.1" 200 3705 "http://mail.spiral.com/services/portal/" "Mozilla/5.0 (X11; Linux x86_64) AppleWebKit/537.36 (KHTML, like Gecko) Ubuntu Chromium/77.0.3865.90 HeadlessChrome/77.0.3865.90 Safari/537.36"
192.168.10.194 - - [29/Feb/2020:08:23:05 +0000] "GET /mnemo/js/list.js?v=bef6a81df654c73d2a7fc487bc2a4694 HTTP/1.1" 200 945 "http://mail.spiral.com/mnemo/" "Mozilla/5.0 (X11; Linux x86_64) AppleWebKit/537.36 (KHTML, like Gecko) Ubuntu Chromium/77.0.3865.90 HeadlessChrome/77.0.3865.90 Safari/537.36"
192.168.10.194 - - [29/Feb/2020:08:23:05 +0000] "GET /js/tables.js?v=dc442439853f80a9467ce727c08e9b0e HTTP/1.1" 200 2455 "http://mail.spiral.com/mnemo/" "Mozilla/5.0 (X11; Linux x86_64) AppleWebKit/537.36 (KHTML, like Gecko) Ubuntu Chromium/77.0.3865.90 HeadlessChrome/77.0.3865.90 Safari/537.36"
192.168.10.194 - - [29/Feb/2020:08:23:05 +0000] "GET /mnemo/themes/default/screen.css HTTP/1.1" 200 1023 "http://mail.spiral.com/mnemo/" "Mozilla/5.0 (X11; Linux x86_64) AppleWebKit/537.36 (KHTML, like Gecko) Ubuntu Chromium/77.0.3865.90 HeadlessChrome/77.0.3865.90 Safari/537.36"
192.168.10.194 - - [29/Feb/2020:08:23:05 +0000] "GET /mnemo/themes/default/graphics/search.png HTTP/1.1" 200 728 "http://mail.spiral.com/mnemo/themes/default/screen.css" "Mozilla/5.0 (X11; Linux x86_64) AppleWebKit/537.36 (KHTML, like Gecko) Ubuntu Chromium/77.0.3865.90 HeadlessChrome/77.0.3865.90 Safari/537.36"
192.168.10.194 - - [29/Feb/2020:08:23:05 +0000] "GET /mnemo/themes/default/graphics/mnemo.png HTTP/1.1" 200 665 "http://mail.spiral.com/mnemo/themes/default/screen.css" "Mozilla/5.0 (X11; Linux x86_64) AppleWebKit/537.36 (KHTML, like Gecko) Ubuntu Chromium/77.0.3865.90 HeadlessChrome/77.0.3865.90 Safari/537.36"
192.168.10.130 - - [29/Feb/2020:08:23:35 +0000] "POST /nag/task/save.php HTTP/1.1" 302 415 "http://mail.spiral.com/nag/task.php?actionID=add_task" "Mozilla/5.0 (X11; Ubuntu; Linux x86_64; rv:73.0) Gecko/20100101 Firefox/73.0"
192.168.10.130 - - [29/Feb/2020:08:23:35 +0000] "GET /nag/list.php HTTP/1.1" 200 7917 "http://mail.spiral.com/nag/task.php?actionID=add_task" "Mozilla/5.0 (X11; Ubuntu; Linux x86_64; rv:73.0) Gecko/20100101 Firefox/73.0"
192.168.10.130 - - [29/Feb/2020:08:24:10 +0000] "GET /services/portal/ HTTP/1.1" 200 6761 "http://mail.spiral.com/nag/list.php" "Mozilla/5.0 (X11; Ubuntu; Linux x86_64; rv:73.0) Gecko/20100101 Firefox/73.0"
192.168.10.130 - - [29/Feb/2020:08:24:17 +0000] "GET /imp/dynamic.php?page=mailbox HTTP/1.1" 200 8758 "http://mail.spiral.com/services/portal/" "Mozilla/5.0 (X11; Ubuntu; Linux x86_64; rv:73.0) Gecko/20100101 Firefox/73.0"
192.168.10.130 - - [29/Feb/2020:08:24:17 +0000] "POST /services/ajax.php/imp/dynamicInit HTTP/1.1" 200 1480 "http://mail.spiral.com/imp/dynamic.php?page=mailbox" "Mozilla/5.0 (X11; Ubuntu; Linux x86_64; rv:73.0) Gecko/20100101 Firefox/73.0"
192.168.10.130 - - [29/Feb/2020:08:24:18 +0000] "GET /imp/themes/default/graphics/flags/answered.png HTTP/1.1" 200 399 "http://mail.spiral.com/imp/themes/default/screen.css" "Mozilla/5.0 (X11; Ubuntu; Linux x86_64; rv:73.0) Gecko/20100101 Firefox/73.0"
192.168.10.130 - - [29/Feb/2020:08:24:27 +0000] "POST /services/ajax.php/imp/viewPort HTTP/1.1" 200 854 "http://mail.spiral.com/imp/dynamic.php?page=mailbox" "Mozilla/5.0 (X11; Ubuntu; Linux x86_64; rv:73.0) Gecko/20100101 Firefox/73.0"
192.168.10.194 - - [29/Feb/2020:08:24:49 +0000] "GET /services/portal/ HTTP/1.1" 200 4967 "http://mail.spiral.com/mnemo/" "Mozilla/5.0 (X11; Linux x86_64) AppleWebKit/537.36 (KHTML, like Gecko) Ubuntu Chromium/77.0.3865.90 HeadlessChrome/77.0.3865.90 Safari/537.36"
192.168.10.194 - - [29/Feb/2020:08:24:54 +0000] "GET /turba/ HTTP/1.1" 200 4350 "http://mail.spiral.com/services/portal/" "Mozilla/5.0 (X11; Linux x86_64) AppleWebKit/537.36 (KHTML, like Gecko) Ubuntu Chromium/77.0.3865.90 HeadlessChrome/77.0.3865.90 Safari/537.36"
192.168.10.194 - - [29/Feb/2020:08:24:54 +0000] "GET /turba/js/search.js?v=bdffa700049748b9e0ede1748b17c142 HTTP/1.1" 200 1016 "http://mail.spiral.com/turba/" "Mozilla/5.0 (X11; Linux x86_64) AppleWebKit/537.36 (KHTML, like Gecko) Ubuntu Chromium/77.0.3865.90 HeadlessChrome/77.0.3865.90 Safari/537.36"
192.168.10.194 - - [29/Feb/2020:08:24:54 +0000] "GET /turba/themes/default/screen.css HTTP/1.1" 200 1297 "http://mail.spiral.com/turba/" "Mozilla/5.0 (X11; Linux x86_64) AppleWebKit/537.36 (KHTML, like Gecko) Ubuntu Chromium/77.0.3865.90 HeadlessChrome/77.0.3865.90 Safari/537.36"
192.168.10.194 - - [29/Feb/2020:08:24:54 +0000] "GET /turba/themes/default/graphics/search.png HTTP/1.1" 200 663 "http://mail.spiral.com/turba/themes/default/screen.css" "Mozilla/5.0 (X11; Linux x86_64) AppleWebKit/537.36 (KHTML, like Gecko) Ubuntu Chromium/77.0.3865.90 HeadlessChrome/77.0.3865.90 Safari/537.36"
192.168.10.194 - - [29/Feb/2020:08:24:54 +0000] "GET /turba/themes/default/graphics/menu/browse.png HTTP/1.1" 200 736 "http://mail.spiral.com/turba/themes/default/screen.css" "Mozilla/5.0 (X11; Linux x86_64) AppleWebKit/537.36 (KHTML, like Gecko) Ubuntu Chromium/77.0.3865.90 HeadlessChrome/77.0.3865.90 Safari/537.36"
192.168.10.194 - - [29/Feb/2020:08:24:54 +0000] "GET /themes/default/graphics/radiobox_on.png HTTP/1.1" 200 857 "http://mail.spiral.com/themes/default/screen.css" "Mozilla/5.0 (X11; Linux x86_64) AppleWebKit/537.36 (KHTML, like Gecko) Ubuntu Chromium/77.0.3865.90 HeadlessChrome/77.0.3865.90 Safari/537.36"
192.168.10.194 - - [29/Feb/2020:08:25:00 +0000] "GET /turba/add.php HTTP/1.1" 200 19366 "http://mail.spiral.com/turba/" "Mozilla/5.0 (X11; Linux x86_64) AppleWebKit/537.36 (KHTML, like Gecko) Ubuntu Chromium/77.0.3865.90 HeadlessChrome/77.0.3865.90 Safari/537.36"
192.168.10.194 - - [29/Feb/2020:08:25:00 +0000] "GET /js/form_sections.js?v=dc442439853f80a9467ce727c08e9b0e HTTP/1.1" 200 947 "http://mail.spiral.com/turba/add.php" "Mozilla/5.0 (X11; Linux x86_64) AppleWebKit/537.36 (KHTML, like Gecko) Ubuntu Chromium/77.0.3865.90 HeadlessChrome/77.0.3865.90 Safari/537.36"
192.168.10.194 - - [29/Feb/2020:08:25:00 +0000] "GET /js/calendar.js?v=dc442439853f80a9467ce727c08e9b0e HTTP/1.1" 200 2853 "http://mail.spiral.com/turba/add.php" "Mozilla/5.0 (X11; Linux x86_64) AppleWebKit/537.36 (KHTML, like Gecko) Ubuntu Chromium/77.0.3865.90 HeadlessChrome/77.0.3865.90 Safari/537.36"
192.168.10.194 - - [29/Feb/2020:08:25:00 +0000] "GET /js/image.js?v=dc442439853f80a9467ce727c08e9b0e HTTP/1.1" 200 1048 "http://mail.spiral.com/turba/add.php" "Mozilla/5.0 (X11; Linux x86_64) AppleWebKit/537.36 (KHTML, like Gecko) Ubuntu Chromium/77.0.3865.90 HeadlessChrome/77.0.3865.90 Safari/537.36"
192.168.10.194 - - [29/Feb/2020:08:25:00 +0000] "GET /js/keynavlist.js?v=dc442439853f80a9467ce727c08e9b0e HTTP/1.1" 200 2835 "http://mail.spiral.com/turba/add.php" "Mozilla/5.0 (X11; Linux x86_64) AppleWebKit/537.36 (KHTML, like Gecko) Ubuntu Chromium/77.0.3865.90 HeadlessChrome/77.0.3865.90 Safari/537.36"
192.168.10.194 - - [29/Feb/2020:08:25:00 +0000] "GET /js/liquidmetal.js?v=dc442439853f80a9467ce727c08e9b0e HTTP/1.1" 200 1738 "http://mail.spiral.com/turba/add.php" "Mozilla/5.0 (X11; Linux x86_64) AppleWebKit/537.36 (KHTML, like Gecko) Ubuntu Chromium/77.0.3865.90 HeadlessChrome/77.0.3865.90 Safari/537.36"
192.168.10.194 - - [29/Feb/2020:08:25:00 +0000] "GET /js/autocomplete.js?v=dc442439853f80a9467ce727c08e9b0e HTTP/1.1" 200 3114 "http://mail.spiral.com/turba/add.php" "Mozilla/5.0 (X11; Linux x86_64) AppleWebKit/537.36 (KHTML, like Gecko) Ubuntu Chromium/77.0.3865.90 HeadlessChrome/77.0.3865.90 Safari/537.36"
192.168.10.194 - - [29/Feb/2020:08:25:00 +0000] "GET /js/imple.js?v=dc442439853f80a9467ce727c08e9b0e HTTP/1.1" 200 947 "http://mail.spiral.com/turba/add.php" "Mozilla/5.0 (X11; Linux x86_64) AppleWebKit/537.36 (KHTML, like Gecko) Ubuntu Chromium/77.0.3865.90 HeadlessChrome/77.0.3865.90 Safari/537.36"
192.168.10.130 - - [29/Feb/2020:08:25:01 +0000] "GET /services/portal/ HTTP/1.1" 200 6767 "http://mail.spiral.com/imp/dynamic.php?page=mailbox" "Mozilla/5.0 (X11; Ubuntu; Linux x86_64; rv:73.0) Gecko/20100101 Firefox/73.0"
::1 - - [29/Feb/2020:08:25:08 +0000] "OPTIONS * HTTP/1.0" 200 110 "-" "Apache/2.4.25 (Debian) OpenSSL/1.0.2u (internal dummy connection)"
::1 - - [29/Feb/2020:08:25:09 +0000] "OPTIONS * HTTP/1.0" 200 110 "-" "Apache/2.4.25 (Debian) OpenSSL/1.0.2u (internal dummy connection)"
192.168.10.194 - - [29/Feb/2020:08:25:11 +0000] "POST /turba/add.php HTTP/1.1" 302 492 "http://mail.spiral.com/turba/add.php" "Mozilla/5.0 (X11; Linux x86_64) AppleWebKit/537.36 (KHTML, like Gecko) Ubuntu Chromium/77.0.3865.90 HeadlessChrome/77.0.3865.90 Safari/537.36"
192.168.10.194 - - [29/Feb/2020:08:25:11 +0000] "GET /turba/contact.php?source=E6oJfYIdt_Pfyu21cbG5wH8&key=npxH_mqca87GxxT1eKz9R27&view=Contact HTTP/1.1" 200 21149 "http://mail.spiral.com/turba/add.php" "Mozilla/5.0 (X11; Linux x86_64) AppleWebKit/537.36 (KHTML, like Gecko) Ubuntu Chromium/77.0.3865.90 HeadlessChrome/77.0.3865.90 Safari/537.36"
192.168.10.194 - - [29/Feb/2020:08:25:11 +0000] "GET /turba/js/contact_tabs.js?v=bdffa700049748b9e0ede1748b17c142 HTTP/1.1" 200 777 "http://mail.spiral.com/turba/contact.php?source=E6oJfYIdt_Pfyu21cbG5wH8&key=npxH_mqca87GxxT1eKz9R27&view=Contact" "Mozilla/5.0 (X11; Linux x86_64) AppleWebKit/537.36 (KHTML, like Gecko) Ubuntu Chromium/77.0.3865.90 HeadlessChrome/77.0.3865.90 Safari/537.36"
192.168.10.194 - - [29/Feb/2020:08:25:11 +0000] "GET /themes/default/graphics/button-split.png HTTP/1.1" 200 341 "http://mail.spiral.com/themes/default/screen.css" "Mozilla/5.0 (X11; Linux x86_64) AppleWebKit/537.36 (KHTML, like Gecko) Ubuntu Chromium/77.0.3865.90 HeadlessChrome/77.0.3865.90 Safari/537.36"
192.168.10.194 - - [29/Feb/2020:08:25:11 +0000] "GET /turba/themes/default/graphics/turba.png HTTP/1.1" 200 627 "http://mail.spiral.com/turba/themes/default/screen.css" "Mozilla/5.0 (X11; Linux x86_64) AppleWebKit/537.36 (KHTML, like Gecko) Ubuntu Chromium/77.0.3865.90 HeadlessChrome/77.0.3865.90 Safari/537.36"
192.168.10.194 - - [29/Feb/2020:08:25:11 +0000] "GET /themes/default/graphics/button-active-bg.png HTTP/1.1" 200 369 "http://mail.spiral.com/themes/default/screen.css" "Mozilla/5.0 (X11; Linux x86_64) AppleWebKit/537.36 (KHTML, like Gecko) Ubuntu Chromium/77.0.3865.90 HeadlessChrome/77.0.3865.90 Safari/537.36"
192.168.10.194 - - [29/Feb/2020:08:25:11 +0000] "GET /turba/themes/default/graphics/delete.png HTTP/1.1" 200 581 "http://mail.spiral.com/turba/themes/default/screen.css" "Mozilla/5.0 (X11; Linux x86_64) AppleWebKit/537.36 (KHTML, like Gecko) Ubuntu Chromium/77.0.3865.90 HeadlessChrome/77.0.3865.90 Safari/537.36"
192.168.10.194 - - [29/Feb/2020:08:25:11 +0000] "GET /turba/themes/default/graphics/edit.png HTTP/1.1" 200 561 "http://mail.spiral.com/turba/themes/default/screen.css" "Mozilla/5.0 (X11; Linux x86_64) AppleWebKit/537.36 (KHTML, like Gecko) Ubuntu Chromium/77.0.3865.90 HeadlessChrome/77.0.3865.90 Safari/537.36"
192.168.10.194 - - [29/Feb/2020:08:25:11 +0000] "GET /themes/default/graphics/buttonbar-bg.png HTTP/1.1" 200 374 "http://mail.spiral.com/themes/default/screen.css" "Mozilla/5.0 (X11; Linux x86_64) AppleWebKit/537.36 (KHTML, like Gecko) Ubuntu Chromium/77.0.3865.90 HeadlessChrome/77.0.3865.90 Safari/537.36"
::1 - - [29/Feb/2020:08:25:19 +0000] "OPTIONS * HTTP/1.0" 200 110 "-" "Apache/2.4.25 (Debian) OpenSSL/1.0.2u (internal dummy connection)"
::1 - - [29/Feb/2020:08:25:20 +0000] "OPTIONS * HTTP/1.0" 200 110 "-" "Apache/2.4.25 (Debian) OpenSSL/1.0.2u (internal dummy connection)"
192.168.10.130 - - [29/Feb/2020:08:25:37 +0000] "GET /services/portal/ HTTP/1.1" 200 6764 "http://mail.spiral.com/services/portal/" "Mozilla/5.0 (X11; Ubuntu; Linux x86_64; rv:73.0) Gecko/20100101 Firefox/73.0"
192.168.10.130 - - [29/Feb/2020:08:25:41 +0000] "GET /imp/dynamic.php?page=mailbox HTTP/1.1" 200 8756 "http://mail.spiral.com/services/portal/" "Mozilla/5.0 (X11; Ubuntu; Linux x86_64; rv:73.0) Gecko/20100101 Firefox/73.0"
192.168.10.130 - - [29/Feb/2020:08:25:42 +0000] "POST /services/ajax.php/imp/dynamicInit HTTP/1.1" 200 1487 "http://mail.spiral.com/imp/dynamic.php?page=mailbox" "Mozilla/5.0 (X11; Ubuntu; Linux x86_64; rv:73.0) Gecko/20100101 Firefox/73.0"
192.168.10.194 - - [29/Feb/2020:08:25:43 +0000] "GET /services/portal/ HTTP/1.1" 200 4964 "http://mail.spiral.com/turba/contact.php?source=E6oJfYIdt_Pfyu21cbG5wH8&key=npxH_mqca87GxxT1eKz9R27&view=Contact" "Mozilla/5.0 (X11; Linux x86_64) AppleWebKit/537.36 (KHTML, like Gecko) Ubuntu Chromium/77.0.3865.90 HeadlessChrome/77.0.3865.90 Safari/537.36"
192.168.10.194 - - [29/Feb/2020:08:25:48 +0000] "GET /kronolith/ HTTP/1.1" 200 24715 "http://mail.spiral.com/services/portal/" "Mozilla/5.0 (X11; Linux x86_64) AppleWebKit/537.36 (KHTML, like Gecko) Ubuntu Chromium/77.0.3865.90 HeadlessChrome/77.0.3865.90 Safari/537.36"
192.168.10.194 - - [29/Feb/2020:08:25:49 +0000] "GET /kronolith/themes/default/screen.css HTTP/1.1" 200 2772 "http://mail.spiral.com/kronolith/" "Mozilla/5.0 (X11; Linux x86_64) AppleWebKit/537.36 (KHTML, like Gecko) Ubuntu Chromium/77.0.3865.90 HeadlessChrome/77.0.3865.90 Safari/537.36"
192.168.10.194 - - [29/Feb/2020:08:25:49 +0000] "GET /kronolith/themes/default/dynamic/screen.css HTTP/1.1" 200 3791 "http://mail.spiral.com/kronolith/" "Mozilla/5.0 (X11; Linux x86_64) AppleWebKit/537.36 (KHTML, like Gecko) Ubuntu Chromium/77.0.3865.90 HeadlessChrome/77.0.3865.90 Safari/537.36"
192.168.10.194 - - [29/Feb/2020:08:25:49 +0000] "GET /kronolith/themes/default/webkit.css HTTP/1.1" 200 416 "http://mail.spiral.com/kronolith/" "Mozilla/5.0 (X11; Linux x86_64) AppleWebKit/537.36 (KHTML, like Gecko) Ubuntu Chromium/77.0.3865.90 HeadlessChrome/77.0.3865.90 Safari/537.36"
192.168.10.194 - - [29/Feb/2020:08:25:49 +0000] "GET /themes/default/graphics/search-topbar.png HTTP/1.1" 200 632 "http://mail.spiral.com/kronolith/" "Mozilla/5.0 (X11; Linux x86_64) AppleWebKit/537.36 (KHTML, like Gecko) Ubuntu Chromium/77.0.3865.90 HeadlessChrome/77.0.3865.90 Safari/537.36"
192.168.10.194 - - [29/Feb/2020:08:25:49 +0000] "GET /js/prettyautocomplete.js?v=dc442439853f80a9467ce727c08e9b0e HTTP/1.1" 200 3381 "http://mail.spiral.com/kronolith/" "Mozilla/5.0 (X11; Linux x86_64) AppleWebKit/537.36 (KHTML, like Gecko) Ubuntu Chromium/77.0.3865.90 HeadlessChrome/77.0.3865.90 Safari/537.36"
192.168.10.194 - - [29/Feb/2020:08:25:49 +0000] "GET /js/colorpicker.js?v=dc442439853f80a9467ce727c08e9b0e HTTP/1.1" 200 3736 "http://mail.spiral.com/kronolith/" "Mozilla/5.0 (X11; Linux x86_64) AppleWebKit/537.36 (KHTML, like Gecko) Ubuntu Chromium/77.0.3865.90 HeadlessChrome/77.0.3865.90 Safari/537.36"
192.168.10.194 - - [29/Feb/2020:08:25:49 +0000] "GET /kronolith/js/dragdrop2.js?v=cdac878cfbf59a65fe9f73fb16b22d01 HTTP/1.1" 200 6711 "http://mail.spiral.com/kronolith/" "Mozilla/5.0 (X11; Linux x86_64) AppleWebKit/537.36 (KHTML, like Gecko) Ubuntu Chromium/77.0.3865.90 HeadlessChrome/77.0.3865.90 Safari/537.36"
192.168.10.194 - - [29/Feb/2020:08:25:49 +0000] "GET /js/form_ghost.js?v=dc442439853f80a9467ce727c08e9b0e HTTP/1.1" 200 1901 "http://mail.spiral.com/kronolith/" "Mozilla/5.0 (X11; Linux x86_64) AppleWebKit/537.36 (KHTML, like Gecko) Ubuntu Chromium/77.0.3865.90 HeadlessChrome/77.0.3865.90 Safari/537.36"
192.168.10.194 - - [29/Feb/2020:08:25:49 +0000] "GET /kronolith/js/kronolith.js?v=cdac878cfbf59a65fe9f73fb16b22d01 HTTP/1.1" 200 50928 "http://mail.spiral.com/kronolith/" "Mozilla/5.0 (X11; Linux x86_64) AppleWebKit/537.36 (KHTML, like Gecko) Ubuntu Chromium/77.0.3865.90 HeadlessChrome/77.0.3865.90 Safari/537.36"
192.168.10.194 - - [29/Feb/2020:08:25:49 +0000] "GET /kronolith/themes/default/graphics/left.png HTTP/1.1" 200 560 "http://mail.spiral.com/kronolith/themes/default/screen.css" "Mozilla/5.0 (X11; Linux x86_64) AppleWebKit/537.36 (KHTML, like Gecko) Ubuntu Chromium/77.0.3865.90 HeadlessChrome/77.0.3865.90 Safari/537.36"
192.168.10.194 - - [29/Feb/2020:08:25:49 +0000] "GET /kronolith/themes/default/graphics/right.png HTTP/1.1" 200 550 "http://mail.spiral.com/kronolith/themes/default/screen.css" "Mozilla/5.0 (X11; Linux x86_64) AppleWebKit/537.36 (KHTML, like Gecko) Ubuntu Chromium/77.0.3865.90 HeadlessChrome/77.0.3865.90 Safari/537.36"
192.168.10.194 - - [29/Feb/2020:08:25:49 +0000] "GET /kronolith/themes/default/graphics/dayview.png HTTP/1.1" 200 617 "http://mail.spiral.com/kronolith/themes/default/screen.css" "Mozilla/5.0 (X11; Linux x86_64) AppleWebKit/537.36 (KHTML, like Gecko) Ubuntu Chromium/77.0.3865.90 HeadlessChrome/77.0.3865.90 Safari/537.36"
192.168.10.194 - - [29/Feb/2020:08:25:49 +0000] "GET /kronolith/themes/default/graphics/workweekview.png HTTP/1.1" 200 572 "http://mail.spiral.com/kronolith/themes/default/screen.css" "Mozilla/5.0 (X11; Linux x86_64) AppleWebKit/537.36 (KHTML, like Gecko) Ubuntu Chromium/77.0.3865.90 HeadlessChrome/77.0.3865.90 Safari/537.36"
192.168.10.194 - - [29/Feb/2020:08:25:49 +0000] "GET /kronolith/themes/default/graphics/weekview.png HTTP/1.1" 200 572 "http://mail.spiral.com/kronolith/themes/default/screen.css" "Mozilla/5.0 (X11; Linux x86_64) AppleWebKit/537.36 (KHTML, like Gecko) Ubuntu Chromium/77.0.3865.90 HeadlessChrome/77.0.3865.90 Safari/537.36"
192.168.10.194 - - [29/Feb/2020:08:25:49 +0000] "GET /kronolith/themes/default/graphics/monthview.png HTTP/1.1" 200 626 "http://mail.spiral.com/kronolith/themes/default/screen.css" "Mozilla/5.0 (X11; Linux x86_64) AppleWebKit/537.36 (KHTML, like Gecko) Ubuntu Chromium/77.0.3865.90 HeadlessChrome/77.0.3865.90 Safari/537.36"
192.168.10.194 - - [29/Feb/2020:08:25:49 +0000] "GET /kronolith/themes/default/graphics/yearview.png HTTP/1.1" 200 569 "http://mail.spiral.com/kronolith/themes/default/screen.css" "Mozilla/5.0 (X11; Linux x86_64) AppleWebKit/537.36 (KHTML, like Gecko) Ubuntu Chromium/77.0.3865.90 HeadlessChrome/77.0.3865.90 Safari/537.36"
192.168.10.194 - - [29/Feb/2020:08:25:49 +0000] "GET /kronolith/themes/default/graphics/tasks.png HTTP/1.1" 200 882 "http://mail.spiral.com/kronolith/themes/default/screen.css" "Mozilla/5.0 (X11; Linux x86_64) AppleWebKit/537.36 (KHTML, like Gecko) Ubuntu Chromium/77.0.3865.90 HeadlessChrome/77.0.3865.90 Safari/537.36"
192.168.10.194 - - [29/Feb/2020:08:25:49 +0000] "GET /kronolith/themes/default/graphics/loading.gif HTTP/1.1" 200 2763 "http://mail.spiral.com/kronolith/themes/default/dynamic/screen.css" "Mozilla/5.0 (X11; Linux x86_64) AppleWebKit/537.36 (KHTML, like Gecko) Ubuntu Chromium/77.0.3865.90 HeadlessChrome/77.0.3865.90 Safari/537.36"
192.168.10.194 - - [29/Feb/2020:08:25:49 +0000] "GET /kronolith/themes/default/graphics/new.png HTTP/1.1" 200 828 "http://mail.spiral.com/kronolith/themes/default/dynamic/screen.css" "Mozilla/5.0 (X11; Linux x86_64) AppleWebKit/537.36 (KHTML, like Gecko) Ubuntu Chromium/77.0.3865.90 HeadlessChrome/77.0.3865.90 Safari/537.36"
192.168.10.194 - - [29/Feb/2020:08:25:49 +0000] "POST /services/ajax.php/kronolith/listCalendars HTTP/1.1" 200 976 "http://mail.spiral.com/kronolith/" "Mozilla/5.0 (X11; Linux x86_64) AppleWebKit/537.36 (KHTML, like Gecko) Ubuntu Chromium/77.0.3865.90 HeadlessChrome/77.0.3865.90 Safari/537.36"
192.168.10.194 - - [29/Feb/2020:08:25:49 +0000] "GET /themes/default/graphics/edit-sidebar-fff.png HTTP/1.1" 200 487 "http://mail.spiral.com/themes/default/screen.css" "Mozilla/5.0 (X11; Linux x86_64) AppleWebKit/537.36 (KHTML, like Gecko) Ubuntu Chromium/77.0.3865.90 HeadlessChrome/77.0.3865.90 Safari/537.36"
192.168.10.194 - - [29/Feb/2020:08:25:49 +0000] "POST /services/ajax.php/kronolith/listEvents HTTP/1.1" 200 551 "http://mail.spiral.com/kronolith/" "Mozilla/5.0 (X11; Linux x86_64) AppleWebKit/537.36 (KHTML, like Gecko) Ubuntu Chromium/77.0.3865.90 HeadlessChrome/77.0.3865.90 Safari/537.36"
192.168.10.194 - - [29/Feb/2020:08:25:49 +0000] "POST /services/ajax.php/kronolith/listEvents HTTP/1.1" 200 545 "http://mail.spiral.com/kronolith/" "Mozilla/5.0 (X11; Linux x86_64) AppleWebKit/537.36 (KHTML, like Gecko) Ubuntu Chromium/77.0.3865.90 HeadlessChrome/77.0.3865.90 Safari/537.36"
192.168.10.130 - - [29/Feb/2020:08:25:50 +0000] "POST /services/ajax.php/imp/viewPort HTTP/1.1" 200 846 "http://mail.spiral.com/imp/dynamic.php?page=mailbox" "Mozilla/5.0 (X11; Ubuntu; Linux x86_64; rv:73.0) Gecko/20100101 Firefox/73.0"
192.168.10.194 - - [29/Feb/2020:08:25:51 +0000] "GET /themes/default/graphics/checkbox_off.png HTTP/1.1" 200 608 "http://mail.spiral.com/themes/default/screen.css" "Mozilla/5.0 (X11; Linux x86_64) AppleWebKit/537.36 (KHTML, like Gecko) Ubuntu Chromium/77.0.3865.90 HeadlessChrome/77.0.3865.90 Safari/537.36"
::1 - - [29/Feb/2020:08:25:57 +0000] "OPTIONS * HTTP/1.0" 200 110 "-" "Apache/2.4.25 (Debian) OpenSSL/1.0.2u (internal dummy connection)"
::1 - - [29/Feb/2020:08:25:58 +0000] "OPTIONS * HTTP/1.0" 200 110 "-" "Apache/2.4.25 (Debian) OpenSSL/1.0.2u (internal dummy connection)"
::1 - - [29/Feb/2020:08:25:59 +0000] "OPTIONS * HTTP/1.0" 200 110 "-" "Apache/2.4.25 (Debian) OpenSSL/1.0.2u (internal dummy connection)"
192.168.10.130 - - [29/Feb/2020:08:26:00 +0000] "POST /services/ajax.php/imp/showMessage HTTP/1.1" 200 2759 "http://mail.spiral.com/imp/dynamic.php?page=mailbox" "Mozilla/5.0 (X11; Ubuntu; Linux x86_64; rv:73.0) Gecko/20100101 Firefox/73.0"
192.168.10.130 - - [29/Feb/2020:08:26:12 +0000] "GET /imp/dynamic.php?page=message&buid=1&mailbox=SU5CT1g&token=7ZKgi2uwzgACJt9B9sgiJjE&uniq=1582964772107 HTTP/1.1" 200 7253 "http://mail.spiral.com/imp/dynamic.php?page=mailbox" "Mozilla/5.0 (X11; Ubuntu; Linux x86_64; rv:73.0) Gecko/20100101 Firefox/73.0"
192.168.10.130 - - [29/Feb/2020:08:26:12 +0000] "GET /imp/themes/default/graphics/message_source.png HTTP/1.1" 200 386 "http://mail.spiral.com/imp/themes/default/dynamic/screen.css" "Mozilla/5.0 (X11; Ubuntu; Linux x86_64; rv:73.0) Gecko/20100101 Firefox/73.0"
192.168.10.130 - - [29/Feb/2020:08:26:17 +0000] "POST /services/ajax.php/imp/getReplyData HTTP/1.1" 200 858 "http://mail.spiral.com/imp/dynamic.php?page=message&buid=1&mailbox=SU5CT1g&token=7ZKgi2uwzgACJt9B9sgiJjE&uniq=1582964772107" "Mozilla/5.0 (X11; Ubuntu; Linux x86_64; rv:73.0) Gecko/20100101 Firefox/73.0"
