192.168.10.130 - - [29/Feb/2020:00:07:11 +0000] "POST /services/ajax.php/imp/viewPort HTTP/1.1" 200 786 "http://mail.spiral.com/imp/dynamic.php?page=mailbox" "Mozilla/5.0 (X11; Ubuntu; Linux x86_64; rv:73.0) Gecko/20100101 Firefox/73.0"
192.168.10.81 - - [29/Feb/2020:00:07:20 +0000] "GET /mnemo/memo.php?actionID=add_memo HTTP/1.1" 200 6121 "http://mail.spiral.com/mnemo/" "Mozilla/5.0 (X11; Ubuntu; Linux x86_64; rv:73.0) Gecko/20100101 Firefox/73.0"
192.168.10.81 - - [29/Feb/2020:00:07:30 +0000] "POST /services/ajax.php/horde/imple?token=t178Jy_bOFAgZYI5pak0cNw&app=mnemo&imple=Mnemo_Ajax_Imple_TagAutoCompleter&input=memo_tags HTTP/1.1" 200 371 "http://mail.spiral.com/mnemo/memo.php?actionID=add_memo" "Mozilla/5.0 (X11; Ubuntu; Linux x86_64; rv:73.0) Gecko/20100101 Firefox/73.0"
192.168.10.81 - - [29/Feb/2020:00:07:34 +0000] "POST /mnemo/memo.php HTTP/1.1" 302 416 "http://mail.spiral.com/mnemo/memo.php?actionID=add_memo" "Mozilla/5.0 (X11; Ubuntu; Linux x86_64; rv:73.0) Gecko/20100101 Firefox/73.0"
192.168.10.81 - - [29/Feb/2020:00:07:34 +0000] "GET /mnemo/list.php HTTP/1.1" 200 5856 "http://mail.spiral.com/mnemo/memo.php?actionID=add_memo" "Mozilla/5.0 (X11; Ubuntu; Linux x86_64; rv:73.0) Gecko/20100101 Firefox/73.0"
192.168.10.130 - - [29/Feb/2020:00:07:43 +0000] "GET /services/portal/ HTTP/1.1" 200 7304 "http://mail.spiral.com/turba/contact.php?source=dDQI2mfGX-cQemxh4GC5uHK&key=E4CyMdGf1_ahUkbupqNOwDc&view=Contact" "Mozilla/5.0 (X11; Linux x86_64) AppleWebKit/537.36 (KHTML, like Gecko) Ubuntu Chromium/77.0.3865.90 HeadlessChrome/77.0.3865.90 Safari/537.36"
192.168.10.130 - - [29/Feb/2020:00:07:46 +0000] "GET /services/portal/ HTTP/1.1" 200 6507 "http://mail.spiral.com/imp/dynamic.php?page=mailbox" "Mozilla/5.0 (X11; Ubuntu; Linux x86_64; rv:73.0) Gecko/20100101 Firefox/73.0"
192.168.10.130 - - [29/Feb/2020:00:07:48 +0000] "GET /nag/ HTTP/1.1" 200 8368 "http://mail.spiral.com/services/portal/" "Mozilla/5.0 (X11; Linux x86_64) AppleWebKit/537.36 (KHTML, like Gecko) Ubuntu Chromium/77.0.3865.90 HeadlessChrome/77.0.3865.90 Safari/537.36"
192.168.10.130 - - [29/Feb/2020:00:07:51 +0000] "GET /imp/dynamic.php?page=mailbox HTTP/1.1" 200 8753 "http://mail.spiral.com/services/portal/" "Mozilla/5.0 (X11; Ubuntu; Linux x86_64; rv:73.0) Gecko/20100101 Firefox/73.0"
192.168.10.130 - - [29/Feb/2020:00:07:51 +0000] "POST /services/ajax.php/imp/dynamicInit HTTP/1.1" 200 1416 "http://mail.spiral.com/imp/dynamic.php?page=mailbox" "Mozilla/5.0 (X11; Ubuntu; Linux x86_64; rv:73.0) Gecko/20100101 Firefox/73.0"
192.168.10.130 - - [29/Feb/2020:00:08:02 +0000] "POST /services/ajax.php/imp/viewPort HTTP/1.1" 200 784 "http://mail.spiral.com/imp/dynamic.php?page=mailbox" "Mozilla/5.0 (X11; Ubuntu; Linux x86_64; rv:73.0) Gecko/20100101 Firefox/73.0"
192.168.10.130 - - [29/Feb/2020:00:08:07 +0000] "GET /imp/dynamic.php?page=compose&type=new&token=zwiFi46-w1WbjcxymnmTfV7&uniq=1582934887646 HTTP/1.1" 200 5535 "http://mail.spiral.com/imp/dynamic.php?page=mailbox" "Mozilla/5.0 (X11; Ubuntu; Linux x86_64; rv:73.0) Gecko/20100101 Firefox/73.0"
192.168.10.81 - - [29/Feb/2020:00:08:07 +0000] "GET /services/portal/ HTTP/1.1" 200 8220 "http://mail.spiral.com/mnemo/list.php" "Mozilla/5.0 (X11; Ubuntu; Linux x86_64; rv:73.0) Gecko/20100101 Firefox/73.0"
192.168.10.81 - - [29/Feb/2020:00:08:10 +0000] "GET /imp/dynamic.php?page=mailbox HTTP/1.1" 200 8896 "http://mail.spiral.com/services/portal/" "Mozilla/5.0 (X11; Ubuntu; Linux x86_64; rv:73.0) Gecko/20100101 Firefox/73.0"
192.168.10.81 - - [29/Feb/2020:00:08:10 +0000] "GET /themes/default/graphics/search-topbar.png HTTP/1.1" 200 631 "http://mail.spiral.com/imp/dynamic.php?page=mailbox" "Mozilla/5.0 (X11; Ubuntu; Linux x86_64; rv:73.0) Gecko/20100101 Firefox/73.0"
192.168.10.81 - - [29/Feb/2020:00:08:11 +0000] "POST /services/ajax.php/imp/dynamicInit HTTP/1.1" 200 1417 "http://mail.spiral.com/imp/dynamic.php?page=mailbox" "Mozilla/5.0 (X11; Ubuntu; Linux x86_64; rv:73.0) Gecko/20100101 Firefox/73.0"
192.168.10.81 - - [29/Feb/2020:00:08:20 +0000] "POST /services/ajax.php/imp/viewPort HTTP/1.1" 200 790 "http://mail.spiral.com/imp/dynamic.php?page=mailbox" "Mozilla/5.0 (X11; Ubuntu; Linux x86_64; rv:73.0) Gecko/20100101 Firefox/73.0"
192.168.10.130 - - [29/Feb/2020:00:08:26 +0000] "GET /nag/task.php?actionID=add_task HTTP/1.1" 200 8989 "http://mail.spiral.com/nag/" "Mozilla/5.0 (X11; Linux x86_64) AppleWebKit/537.36 (KHTML, like Gecko) Ubuntu Chromium/77.0.3865.90 HeadlessChrome/77.0.3865.90 Safari/537.36"
192.168.10.130 - - [29/Feb/2020:00:08:26 +0000] "POST /services/ajax.php/imp/sendMessage HTTP/1.1" 200 482 "http://mail.spiral.com/imp/dynamic.php?page=compose&type=new&token=zwiFi46-w1WbjcxymnmTfV7&uniq=1582934887646" "Mozilla/5.0 (X11; Ubuntu; Linux x86_64; rv:73.0) Gecko/20100101 Firefox/73.0"
192.168.10.130 - - [29/Feb/2020:00:08:38 +0000] "POST /services/ajax.php/horde/imple?token=kNRoyzspsLUkqfA8aZJfxcp&app=nag&imple=Nag_Ajax_Imple_TagAutoCompleter&input=tags HTTP/1.1" 200 371 "http://mail.spiral.com/nag/task.php?actionID=add_task" "Mozilla/5.0 (X11; Linux x86_64) AppleWebKit/537.36 (KHTML, like Gecko) Ubuntu Chromium/77.0.3865.90 HeadlessChrome/77.0.3865.90 Safari/537.36"
192.168.10.81 - - [29/Feb/2020:00:08:55 +0000] "GET /services/portal/ HTTP/1.1" 200 8246 "http://mail.spiral.com/imp/dynamic.php?page=mailbox" "Mozilla/5.0 (X11; Ubuntu; Linux x86_64; rv:73.0) Gecko/20100101 Firefox/73.0"
192.168.10.81 - - [29/Feb/2020:00:08:59 +0000] "GET /imp/dynamic.php?page=mailbox HTTP/1.1" 200 8895 "http://mail.spiral.com/services/portal/" "Mozilla/5.0 (X11; Ubuntu; Linux x86_64; rv:73.0) Gecko/20100101 Firefox/73.0"
192.168.10.81 - - [29/Feb/2020:00:09:00 +0000] "POST /services/ajax.php/imp/dynamicInit HTTP/1.1" 200 1471 "http://mail.spiral.com/imp/dynamic.php?page=mailbox" "Mozilla/5.0 (X11; Ubuntu; Linux x86_64; rv:73.0) Gecko/20100101 Firefox/73.0"
192.168.10.130 - - [29/Feb/2020:00:09:06 +0000] "GET /services/portal/ HTTP/1.1" 200 6498 "http://mail.spiral.com/imp/dynamic.php?page=mailbox" "Mozilla/5.0 (X11; Ubuntu; Linux x86_64; rv:73.0) Gecko/20100101 Firefox/73.0"
192.168.10.130 - - [29/Feb/2020:00:09:06 +0000] "POST /nag/task/save.php HTTP/1.1" 302 415 "http://mail.spiral.com/nag/task.php?actionID=add_task" "Mozilla/5.0 (X11; Linux x86_64) AppleWebKit/537.36 (KHTML, like Gecko) Ubuntu Chromium/77.0.3865.90 HeadlessChrome/77.0.3865.90 Safari/537.36"
192.168.10.130 - - [29/Feb/2020:00:09:06 +0000] "GET /nag/list.php HTTP/1.1" 200 8589 "http://mail.spiral.com/nag/task.php?actionID=add_task" "Mozilla/5.0 (X11; Linux x86_64) AppleWebKit/537.36 (KHTML, like Gecko) Ubuntu Chromium/77.0.3865.90 HeadlessChrome/77.0.3865.90 Safari/537.36"
192.168.10.81 - - [29/Feb/2020:00:09:10 +0000] "POST /services/ajax.php/imp/viewPort HTTP/1.1" 200 836 "http://mail.spiral.com/imp/dynamic.php?page=mailbox" "Mozilla/5.0 (X11; Ubuntu; Linux x86_64; rv:73.0) Gecko/20100101 Firefox/73.0"
192.168.10.130 - - [29/Feb/2020:00:09:12 +0000] "GET /mnemo/ HTTP/1.1" 200 3707 "http://mail.spiral.com/services/portal/" "Mozilla/5.0 (X11; Ubuntu; Linux x86_64; rv:73.0) Gecko/20100101 Firefox/73.0"
192.168.10.130 - - [29/Feb/2020:00:09:40 +0000] "GET /services/portal/ HTTP/1.1" 200 7349 "http://mail.spiral.com/nag/list.php" "Mozilla/5.0 (X11; Linux x86_64) AppleWebKit/537.36 (KHTML, like Gecko) Ubuntu Chromium/77.0.3865.90 HeadlessChrome/77.0.3865.90 Safari/537.36"
192.168.10.81 - - [29/Feb/2020:00:09:44 +0000] "GET /services/portal/ HTTP/1.1" 200 8220 "http://mail.spiral.com/imp/dynamic.php?page=mailbox" "Mozilla/5.0 (X11; Ubuntu; Linux x86_64; rv:73.0) Gecko/20100101 Firefox/73.0"
192.168.10.81 - - [29/Feb/2020:00:09:49 +0000] "GET /mnemo/ HTTP/1.1" 200 5737 "http://mail.spiral.com/services/portal/" "Mozilla/5.0 (X11; Ubuntu; Linux x86_64; rv:73.0) Gecko/20100101 Firefox/73.0"
192.168.10.130 - - [29/Feb/2020:00:09:52 +0000] "GET /mnemo/memo.php?actionID=add_memo HTTP/1.1" 200 5979 "http://mail.spiral.com/mnemo/" "Mozilla/5.0 (X11; Ubuntu; Linux x86_64; rv:73.0) Gecko/20100101 Firefox/73.0"
192.168.10.130 - - [29/Feb/2020:00:10:04 +0000] "POST /services/ajax.php/horde/imple?token=zwiFi46-w1WbjcxymnmTfV7&app=mnemo&imple=Mnemo_Ajax_Imple_TagAutoCompleter&input=memo_tags HTTP/1.1" 200 371 "http://mail.spiral.com/mnemo/memo.php?actionID=add_memo" "Mozilla/5.0 (X11; Ubuntu; Linux x86_64; rv:73.0) Gecko/20100101 Firefox/73.0"
192.168.10.130 - - [29/Feb/2020:00:10:07 +0000] "POST /mnemo/memo.php HTTP/1.1" 302 416 "http://mail.spiral.com/mnemo/memo.php?actionID=add_memo" "Mozilla/5.0 (X11; Ubuntu; Linux x86_64; rv:73.0) Gecko/20100101 Firefox/73.0"
192.168.10.130 - - [29/Feb/2020:00:10:07 +0000] "GET /mnemo/list.php HTTP/1.1" 200 5303 "http://mail.spiral.com/mnemo/memo.php?actionID=add_memo" "Mozilla/5.0 (X11; Ubuntu; Linux x86_64; rv:73.0) Gecko/20100101 Firefox/73.0"
192.168.10.130 - - [29/Feb/2020:00:10:16 +0000] "GET /services/portal/ HTTP/1.1" 200 7352 "http://mail.spiral.com/services/portal/" "Mozilla/5.0 (X11; Linux x86_64) AppleWebKit/537.36 (KHTML, like Gecko) Ubuntu Chromium/77.0.3865.90 HeadlessChrome/77.0.3865.90 Safari/537.36"
192.168.10.130 - - [29/Feb/2020:00:10:21 +0000] "GET /kronolith/ HTTP/1.1" 200 24712 "http://mail.spiral.com/services/portal/" "Mozilla/5.0 (X11; Linux x86_64) AppleWebKit/537.36 (KHTML, like Gecko) Ubuntu Chromium/77.0.3865.90 HeadlessChrome/77.0.3865.90 Safari/537.36"
192.168.10.130 - - [29/Feb/2020:00:10:22 +0000] "POST /services/ajax.php/kronolith/listCalendars HTTP/1.1" 200 976 "http://mail.spiral.com/kronolith/" "Mozilla/5.0 (X11; Linux x86_64) AppleWebKit/537.36 (KHTML, like Gecko) Ubuntu Chromium/77.0.3865.90 HeadlessChrome/77.0.3865.90 Safari/537.36"
192.168.10.130 - - [29/Feb/2020:00:10:22 +0000] "POST /services/ajax.php/kronolith/listEvents HTTP/1.1" 200 552 "http://mail.spiral.com/kronolith/" "Mozilla/5.0 (X11; Linux x86_64) AppleWebKit/537.36 (KHTML, like Gecko) Ubuntu Chromium/77.0.3865.90 HeadlessChrome/77.0.3865.90 Safari/537.36"
192.168.10.130 - - [29/Feb/2020:00:10:22 +0000] "POST /services/ajax.php/kronolith/listEvents HTTP/1.1" 200 1017 "http://mail.spiral.com/kronolith/" "Mozilla/5.0 (X11; Linux x86_64) AppleWebKit/537.36 (KHTML, like Gecko) Ubuntu Chromium/77.0.3865.90 HeadlessChrome/77.0.3865.90 Safari/537.36"
192.168.10.81 - - [29/Feb/2020:00:10:26 +0000] "GET /mnemo/memo.php?actionID=add_memo HTTP/1.1" 200 6123 "http://mail.spiral.com/mnemo/" "Mozilla/5.0 (X11; Ubuntu; Linux x86_64; rv:73.0) Gecko/20100101 Firefox/73.0"
192.168.10.81 - - [29/Feb/2020:00:10:35 +0000] "POST /services/ajax.php/horde/imple?token=t178Jy_bOFAgZYI5pak0cNw&app=mnemo&imple=Mnemo_Ajax_Imple_TagAutoCompleter&input=memo_tags HTTP/1.1" 200 371 "http://mail.spiral.com/mnemo/memo.php?actionID=add_memo" "Mozilla/5.0 (X11; Ubuntu; Linux x86_64; rv:73.0) Gecko/20100101 Firefox/73.0"
192.168.10.81 - - [29/Feb/2020:00:10:39 +0000] "POST /mnemo/memo.php HTTP/1.1" 302 416 "http://mail.spiral.com/mnemo/memo.php?actionID=add_memo" "Mozilla/5.0 (X11; Ubuntu; Linux x86_64; rv:73.0) Gecko/20100101 Firefox/73.0"
192.168.10.81 - - [29/Feb/2020:00:10:39 +0000] "GET /mnemo/list.php HTTP/1.1" 200 5952 "http://mail.spiral.com/mnemo/memo.php?actionID=add_memo" "Mozilla/5.0 (X11; Ubuntu; Linux x86_64; rv:73.0) Gecko/20100101 Firefox/73.0"
192.168.10.130 - - [29/Feb/2020:00:10:43 +0000] "GET /services/portal/ HTTP/1.1" 200 6998 "http://mail.spiral.com/mnemo/list.php" "Mozilla/5.0 (X11; Ubuntu; Linux x86_64; rv:73.0) Gecko/20100101 Firefox/73.0"
192.168.10.130 - - [29/Feb/2020:00:10:47 +0000] "GET /kronolith/ HTTP/1.1" 200 24709 "http://mail.spiral.com/services/portal/" "Mozilla/5.0 (X11; Ubuntu; Linux x86_64; rv:73.0) Gecko/20100101 Firefox/73.0"
192.168.10.130 - - [29/Feb/2020:00:10:48 +0000] "POST /services/ajax.php/kronolith/listCalendars HTTP/1.1" 200 966 "http://mail.spiral.com/kronolith/" "Mozilla/5.0 (X11; Ubuntu; Linux x86_64; rv:73.0) Gecko/20100101 Firefox/73.0"
192.168.10.130 - - [29/Feb/2020:00:10:49 +0000] "POST /services/ajax.php/kronolith/listEvents HTTP/1.1" 200 1033 "http://mail.spiral.com/kronolith/" "Mozilla/5.0 (X11; Ubuntu; Linux x86_64; rv:73.0) Gecko/20100101 Firefox/73.0"
192.168.10.130 - - [29/Feb/2020:00:10:49 +0000] "POST /services/ajax.php/kronolith/listEvents HTTP/1.1" 200 552 "http://mail.spiral.com/kronolith/" "Mozilla/5.0 (X11; Ubuntu; Linux x86_64; rv:73.0) Gecko/20100101 Firefox/73.0"
192.168.10.81 - - [29/Feb/2020:00:11:13 +0000] "GET /services/portal/ HTTP/1.1" 200 8288 "http://mail.spiral.com/mnemo/list.php" "Mozilla/5.0 (X11; Ubuntu; Linux x86_64; rv:73.0) Gecko/20100101 Firefox/73.0"
192.168.10.81 - - [29/Feb/2020:00:11:18 +0000] "GET /imp/dynamic.php?page=mailbox HTTP/1.1" 200 8899 "http://mail.spiral.com/services/portal/" "Mozilla/5.0 (X11; Ubuntu; Linux x86_64; rv:73.0) Gecko/20100101 Firefox/73.0"
192.168.10.81 - - [29/Feb/2020:00:11:19 +0000] "POST /services/ajax.php/imp/dynamicInit HTTP/1.1" 200 1468 "http://mail.spiral.com/imp/dynamic.php?page=mailbox" "Mozilla/5.0 (X11; Ubuntu; Linux x86_64; rv:73.0) Gecko/20100101 Firefox/73.0"
192.168.10.130 - - [29/Feb/2020:00:11:22 +0000] "POST /services/ajax.php/kronolith/poll HTTP/1.1" 200 387 "http://mail.spiral.com/kronolith/" "Mozilla/5.0 (X11; Linux x86_64) AppleWebKit/537.36 (KHTML, like Gecko) Ubuntu Chromium/77.0.3865.90 HeadlessChrome/77.0.3865.90 Safari/537.36"
192.168.10.81 - - [29/Feb/2020:00:11:26 +0000] "POST /services/ajax.php/imp/viewPort HTTP/1.1" 200 838 "http://mail.spiral.com/imp/dynamic.php?page=mailbox" "Mozilla/5.0 (X11; Ubuntu; Linux x86_64; rv:73.0) Gecko/20100101 Firefox/73.0"
192.168.10.130 - - [29/Feb/2020:00:11:31 +0000] "GET /services/portal/ HTTP/1.1" 200 6995 "http://mail.spiral.com/kronolith/" "Mozilla/5.0 (X11; Ubuntu; Linux x86_64; rv:73.0) Gecko/20100101 Firefox/73.0"
192.168.10.130 - - [29/Feb/2020:00:11:34 +0000] "GET /services/portal/ HTTP/1.1" 200 7353 "http://mail.spiral.com/kronolith/" "Mozilla/5.0 (X11; Linux x86_64) AppleWebKit/537.36 (KHTML, like Gecko) Ubuntu Chromium/77.0.3865.90 HeadlessChrome/77.0.3865.90 Safari/537.36"
192.168.10.81 - - [29/Feb/2020:00:11:35 +0000] "GET /imp/themes/default/graphics/flags/personal-inv.png HTTP/1.1" 200 460 "http://mail.spiral.com/imp/themes/default/dynamic/screen.css" "Mozilla/5.0 (X11; Ubuntu; Linux x86_64; rv:73.0) Gecko/20100101 Firefox/73.0"
192.168.10.81 - - [29/Feb/2020:00:11:35 +0000] "GET /imp/themes/default/graphics/checkbox_on.png HTTP/1.1" 200 746 "http://mail.spiral.com/imp/themes/default/dynamic/screen.css" "Mozilla/5.0 (X11; Ubuntu; Linux x86_64; rv:73.0) Gecko/20100101 Firefox/73.0"
192.168.10.81 - - [29/Feb/2020:00:11:35 +0000] "GET /imp/themes/default/graphics/flags/unseen-inv.png HTTP/1.1" 200 480 "http://mail.spiral.com/imp/themes/default/dynamic/screen.css" "Mozilla/5.0 (X11; Ubuntu; Linux x86_64; rv:73.0) Gecko/20100101 Firefox/73.0"
192.168.10.81 - - [29/Feb/2020:00:11:35 +0000] "GET /imp/themes/default/graphics/reply.png HTTP/1.1" 200 515 "http://mail.spiral.com/imp/themes/default/dynamic/screen.css" "Mozilla/5.0 (X11; Ubuntu; Linux x86_64; rv:73.0) Gecko/20100101 Firefox/73.0"
192.168.10.81 - - [29/Feb/2020:00:11:36 +0000] "GET /imp/themes/default/graphics/delete.png HTTP/1.1" 200 580 "http://mail.spiral.com/imp/themes/default/dynamic/screen.css" "Mozilla/5.0 (X11; Ubuntu; Linux x86_64; rv:73.0) Gecko/20100101 Firefox/73.0"
192.168.10.81 - - [29/Feb/2020:00:11:36 +0000] "POST /services/ajax.php/imp/showMessage HTTP/1.1" 200 2354 "http://mail.spiral.com/imp/dynamic.php?page=mailbox" "Mozilla/5.0 (X11; Ubuntu; Linux x86_64; rv:73.0) Gecko/20100101 Firefox/73.0"
192.168.10.81 - - [29/Feb/2020:00:11:36 +0000] "GET /imp/themes/default/graphics/arrow_collapsed.png HTTP/1.1" 200 501 "http://mail.spiral.com/imp/themes/default/dynamic/screen.css" "Mozilla/5.0 (X11; Ubuntu; Linux x86_64; rv:73.0) Gecko/20100101 Firefox/73.0"
192.168.10.81 - - [29/Feb/2020:00:11:36 +0000] "GET /imp/themes/default/graphics/print.png HTTP/1.1" 200 617 "http://mail.spiral.com/imp/themes/default/screen.css" "Mozilla/5.0 (X11; Ubuntu; Linux x86_64; rv:73.0) Gecko/20100101 Firefox/73.0"
192.168.10.81 - - [29/Feb/2020:00:11:36 +0000] "GET /imp/themes/default/graphics/plus.png HTTP/1.1" 200 753 "http://mail.spiral.com/imp/themes/default/dynamic/screen.css" "Mozilla/5.0 (X11; Ubuntu; Linux x86_64; rv:73.0) Gecko/20100101 Firefox/73.0"
192.168.10.81 - - [29/Feb/2020:00:11:36 +0000] "GET /imp/themes/default/graphics/download.png HTTP/1.1" 200 565 "http://mail.spiral.com/imp/themes/default/screen.css" "Mozilla/5.0 (X11; Ubuntu; Linux x86_64; rv:73.0) Gecko/20100101 Firefox/73.0"
192.168.10.130 - - [29/Feb/2020:00:11:38 +0000] "GET /kronolith/ HTTP/1.1" 200 24711 "http://mail.spiral.com/services/portal/" "Mozilla/5.0 (X11; Ubuntu; Linux x86_64; rv:73.0) Gecko/20100101 Firefox/73.0"
192.168.10.130 - - [29/Feb/2020:00:11:39 +0000] "POST /services/ajax.php/kronolith/listCalendars HTTP/1.1" 200 966 "http://mail.spiral.com/kronolith/" "Mozilla/5.0 (X11; Ubuntu; Linux x86_64; rv:73.0) Gecko/20100101 Firefox/73.0"
192.168.10.81 - - [29/Feb/2020:00:11:39 +0000] "GET /imp/themes/default/graphics/newwin.png HTTP/1.1" 200 584 "http://mail.spiral.com/imp/themes/default/dynamic/screen.css" "Mozilla/5.0 (X11; Ubuntu; Linux x86_64; rv:73.0) Gecko/20100101 Firefox/73.0"
192.168.10.81 - - [29/Feb/2020:00:11:39 +0000] "GET /imp/themes/default/graphics/arrow_expanded.png HTTP/1.1" 200 494 "http://mail.spiral.com/imp/themes/default/dynamic/screen.css" "Mozilla/5.0 (X11; Ubuntu; Linux x86_64; rv:73.0) Gecko/20100101 Firefox/73.0"
192.168.10.130 - - [29/Feb/2020:00:11:39 +0000] "POST /services/ajax.php/kronolith/listEvents HTTP/1.1" 200 1033 "http://mail.spiral.com/kronolith/" "Mozilla/5.0 (X11; Ubuntu; Linux x86_64; rv:73.0) Gecko/20100101 Firefox/73.0"
192.168.10.130 - - [29/Feb/2020:00:11:39 +0000] "POST /services/ajax.php/kronolith/listEvents HTTP/1.1" 200 552 "http://mail.spiral.com/kronolith/" "Mozilla/5.0 (X11; Ubuntu; Linux x86_64; rv:73.0) Gecko/20100101 Firefox/73.0"
192.168.10.130 - - [29/Feb/2020:00:11:40 +0000] "GET /mnemo/ HTTP/1.1" 200 5389 "http://mail.spiral.com/services/portal/" "Mozilla/5.0 (X11; Linux x86_64) AppleWebKit/537.36 (KHTML, like Gecko) Ubuntu Chromium/77.0.3865.90 HeadlessChrome/77.0.3865.90 Safari/537.36"
192.168.10.81 - - [29/Feb/2020:00:11:42 +0000] "GET /imp/dynamic.php?page=message&buid=2&mailbox=SU5CT1g&token=t178Jy_bOFAgZYI5pak0cNw&uniq=1582935102499 HTTP/1.1" 200 7168 "http://mail.spiral.com/imp/dynamic.php?page=mailbox" "Mozilla/5.0 (X11; Ubuntu; Linux x86_64; rv:73.0) Gecko/20100101 Firefox/73.0"
192.168.10.81 - - [29/Feb/2020:00:11:43 +0000] "GET /js/textarearesize.js?v=dc442439853f80a9467ce727c08e9b0e HTTP/1.1" 200 1166 "http://mail.spiral.com/imp/dynamic.php?page=message&buid=2&mailbox=SU5CT1g&token=t178Jy_bOFAgZYI5pak0cNw&uniq=1582935102499" "Mozilla/5.0 (X11; Ubuntu; Linux x86_64; rv:73.0) Gecko/20100101 Firefox/73.0"
192.168.10.81 - - [29/Feb/2020:00:11:43 +0000] "GET /imp/js/message-dimp.js?v=29c8308baa6508a21e1be9e3345d1287 HTTP/1.1" 200 2957 "http://mail.spiral.com/imp/dynamic.php?page=message&buid=2&mailbox=SU5CT1g&token=t178Jy_bOFAgZYI5pak0cNw&uniq=1582935102499" "Mozilla/5.0 (X11; Ubuntu; Linux x86_64; rv:73.0) Gecko/20100101 Firefox/73.0"
192.168.10.81 - - [29/Feb/2020:00:11:43 +0000] "GET /imp/js/prettyautocomplete.js?v=29c8308baa6508a21e1be9e3345d1287 HTTP/1.1" 200 2796 "http://mail.spiral.com/imp/dynamic.php?page=message&buid=2&mailbox=SU5CT1g&token=t178Jy_bOFAgZYI5pak0cNw&uniq=1582935102499" "Mozilla/5.0 (X11; Ubuntu; Linux x86_64; rv:73.0) Gecko/20100101 Firefox/73.0"
192.168.10.81 - - [29/Feb/2020:00:11:43 +0000] "GET /js/ckeditor/ckeditor_basic.js HTTP/1.1" 200 3293 "http://mail.spiral.com/imp/dynamic.php?page=message&buid=2&mailbox=SU5CT1g&token=t178Jy_bOFAgZYI5pak0cNw&uniq=1582935102499" "Mozilla/5.0 (X11; Ubuntu; Linux x86_64; rv:73.0) Gecko/20100101 Firefox/73.0"
192.168.10.81 - - [29/Feb/2020:00:11:43 +0000] "GET /imp/themes/default/graphics/message_source.png HTTP/1.1" 200 387 "http://mail.spiral.com/imp/themes/default/dynamic/screen.css" "Mozilla/5.0 (X11; Ubuntu; Linux x86_64; rv:73.0) Gecko/20100101 Firefox/73.0"
192.168.10.81 - - [29/Feb/2020:00:11:48 +0000] "POST /services/ajax.php/imp/getReplyData HTTP/1.1" 200 823 "http://mail.spiral.com/imp/dynamic.php?page=message&buid=2&mailbox=SU5CT1g&token=t178Jy_bOFAgZYI5pak0cNw&uniq=1582935102499" "Mozilla/5.0 (X11; Ubuntu; Linux x86_64; rv:73.0) Gecko/20100101 Firefox/73.0"
192.168.10.81 - - [29/Feb/2020:00:11:52 +0000] "POST /services/ajax.php/imp/addAttachment?jsonhtml=1&token=t178Jy_bOFAgZYI5pak0cNw HTTP/1.1" 200 1221 "http://mail.spiral.com/imp/dynamic.php?page=message&buid=2&mailbox=SU5CT1g&token=t178Jy_bOFAgZYI5pak0cNw&uniq=1582935102499" "Mozilla/5.0 (X11; Ubuntu; Linux x86_64; rv:73.0) Gecko/20100101 Firefox/73.0"
192.168.10.81 - - [29/Feb/2020:00:11:57 +0000] "POST /services/ajax.php/imp/sendMessage HTTP/1.1" 200 612 "http://mail.spiral.com/imp/dynamic.php?page=message&buid=2&mailbox=SU5CT1g&token=t178Jy_bOFAgZYI5pak0cNw&uniq=1582935102499" "Mozilla/5.0 (X11; Ubuntu; Linux x86_64; rv:73.0) Gecko/20100101 Firefox/73.0"
192.168.10.130 - - [29/Feb/2020:00:12:20 +0000] "GET /mnemo/memo.php?actionID=add_memo HTTP/1.1" 200 5978 "http://mail.spiral.com/mnemo/" "Mozilla/5.0 (X11; Linux x86_64) AppleWebKit/537.36 (KHTML, like Gecko) Ubuntu Chromium/77.0.3865.90 HeadlessChrome/77.0.3865.90 Safari/537.36"
192.168.10.130 - - [29/Feb/2020:00:12:27 +0000] "GET /services/portal/ HTTP/1.1" 200 7034 "http://mail.spiral.com/kronolith/" "Mozilla/5.0 (X11; Ubuntu; Linux x86_64; rv:73.0) Gecko/20100101 Firefox/73.0"
192.168.10.130 - - [29/Feb/2020:00:12:30 +0000] "POST /services/ajax.php/horde/imple?token=kNRoyzspsLUkqfA8aZJfxcp&app=mnemo&imple=Mnemo_Ajax_Imple_TagAutoCompleter&input=memo_tags HTTP/1.1" 200 371 "http://mail.spiral.com/mnemo/memo.php?actionID=add_memo" "Mozilla/5.0 (X11; Linux x86_64) AppleWebKit/537.36 (KHTML, like Gecko) Ubuntu Chromium/77.0.3865.90 HeadlessChrome/77.0.3865.90 Safari/537.36"
192.168.10.130 - - [29/Feb/2020:00:12:34 +0000] "POST /mnemo/memo.php HTTP/1.1" 302 416 "http://mail.spiral.com/mnemo/memo.php?actionID=add_memo" "Mozilla/5.0 (X11; Linux x86_64) AppleWebKit/537.36 (KHTML, like Gecko) Ubuntu Chromium/77.0.3865.90 HeadlessChrome/77.0.3865.90 Safari/537.36"
192.168.10.130 - - [29/Feb/2020:00:12:34 +0000] "GET /mnemo/list.php HTTP/1.1" 200 5610 "http://mail.spiral.com/mnemo/memo.php?actionID=add_memo" "Mozilla/5.0 (X11; Linux x86_64) AppleWebKit/537.36 (KHTML, like Gecko) Ubuntu Chromium/77.0.3865.90 HeadlessChrome/77.0.3865.90 Safari/537.36"
192.168.10.130 - - [29/Feb/2020:00:12:34 +0000] "GET /mnemo/ HTTP/1.1" 200 5190 "http://mail.spiral.com/services/portal/" "Mozilla/5.0 (X11; Ubuntu; Linux x86_64; rv:73.0) Gecko/20100101 Firefox/73.0"
192.168.10.81 - - [29/Feb/2020:00:12:38 +0000] "GET /services/portal/ HTTP/1.1" 200 8293 "http://mail.spiral.com/imp/dynamic.php?page=mailbox" "Mozilla/5.0 (X11; Ubuntu; Linux x86_64; rv:73.0) Gecko/20100101 Firefox/73.0"
192.168.10.81 - - [29/Feb/2020:00:12:43 +0000] "GET /kronolith/ HTTP/1.1" 200 24860 "http://mail.spiral.com/services/portal/" "Mozilla/5.0 (X11; Ubuntu; Linux x86_64; rv:73.0) Gecko/20100101 Firefox/73.0"
192.168.10.81 - - [29/Feb/2020:00:12:44 +0000] "GET /kronolith/themes/default/screen.css HTTP/1.1" 200 2772 "http://mail.spiral.com/kronolith/" "Mozilla/5.0 (X11; Ubuntu; Linux x86_64; rv:73.0) Gecko/20100101 Firefox/73.0"
192.168.10.81 - - [29/Feb/2020:00:12:44 +0000] "GET /kronolith/themes/default/dynamic/screen.css HTTP/1.1" 200 3792 "http://mail.spiral.com/kronolith/" "Mozilla/5.0 (X11; Ubuntu; Linux x86_64; rv:73.0) Gecko/20100101 Firefox/73.0"
192.168.10.81 - - [29/Feb/2020:00:12:44 +0000] "GET /js/prettyautocomplete.js?v=dc442439853f80a9467ce727c08e9b0e HTTP/1.1" 200 3381 "http://mail.spiral.com/kronolith/" "Mozilla/5.0 (X11; Ubuntu; Linux x86_64; rv:73.0) Gecko/20100101 Firefox/73.0"
192.168.10.81 - - [29/Feb/2020:00:12:44 +0000] "GET /kronolith/js/dragdrop2.js?v=cdac878cfbf59a65fe9f73fb16b22d01 HTTP/1.1" 200 6711 "http://mail.spiral.com/kronolith/" "Mozilla/5.0 (X11; Ubuntu; Linux x86_64; rv:73.0) Gecko/20100101 Firefox/73.0"
192.168.10.81 - - [29/Feb/2020:00:12:44 +0000] "GET /kronolith/js/kronolith.js?v=cdac878cfbf59a65fe9f73fb16b22d01 HTTP/1.1" 200 50927 "http://mail.spiral.com/kronolith/" "Mozilla/5.0 (X11; Ubuntu; Linux x86_64; rv:73.0) Gecko/20100101 Firefox/73.0"
192.168.10.81 - - [29/Feb/2020:00:12:44 +0000] "GET /themes/default/sounds/gnid3.wav HTTP/1.1" 200 13961 "http://mail.spiral.com/kronolith/" "Mozilla/5.0 (X11; Ubuntu; Linux x86_64; rv:73.0) Gecko/20100101 Firefox/73.0"
192.168.10.81 - - [29/Feb/2020:00:12:44 +0000] "GET /themes/default/sounds/doorbell.wav HTTP/1.1" 200 5440 "http://mail.spiral.com/kronolith/" "Mozilla/5.0 (X11; Ubuntu; Linux x86_64; rv:73.0) Gecko/20100101 Firefox/73.0"
192.168.10.81 - - [29/Feb/2020:00:12:44 +0000] "GET /themes/default/sounds/reminder.wav HTTP/1.1" 200 23425 "http://mail.spiral.com/kronolith/" "Mozilla/5.0 (X11; Ubuntu; Linux x86_64; rv:73.0) Gecko/20100101 Firefox/73.0"
192.168.10.81 - - [29/Feb/2020:00:12:44 +0000] "GET /themes/default/sounds/jetsndb.wav HTTP/1.1" 200 31529 "http://mail.spiral.com/kronolith/" "Mozilla/5.0 (X11; Ubuntu; Linux x86_64; rv:73.0) Gecko/20100101 Firefox/73.0"
192.168.10.81 - - [29/Feb/2020:00:12:44 +0000] "GET /themes/default/sounds/theetone.wav HTTP/1.1" 200 25049 "http://mail.spiral.com/kronolith/" "Mozilla/5.0 (X11; Ubuntu; Linux x86_64; rv:73.0) Gecko/20100101 Firefox/73.0"
192.168.10.81 - - [29/Feb/2020:00:12:44 +0000] "GET /kronolith/themes/default/graphics/left.png HTTP/1.1" 200 560 "http://mail.spiral.com/kronolith/themes/default/screen.css" "Mozilla/5.0 (X11; Ubuntu; Linux x86_64; rv:73.0) Gecko/20100101 Firefox/73.0"
192.168.10.81 - - [29/Feb/2020:00:12:44 +0000] "GET /kronolith/themes/default/graphics/right.png HTTP/1.1" 200 550 "http://mail.spiral.com/kronolith/themes/default/screen.css" "Mozilla/5.0 (X11; Ubuntu; Linux x86_64; rv:73.0) Gecko/20100101 Firefox/73.0"
192.168.10.81 - - [29/Feb/2020:00:12:44 +0000] "GET /kronolith/themes/default/graphics/dayview.png HTTP/1.1" 200 617 "http://mail.spiral.com/kronolith/themes/default/screen.css" "Mozilla/5.0 (X11; Ubuntu; Linux x86_64; rv:73.0) Gecko/20100101 Firefox/73.0"
192.168.10.81 - - [29/Feb/2020:00:12:44 +0000] "GET /kronolith/themes/default/graphics/workweekview.png HTTP/1.1" 200 571 "http://mail.spiral.com/kronolith/themes/default/screen.css" "Mozilla/5.0 (X11; Ubuntu; Linux x86_64; rv:73.0) Gecko/20100101 Firefox/73.0"
192.168.10.81 - - [29/Feb/2020:00:12:44 +0000] "GET /kronolith/themes/default/graphics/weekview.png HTTP/1.1" 200 571 "http://mail.spiral.com/kronolith/themes/default/screen.css" "Mozilla/5.0 (X11; Ubuntu; Linux x86_64; rv:73.0) Gecko/20100101 Firefox/73.0"
192.168.10.81 - - [29/Feb/2020:00:12:44 +0000] "GET /kronolith/themes/default/graphics/monthview.png HTTP/1.1" 200 626 "http://mail.spiral.com/kronolith/themes/default/screen.css" "Mozilla/5.0 (X11; Ubuntu; Linux x86_64; rv:73.0) Gecko/20100101 Firefox/73.0"
192.168.10.81 - - [29/Feb/2020:00:12:44 +0000] "GET /kronolith/themes/default/graphics/yearview.png HTTP/1.1" 200 569 "http://mail.spiral.com/kronolith/themes/default/screen.css" "Mozilla/5.0 (X11; Ubuntu; Linux x86_64; rv:73.0) Gecko/20100101 Firefox/73.0"
192.168.10.81 - - [29/Feb/2020:00:12:44 +0000] "GET /kronolith/themes/default/graphics/tasks.png HTTP/1.1" 200 882 "http://mail.spiral.com/kronolith/themes/default/screen.css" "Mozilla/5.0 (X11; Ubuntu; Linux x86_64; rv:73.0) Gecko/20100101 Firefox/73.0"
192.168.10.81 - - [29/Feb/2020:00:12:44 +0000] "GET /kronolith/themes/default/graphics/new.png HTTP/1.1" 200 828 "http://mail.spiral.com/kronolith/themes/default/dynamic/screen.css" "Mozilla/5.0 (X11; Ubuntu; Linux x86_64; rv:73.0) Gecko/20100101 Firefox/73.0"
192.168.10.81 - - [29/Feb/2020:00:12:44 +0000] "GET /kronolith/themes/default/graphics/favicon.ico HTTP/1.1" 200 2026 "-" "Mozilla/5.0 (X11; Ubuntu; Linux x86_64; rv:73.0) Gecko/20100101 Firefox/73.0"
192.168.10.81 - - [29/Feb/2020:00:12:44 +0000] "POST /services/ajax.php/kronolith/listCalendars HTTP/1.1" 200 976 "http://mail.spiral.com/kronolith/" "Mozilla/5.0 (X11; Ubuntu; Linux x86_64; rv:73.0) Gecko/20100101 Firefox/73.0"
192.168.10.81 - - [29/Feb/2020:00:12:44 +0000] "GET /kronolith/themes/default/graphics/loading.gif HTTP/1.1" 200 2763 "http://mail.spiral.com/kronolith/themes/default/dynamic/screen.css" "Mozilla/5.0 (X11; Ubuntu; Linux x86_64; rv:73.0) Gecko/20100101 Firefox/73.0"
192.168.10.81 - - [29/Feb/2020:00:12:44 +0000] "POST /services/ajax.php/kronolith/listEvents HTTP/1.1" 200 551 "http://mail.spiral.com/kronolith/" "Mozilla/5.0 (X11; Ubuntu; Linux x86_64; rv:73.0) Gecko/20100101 Firefox/73.0"
192.168.10.81 - - [29/Feb/2020:00:12:44 +0000] "POST /services/ajax.php/kronolith/listEvents HTTP/1.1" 200 1563 "http://mail.spiral.com/kronolith/" "Mozilla/5.0 (X11; Ubuntu; Linux x86_64; rv:73.0) Gecko/20100101 Firefox/73.0"
192.168.10.81 - - [29/Feb/2020:00:12:50 +0000] "GET /themes/default/graphics/redbox_spinner.gif HTTP/1.1" 200 7091 "http://mail.spiral.com/themes/default/screen.css" "Mozilla/5.0 (X11; Ubuntu; Linux x86_64; rv:73.0) Gecko/20100101 Firefox/73.0"
192.168.10.81 - - [29/Feb/2020:00:12:50 +0000] "POST /services/ajax.php/kronolith/getEvent HTTP/1.1" 200 681 "http://mail.spiral.com/kronolith/" "Mozilla/5.0 (X11; Ubuntu; Linux x86_64; rv:73.0) Gecko/20100101 Firefox/73.0"
192.168.10.81 - - [29/Feb/2020:00:12:51 +0000] "POST /services/ajax.php/kronolith/listTopTags HTTP/1.1" 200 458 "http://mail.spiral.com/kronolith/" "Mozilla/5.0 (X11; Ubuntu; Linux x86_64; rv:73.0) Gecko/20100101 Firefox/73.0"
192.168.10.81 - - [29/Feb/2020:00:12:59 +0000] "POST /services/ajax.php/kronolith/deleteEvent HTTP/1.1" 200 538 "http://mail.spiral.com/kronolith/" "Mozilla/5.0 (X11; Ubuntu; Linux x86_64; rv:73.0) Gecko/20100101 Firefox/73.0"
192.168.10.81 - - [29/Feb/2020:00:13:07 +0000] "GET /services/portal/ HTTP/1.1" 200 8290 "http://mail.spiral.com/kronolith/" "Mozilla/5.0 (X11; Ubuntu; Linux x86_64; rv:73.0) Gecko/20100101 Firefox/73.0"
192.168.10.81 - - [29/Feb/2020:00:13:10 +0000] "GET /imp/dynamic.php?page=mailbox HTTP/1.1" 200 8895 "http://mail.spiral.com/services/portal/" "Mozilla/5.0 (X11; Ubuntu; Linux x86_64; rv:73.0) Gecko/20100101 Firefox/73.0"
192.168.10.81 - - [29/Feb/2020:00:13:10 +0000] "POST /services/ajax.php/imp/dynamicInit HTTP/1.1" 200 1470 "http://mail.spiral.com/imp/dynamic.php?page=mailbox" "Mozilla/5.0 (X11; Ubuntu; Linux x86_64; rv:73.0) Gecko/20100101 Firefox/73.0"
192.168.10.130 - - [29/Feb/2020:00:13:10 +0000] "GET /services/portal/ HTTP/1.1" 200 7459 "http://mail.spiral.com/mnemo/list.php" "Mozilla/5.0 (X11; Linux x86_64) AppleWebKit/537.36 (KHTML, like Gecko) Ubuntu Chromium/77.0.3865.90 HeadlessChrome/77.0.3865.90 Safari/537.36"
192.168.10.130 - - [29/Feb/2020:00:13:12 +0000] "GET /mnemo/memo.php?actionID=add_memo HTTP/1.1" 200 5979 "http://mail.spiral.com/mnemo/" "Mozilla/5.0 (X11; Ubuntu; Linux x86_64; rv:73.0) Gecko/20100101 Firefox/73.0"
192.168.10.81 - - [29/Feb/2020:00:13:18 +0000] "POST /services/ajax.php/imp/viewPort HTTP/1.1" 200 835 "http://mail.spiral.com/imp/dynamic.php?page=mailbox" "Mozilla/5.0 (X11; Ubuntu; Linux x86_64; rv:73.0) Gecko/20100101 Firefox/73.0"
192.168.10.130 - - [29/Feb/2020:00:13:24 +0000] "POST /services/ajax.php/horde/imple?token=zwiFi46-w1WbjcxymnmTfV7&app=mnemo&imple=Mnemo_Ajax_Imple_TagAutoCompleter&input=memo_tags HTTP/1.1" 200 371 "http://mail.spiral.com/mnemo/memo.php?actionID=add_memo" "Mozilla/5.0 (X11; Ubuntu; Linux x86_64; rv:73.0) Gecko/20100101 Firefox/73.0"
192.168.10.130 - - [29/Feb/2020:00:13:31 +0000] "POST /mnemo/memo.php HTTP/1.1" 302 417 "http://mail.spiral.com/mnemo/memo.php?actionID=add_memo" "Mozilla/5.0 (X11; Ubuntu; Linux x86_64; rv:73.0) Gecko/20100101 Firefox/73.0"
192.168.10.130 - - [29/Feb/2020:00:13:31 +0000] "GET /mnemo/list.php HTTP/1.1" 200 5422 "http://mail.spiral.com/mnemo/memo.php?actionID=add_memo" "Mozilla/5.0 (X11; Ubuntu; Linux x86_64; rv:73.0) Gecko/20100101 Firefox/73.0"
192.168.10.130 - - [29/Feb/2020:00:13:46 +0000] "GET /services/portal/ HTTP/1.1" 200 7463 "http://mail.spiral.com/services/portal/" "Mozilla/5.0 (X11; Linux x86_64) AppleWebKit/537.36 (KHTML, like Gecko) Ubuntu Chromium/77.0.3865.90 HeadlessChrome/77.0.3865.90 Safari/537.36"
192.168.10.130 - - [29/Feb/2020:00:13:51 +0000] "GET /nag/ HTTP/1.1" 200 8488 "http://mail.spiral.com/services/portal/" "Mozilla/5.0 (X11; Linux x86_64) AppleWebKit/537.36 (KHTML, like Gecko) Ubuntu Chromium/77.0.3865.90 HeadlessChrome/77.0.3865.90 Safari/537.36"
192.168.10.81 - - [29/Feb/2020:00:13:53 +0000] "GET /services/portal/ HTTP/1.1" 200 8292 "http://mail.spiral.com/imp/dynamic.php?page=mailbox" "Mozilla/5.0 (X11; Ubuntu; Linux x86_64; rv:73.0) Gecko/20100101 Firefox/73.0"
192.168.10.81 - - [29/Feb/2020:00:13:57 +0000] "GET /mnemo/ HTTP/1.1" 200 5834 "http://mail.spiral.com/services/portal/" "Mozilla/5.0 (X11; Ubuntu; Linux x86_64; rv:73.0) Gecko/20100101 Firefox/73.0"
192.168.10.130 - - [29/Feb/2020:00:14:05 +0000] "GET /services/portal/ HTTP/1.1" 200 7127 "http://mail.spiral.com/mnemo/list.php" "Mozilla/5.0 (X11; Ubuntu; Linux x86_64; rv:73.0) Gecko/20100101 Firefox/73.0"
192.168.10.130 - - [29/Feb/2020:00:14:28 +0000] "GET /nag/task.php?tasklist=KCDsO_NmBjYX5zVsrCfQDx7&task=CzzvouuXL90PtKLh7taEoDK&actionID=modify_task&have_search&tab_name=1&url=%2Fnag%2F HTTP/1.1" 200 9163 "http://mail.spiral.com/nag/" "Mozilla/5.0 (X11; Linux x86_64) AppleWebKit/537.36 (KHTML, like Gecko) Ubuntu Chromium/77.0.3865.90 HeadlessChrome/77.0.3865.90 Safari/537.36"
192.168.10.81 - - [29/Feb/2020:00:14:34 +0000] "GET /mnemo/memo.php?actionID=add_memo HTTP/1.1" 200 6123 "http://mail.spiral.com/mnemo/" "Mozilla/5.0 (X11; Ubuntu; Linux x86_64; rv:73.0) Gecko/20100101 Firefox/73.0"
192.168.10.130 - - [29/Feb/2020:00:14:34 +0000] "POST /nag/task/save.php HTTP/1.1" 302 415 "http://mail.spiral.com/nag/task.php?tasklist=KCDsO_NmBjYX5zVsrCfQDx7&task=CzzvouuXL90PtKLh7taEoDK&actionID=modify_task&have_search&tab_name=1&url=%2Fnag%2F" "Mozilla/5.0 (X11; Linux x86_64) AppleWebKit/537.36 (KHTML, like Gecko) Ubuntu Chromium/77.0.3865.90 HeadlessChrome/77.0.3865.90 Safari/537.36"
192.168.10.130 - - [29/Feb/2020:00:14:34 +0000] "GET /nag/list.php HTTP/1.1" 200 8477 "http://mail.spiral.com/nag/task.php?tasklist=KCDsO_NmBjYX5zVsrCfQDx7&task=CzzvouuXL90PtKLh7taEoDK&actionID=modify_task&have_search&tab_name=1&url=%2Fnag%2F" "Mozilla/5.0 (X11; Linux x86_64) AppleWebKit/537.36 (KHTML, like Gecko) Ubuntu Chromium/77.0.3865.90 HeadlessChrome/77.0.3865.90 Safari/537.36"
192.168.10.130 - - [29/Feb/2020:00:14:39 +0000] "GET /services/portal/ HTTP/1.1" 200 7126 "http://mail.spiral.com/services/portal/" "Mozilla/5.0 (X11; Ubuntu; Linux x86_64; rv:73.0) Gecko/20100101 Firefox/73.0"
192.168.10.81 - - [29/Feb/2020:00:14:44 +0000] "POST /services/ajax.php/horde/imple?token=t178Jy_bOFAgZYI5pak0cNw&app=mnemo&imple=Mnemo_Ajax_Imple_TagAutoCompleter&input=memo_tags HTTP/1.1" 200 371 "http://mail.spiral.com/mnemo/memo.php?actionID=add_memo" "Mozilla/5.0 (X11; Ubuntu; Linux x86_64; rv:73.0) Gecko/20100101 Firefox/73.0"
192.168.10.130 - - [29/Feb/2020:00:14:46 +0000] "GET /turba/ HTTP/1.1" 200 4350 "http://mail.spiral.com/services/portal/" "Mozilla/5.0 (X11; Ubuntu; Linux x86_64; rv:73.0) Gecko/20100101 Firefox/73.0"
192.168.10.81 - - [29/Feb/2020:00:14:49 +0000] "POST /mnemo/memo.php HTTP/1.1" 302 416 "http://mail.spiral.com/mnemo/memo.php?actionID=add_memo" "Mozilla/5.0 (X11; Ubuntu; Linux x86_64; rv:73.0) Gecko/20100101 Firefox/73.0"
192.168.10.81 - - [29/Feb/2020:00:14:49 +0000] "GET /mnemo/list.php HTTP/1.1" 200 6047 "http://mail.spiral.com/mnemo/memo.php?actionID=add_memo" "Mozilla/5.0 (X11; Ubuntu; Linux x86_64; rv:73.0) Gecko/20100101 Firefox/73.0"
192.168.10.130 - - [29/Feb/2020:00:14:52 +0000] "GET /turba/browse.php HTTP/1.1" 200 5463 "http://mail.spiral.com/turba/" "Mozilla/5.0 (X11; Ubuntu; Linux x86_64; rv:73.0) Gecko/20100101 Firefox/73.0"
192.168.10.130 - - [29/Feb/2020:00:14:55 +0000] "GET /turba/contact.php?source=P7pxaJ1DBxG_43W0bvFVAZB&key=5vmPLSQuRAd-p6FI4ND2V1R HTTP/1.1" 200 21053 "http://mail.spiral.com/turba/browse.php" "Mozilla/5.0 (X11; Ubuntu; Linux x86_64; rv:73.0) Gecko/20100101 Firefox/73.0"
192.168.10.130 - - [29/Feb/2020:00:15:08 +0000] "POST /turba/delete.php HTTP/1.1" 302 419 "http://mail.spiral.com/turba/contact.php?source=P7pxaJ1DBxG_43W0bvFVAZB&key=5vmPLSQuRAd-p6FI4ND2V1R" "Mozilla/5.0 (X11; Ubuntu; Linux x86_64; rv:73.0) Gecko/20100101 Firefox/73.0"
192.168.10.130 - - [29/Feb/2020:00:15:08 +0000] "GET /turba/search.php HTTP/1.1" 200 4437 "http://mail.spiral.com/turba/contact.php?source=P7pxaJ1DBxG_43W0bvFVAZB&key=5vmPLSQuRAd-p6FI4ND2V1R" "Mozilla/5.0 (X11; Ubuntu; Linux x86_64; rv:73.0) Gecko/20100101 Firefox/73.0"
192.168.10.130 - - [29/Feb/2020:00:15:09 +0000] "GET /services/portal/ HTTP/1.1" 200 7361 "http://mail.spiral.com/nag/list.php" "Mozilla/5.0 (X11; Linux x86_64) AppleWebKit/537.36 (KHTML, like Gecko) Ubuntu Chromium/77.0.3865.90 HeadlessChrome/77.0.3865.90 Safari/537.36"
192.168.10.130 - - [29/Feb/2020:00:15:12 +0000] "GET /kronolith/ HTTP/1.1" 200 24710 "http://mail.spiral.com/services/portal/" "Mozilla/5.0 (X11; Linux x86_64) AppleWebKit/537.36 (KHTML, like Gecko) Ubuntu Chromium/77.0.3865.90 HeadlessChrome/77.0.3865.90 Safari/537.36"
192.168.10.130 - - [29/Feb/2020:00:15:13 +0000] "POST /services/ajax.php/kronolith/listCalendars HTTP/1.1" 200 976 "http://mail.spiral.com/kronolith/" "Mozilla/5.0 (X11; Linux x86_64) AppleWebKit/537.36 (KHTML, like Gecko) Ubuntu Chromium/77.0.3865.90 HeadlessChrome/77.0.3865.90 Safari/537.36"
192.168.10.130 - - [29/Feb/2020:00:15:13 +0000] "POST /services/ajax.php/kronolith/listEvents HTTP/1.1" 200 1017 "http://mail.spiral.com/kronolith/" "Mozilla/5.0 (X11; Linux x86_64) AppleWebKit/537.36 (KHTML, like Gecko) Ubuntu Chromium/77.0.3865.90 HeadlessChrome/77.0.3865.90 Safari/537.36"
192.168.10.130 - - [29/Feb/2020:00:15:13 +0000] "POST /services/ajax.php/kronolith/listEvents HTTP/1.1" 200 552 "http://mail.spiral.com/kronolith/" "Mozilla/5.0 (X11; Linux x86_64) AppleWebKit/537.36 (KHTML, like Gecko) Ubuntu Chromium/77.0.3865.90 HeadlessChrome/77.0.3865.90 Safari/537.36"
192.168.10.81 - - [29/Feb/2020:00:15:24 +0000] "GET /services/portal/ HTTP/1.1" 200 8365 "http://mail.spiral.com/mnemo/list.php" "Mozilla/5.0 (X11; Ubuntu; Linux x86_64; rv:73.0) Gecko/20100101 Firefox/73.0"
192.168.10.81 - - [29/Feb/2020:00:15:27 +0000] "GET /nag/ HTTP/1.1" 200 8643 "http://mail.spiral.com/services/portal/" "Mozilla/5.0 (X11; Ubuntu; Linux x86_64; rv:73.0) Gecko/20100101 Firefox/73.0"
192.168.10.130 - - [29/Feb/2020:00:15:44 +0000] "GET /services/portal/ HTTP/1.1" 200 7131 "http://mail.spiral.com/turba/search.php" "Mozilla/5.0 (X11; Ubuntu; Linux x86_64; rv:73.0) Gecko/20100101 Firefox/73.0"
192.168.10.130 - - [29/Feb/2020:00:15:50 +0000] "GET /nag/ HTTP/1.1" 200 8124 "http://mail.spiral.com/services/portal/" "Mozilla/5.0 (X11; Ubuntu; Linux x86_64; rv:73.0) Gecko/20100101 Firefox/73.0"
192.168.10.130 - - [29/Feb/2020:00:15:52 +0000] "POST /services/ajax.php/kronolith/listTopTags HTTP/1.1" 200 436 "http://mail.spiral.com/kronolith/" "Mozilla/5.0 (X11; Linux x86_64) AppleWebKit/537.36 (KHTML, like Gecko) Ubuntu Chromium/77.0.3865.90 HeadlessChrome/77.0.3865.90 Safari/537.36"
192.168.10.81 - - [29/Feb/2020:00:16:03 +0000] "GET /nag/task.php?actionID=add_task HTTP/1.1" 200 9191 "http://mail.spiral.com/nag/" "Mozilla/5.0 (X11; Ubuntu; Linux x86_64; rv:73.0) Gecko/20100101 Firefox/73.0"
192.168.10.130 - - [29/Feb/2020:00:16:13 +0000] "POST /services/ajax.php/kronolith/poll HTTP/1.1" 200 387 "http://mail.spiral.com/kronolith/" "Mozilla/5.0 (X11; Linux x86_64) AppleWebKit/537.36 (KHTML, like Gecko) Ubuntu Chromium/77.0.3865.90 HeadlessChrome/77.0.3865.90 Safari/537.36"
192.168.10.81 - - [29/Feb/2020:00:16:17 +0000] "POST /services/ajax.php/horde/imple?token=t178Jy_bOFAgZYI5pak0cNw&app=nag&imple=Nag_Ajax_Imple_TagAutoCompleter&input=tags HTTP/1.1" 200 374 "http://mail.spiral.com/nag/task.php?actionID=add_task" "Mozilla/5.0 (X11; Ubuntu; Linux x86_64; rv:73.0) Gecko/20100101 Firefox/73.0"
192.168.10.130 - - [29/Feb/2020:00:16:20 +0000] "POST /services/ajax.php/kronolith/saveEvent HTTP/1.1" 200 644 "http://mail.spiral.com/kronolith/" "Mozilla/5.0 (X11; Linux x86_64) AppleWebKit/537.36 (KHTML, like Gecko) Ubuntu Chromium/77.0.3865.90 HeadlessChrome/77.0.3865.90 Safari/537.36"
192.168.10.130 - - [29/Feb/2020:00:16:28 +0000] "GET /services/portal/ HTTP/1.1" 200 7360 "http://mail.spiral.com/kronolith/" "Mozilla/5.0 (X11; Linux x86_64) AppleWebKit/537.36 (KHTML, like Gecko) Ubuntu Chromium/77.0.3865.90 HeadlessChrome/77.0.3865.90 Safari/537.36"
192.168.10.130 - - [29/Feb/2020:00:16:32 +0000] "GET /nag/task.php?actionID=add_task HTTP/1.1" 200 8936 "http://mail.spiral.com/nag/" "Mozilla/5.0 (X11; Ubuntu; Linux x86_64; rv:73.0) Gecko/20100101 Firefox/73.0"
192.168.10.130 - - [29/Feb/2020:00:16:32 +0000] "GET /turba/ HTTP/1.1" 200 4352 "http://mail.spiral.com/services/portal/" "Mozilla/5.0 (X11; Linux x86_64) AppleWebKit/537.36 (KHTML, like Gecko) Ubuntu Chromium/77.0.3865.90 HeadlessChrome/77.0.3865.90 Safari/537.36"
192.168.10.130 - - [29/Feb/2020:00:16:38 +0000] "GET /turba/add.php HTTP/1.1" 200 19360 "http://mail.spiral.com/turba/" "Mozilla/5.0 (X11; Linux x86_64) AppleWebKit/537.36 (KHTML, like Gecko) Ubuntu Chromium/77.0.3865.90 HeadlessChrome/77.0.3865.90 Safari/537.36"
192.168.10.81 - - [29/Feb/2020:00:16:44 +0000] "POST /nag/task/save.php HTTP/1.1" 302 415 "http://mail.spiral.com/nag/task.php?actionID=add_task" "Mozilla/5.0 (X11; Ubuntu; Linux x86_64; rv:73.0) Gecko/20100101 Firefox/73.0"
192.168.10.81 - - [29/Feb/2020:00:16:44 +0000] "GET /nag/list.php HTTP/1.1" 200 8834 "http://mail.spiral.com/nag/task.php?actionID=add_task" "Mozilla/5.0 (X11; Ubuntu; Linux x86_64; rv:73.0) Gecko/20100101 Firefox/73.0"
192.168.10.130 - - [29/Feb/2020:00:16:47 +0000] "POST /services/ajax.php/horde/imple?token=zwiFi46-w1WbjcxymnmTfV7&app=nag&imple=Nag_Ajax_Imple_TagAutoCompleter&input=tags HTTP/1.1" 200 382 "http://mail.spiral.com/nag/task.php?actionID=add_task" "Mozilla/5.0 (X11; Ubuntu; Linux x86_64; rv:73.0) Gecko/20100101 Firefox/73.0"
192.168.10.130 - - [29/Feb/2020:00:16:49 +0000] "POST /turba/add.php HTTP/1.1" 302 492 "http://mail.spiral.com/turba/add.php" "Mozilla/5.0 (X11; Linux x86_64) AppleWebKit/537.36 (KHTML, like Gecko) Ubuntu Chromium/77.0.3865.90 HeadlessChrome/77.0.3865.90 Safari/537.36"
192.168.10.130 - - [29/Feb/2020:00:16:50 +0000] "GET /turba/contact.php?source=dDQI2mfGX-cQemxh4GC5uHK&key=oZ_HnvDV1RzcsAiiL_PzNnX&view=Contact HTTP/1.1" 200 21131 "http://mail.spiral.com/turba/add.php" "Mozilla/5.0 (X11; Linux x86_64) AppleWebKit/537.36 (KHTML, like Gecko) Ubuntu Chromium/77.0.3865.90 HeadlessChrome/77.0.3865.90 Safari/537.36"
192.168.10.81 - - [29/Feb/2020:00:17:19 +0000] "GET /services/portal/ HTTP/1.1" 200 8490 "http://mail.spiral.com/nag/list.php" "Mozilla/5.0 (X11; Ubuntu; Linux x86_64; rv:73.0) Gecko/20100101 Firefox/73.0"
192.168.10.81 - - [29/Feb/2020:00:17:23 +0000] "GET /mnemo/ HTTP/1.1" 200 5929 "http://mail.spiral.com/services/portal/" "Mozilla/5.0 (X11; Ubuntu; Linux x86_64; rv:73.0) Gecko/20100101 Firefox/73.0"
192.168.10.130 - - [29/Feb/2020:00:17:26 +0000] "GET /services/portal/ HTTP/1.1" 200 7359 "http://mail.spiral.com/turba/contact.php?source=dDQI2mfGX-cQemxh4GC5uHK&key=oZ_HnvDV1RzcsAiiL_PzNnX&view=Contact" "Mozilla/5.0 (X11; Linux x86_64) AppleWebKit/537.36 (KHTML, like Gecko) Ubuntu Chromium/77.0.3865.90 HeadlessChrome/77.0.3865.90 Safari/537.36"
192.168.10.130 - - [29/Feb/2020:00:17:27 +0000] "POST /nag/task/save.php HTTP/1.1" 302 415 "http://mail.spiral.com/nag/task.php?actionID=add_task" "Mozilla/5.0 (X11; Ubuntu; Linux x86_64; rv:73.0) Gecko/20100101 Firefox/73.0"
192.168.10.130 - - [29/Feb/2020:00:17:27 +0000] "GET /nag/list.php HTTP/1.1" 200 8360 "http://mail.spiral.com/nag/task.php?actionID=add_task" "Mozilla/5.0 (X11; Ubuntu; Linux x86_64; rv:73.0) Gecko/20100101 Firefox/73.0"
192.168.10.130 - - [29/Feb/2020:00:17:29 +0000] "GET /mnemo/ HTTP/1.1" 200 5494 "http://mail.spiral.com/services/portal/" "Mozilla/5.0 (X11; Linux x86_64) AppleWebKit/537.36 (KHTML, like Gecko) Ubuntu Chromium/77.0.3865.90 HeadlessChrome/77.0.3865.90 Safari/537.36"
192.168.10.81 - - [29/Feb/2020:00:17:59 +0000] "GET /mnemo/memo.php?actionID=add_memo HTTP/1.1" 200 6124 "http://mail.spiral.com/mnemo/" "Mozilla/5.0 (X11; Ubuntu; Linux x86_64; rv:73.0) Gecko/20100101 Firefox/73.0"
192.168.10.130 - - [29/Feb/2020:00:18:03 +0000] "GET /services/portal/ HTTP/1.1" 200 7690 "http://mail.spiral.com/nag/list.php" "Mozilla/5.0 (X11; Ubuntu; Linux x86_64; rv:73.0) Gecko/20100101 Firefox/73.0"
192.168.10.81 - - [29/Feb/2020:00:18:06 +0000] "POST /services/ajax.php/horde/imple?token=t178Jy_bOFAgZYI5pak0cNw&app=mnemo&imple=Mnemo_Ajax_Imple_TagAutoCompleter&input=memo_tags HTTP/1.1" 200 371 "http://mail.spiral.com/mnemo/memo.php?actionID=add_memo" "Mozilla/5.0 (X11; Ubuntu; Linux x86_64; rv:73.0) Gecko/20100101 Firefox/73.0"
192.168.10.130 - - [29/Feb/2020:00:18:07 +0000] "GET /mnemo/memo.php?actionID=add_memo HTTP/1.1" 200 5977 "http://mail.spiral.com/mnemo/" "Mozilla/5.0 (X11; Linux x86_64) AppleWebKit/537.36 (KHTML, like Gecko) Ubuntu Chromium/77.0.3865.90 HeadlessChrome/77.0.3865.90 Safari/537.36"
192.168.10.130 - - [29/Feb/2020:00:18:10 +0000] "GET /mnemo/ HTTP/1.1" 200 5306 "http://mail.spiral.com/services/portal/" "Mozilla/5.0 (X11; Ubuntu; Linux x86_64; rv:73.0) Gecko/20100101 Firefox/73.0"
192.168.10.81 - - [29/Feb/2020:00:18:11 +0000] "POST /mnemo/memo.php HTTP/1.1" 302 416 "http://mail.spiral.com/mnemo/memo.php?actionID=add_memo" "Mozilla/5.0 (X11; Ubuntu; Linux x86_64; rv:73.0) Gecko/20100101 Firefox/73.0"
192.168.10.81 - - [29/Feb/2020:00:18:11 +0000] "GET /mnemo/list.php HTTP/1.1" 200 6150 "http://mail.spiral.com/mnemo/memo.php?actionID=add_memo" "Mozilla/5.0 (X11; Ubuntu; Linux x86_64; rv:73.0) Gecko/20100101 Firefox/73.0"
192.168.10.130 - - [29/Feb/2020:00:18:17 +0000] "POST /services/ajax.php/horde/imple?token=kNRoyzspsLUkqfA8aZJfxcp&app=mnemo&imple=Mnemo_Ajax_Imple_TagAutoCompleter&input=memo_tags HTTP/1.1" 200 371 "http://mail.spiral.com/mnemo/memo.php?actionID=add_memo" "Mozilla/5.0 (X11; Linux x86_64) AppleWebKit/537.36 (KHTML, like Gecko) Ubuntu Chromium/77.0.3865.90 HeadlessChrome/77.0.3865.90 Safari/537.36"
192.168.10.130 - - [29/Feb/2020:00:18:22 +0000] "POST /mnemo/memo.php HTTP/1.1" 302 416 "http://mail.spiral.com/mnemo/memo.php?actionID=add_memo" "Mozilla/5.0 (X11; Linux x86_64) AppleWebKit/537.36 (KHTML, like Gecko) Ubuntu Chromium/77.0.3865.90 HeadlessChrome/77.0.3865.90 Safari/537.36"
192.168.10.130 - - [29/Feb/2020:00:18:22 +0000] "GET /mnemo/list.php HTTP/1.1" 200 5711 "http://mail.spiral.com/mnemo/memo.php?actionID=add_memo" "Mozilla/5.0 (X11; Linux x86_64) AppleWebKit/537.36 (KHTML, like Gecko) Ubuntu Chromium/77.0.3865.90 HeadlessChrome/77.0.3865.90 Safari/537.36"
192.168.10.81 - - [29/Feb/2020:00:18:43 +0000] "GET /services/portal/ HTTP/1.1" 200 8573 "http://mail.spiral.com/mnemo/list.php" "Mozilla/5.0 (X11; Ubuntu; Linux x86_64; rv:73.0) Gecko/20100101 Firefox/73.0"
192.168.10.130 - - [29/Feb/2020:00:18:51 +0000] "GET /mnemo/memo.php?actionID=add_memo HTTP/1.1" 200 5979 "http://mail.spiral.com/mnemo/" "Mozilla/5.0 (X11; Ubuntu; Linux x86_64; rv:73.0) Gecko/20100101 Firefox/73.0"
192.168.10.130 - - [29/Feb/2020:00:18:55 +0000] "GET /services/portal/ HTTP/1.1" 200 7442 "http://mail.spiral.com/mnemo/list.php" "Mozilla/5.0 (X11; Linux x86_64) AppleWebKit/537.36 (KHTML, like Gecko) Ubuntu Chromium/77.0.3865.90 HeadlessChrome/77.0.3865.90 Safari/537.36"
192.168.10.130 - - [29/Feb/2020:00:19:00 +0000] "GET /turba/ HTTP/1.1" 200 4354 "http://mail.spiral.com/services/portal/" "Mozilla/5.0 (X11; Linux x86_64) AppleWebKit/537.36 (KHTML, like Gecko) Ubuntu Chromium/77.0.3865.90 HeadlessChrome/77.0.3865.90 Safari/537.36"
192.168.10.130 - - [29/Feb/2020:00:19:03 +0000] "GET /turba/browse.php HTTP/1.1" 200 5266 "http://mail.spiral.com/turba/" "Mozilla/5.0 (X11; Linux x86_64) AppleWebKit/537.36 (KHTML, like Gecko) Ubuntu Chromium/77.0.3865.90 HeadlessChrome/77.0.3865.90 Safari/537.36"
192.168.10.130 - - [29/Feb/2020:00:19:05 +0000] "POST /services/ajax.php/horde/imple?token=zwiFi46-w1WbjcxymnmTfV7&app=mnemo&imple=Mnemo_Ajax_Imple_TagAutoCompleter&input=memo_tags HTTP/1.1" 200 371 "http://mail.spiral.com/mnemo/memo.php?actionID=add_memo" "Mozilla/5.0 (X11; Ubuntu; Linux x86_64; rv:73.0) Gecko/20100101 Firefox/73.0"
192.168.10.130 - - [29/Feb/2020:00:19:06 +0000] "GET /turba/contact.php?source=dDQI2mfGX-cQemxh4GC5uHK&key=E4CyMdGf1_ahUkbupqNOwDc HTTP/1.1" 200 21056 "http://mail.spiral.com/turba/browse.php" "Mozilla/5.0 (X11; Linux x86_64) AppleWebKit/537.36 (KHTML, like Gecko) Ubuntu Chromium/77.0.3865.90 HeadlessChrome/77.0.3865.90 Safari/537.36"
192.168.10.130 - - [29/Feb/2020:00:19:11 +0000] "POST /mnemo/memo.php HTTP/1.1" 302 417 "http://mail.spiral.com/mnemo/memo.php?actionID=add_memo" "Mozilla/5.0 (X11; Ubuntu; Linux x86_64; rv:73.0) Gecko/20100101 Firefox/73.0"
192.168.10.130 - - [29/Feb/2020:00:19:11 +0000] "GET /mnemo/list.php HTTP/1.1" 200 5536 "http://mail.spiral.com/mnemo/memo.php?actionID=add_memo" "Mozilla/5.0 (X11; Ubuntu; Linux x86_64; rv:73.0) Gecko/20100101 Firefox/73.0"
192.168.10.130 - - [29/Feb/2020:00:19:17 +0000] "POST /turba/delete.php HTTP/1.1" 302 419 "http://mail.spiral.com/turba/contact.php?source=dDQI2mfGX-cQemxh4GC5uHK&key=E4CyMdGf1_ahUkbupqNOwDc" "Mozilla/5.0 (X11; Linux x86_64) AppleWebKit/537.36 (KHTML, like Gecko) Ubuntu Chromium/77.0.3865.90 HeadlessChrome/77.0.3865.90 Safari/537.36"
192.168.10.130 - - [29/Feb/2020:00:19:17 +0000] "GET /turba/search.php HTTP/1.1" 200 4432 "http://mail.spiral.com/turba/contact.php?source=dDQI2mfGX-cQemxh4GC5uHK&key=E4CyMdGf1_ahUkbupqNOwDc" "Mozilla/5.0 (X11; Linux x86_64) AppleWebKit/537.36 (KHTML, like Gecko) Ubuntu Chromium/77.0.3865.90 HeadlessChrome/77.0.3865.90 Safari/537.36"
