192.168.10.81 - - [29/Feb/2020:08:34:44 +0000] "GET /themes/default/screen.css HTTP/1.1" 200 9567 "http://mail.spiral.com/login.php" "Mozilla/5.0 (X11; Ubuntu; Linux x86_64; rv:73.0) Gecko/20100101 Firefox/73.0"
192.168.10.81 - - [29/Feb/2020:08:34:44 +0000] "GET /themes/default/graphics/horde-power1.png HTTP/1.1" 200 2527 "http://mail.spiral.com/login.php" "Mozilla/5.0 (X11; Ubuntu; Linux x86_64; rv:73.0) Gecko/20100101 Firefox/73.0"
192.168.10.81 - - [29/Feb/2020:08:34:44 +0000] "GET /js/prototype.js?v=dc442439853f80a9467ce727c08e9b0e HTTP/1.1" 200 46392 "http://mail.spiral.com/login.php" "Mozilla/5.0 (X11; Ubuntu; Linux x86_64; rv:73.0) Gecko/20100101 Firefox/73.0"
192.168.10.81 - - [29/Feb/2020:08:34:45 +0000] "GET /themes/default/graphics/button-default.png HTTP/1.1" 200 353 "http://mail.spiral.com/themes/default/screen.css" "Mozilla/5.0 (X11; Ubuntu; Linux x86_64; rv:73.0) Gecko/20100101 Firefox/73.0"
192.168.10.81 - - [29/Feb/2020:08:34:45 +0000] "GET /themes/default/graphics/favicon.ico HTTP/1.1" 200 1201 "-" "Mozilla/5.0 (X11; Ubuntu; Linux x86_64; rv:73.0) Gecko/20100101 Firefox/73.0"
192.168.10.130 - - [29/Feb/2020:08:34:50 +0000] "GET /imp/dynamic.php?page=mailbox HTTP/1.1" 200 8758 "http://mail.spiral.com/services/portal/" "Mozilla/5.0 (X11; Ubuntu; Linux x86_64; rv:73.0) Gecko/20100101 Firefox/73.0"
::1 - - [29/Feb/2020:08:34:50 +0000] "OPTIONS * HTTP/1.0" 200 110 "-" "Apache/2.4.25 (Debian) OpenSSL/1.0.2u (internal dummy connection)"
192.168.10.130 - - [29/Feb/2020:08:34:50 +0000] "POST /services/ajax.php/imp/dynamicInit HTTP/1.1" 200 1487 "http://mail.spiral.com/imp/dynamic.php?page=mailbox" "Mozilla/5.0 (X11; Ubuntu; Linux x86_64; rv:73.0) Gecko/20100101 Firefox/73.0"
::1 - - [29/Feb/2020:08:34:51 +0000] "OPTIONS * HTTP/1.0" 200 110 "-" "Apache/2.4.25 (Debian) OpenSSL/1.0.2u (internal dummy connection)"
192.168.10.81 - - [29/Feb/2020:08:34:52 +0000] "POST /login.php HTTP/1.1" 302 607 "http://mail.spiral.com/login.php" "Mozilla/5.0 (X11; Ubuntu; Linux x86_64; rv:73.0) Gecko/20100101 Firefox/73.0"
192.168.10.81 - - [29/Feb/2020:08:34:53 +0000] "GET /services/portal/ HTTP/1.1" 200 8761 "http://mail.spiral.com/login.php" "Mozilla/5.0 (X11; Ubuntu; Linux x86_64; rv:73.0) Gecko/20100101 Firefox/73.0"
192.168.10.81 - - [29/Feb/2020:08:34:53 +0000] "GET /imp/themes/default/block/screen.css HTTP/1.1" 200 458 "http://mail.spiral.com/services/portal/" "Mozilla/5.0 (X11; Ubuntu; Linux x86_64; rv:73.0) Gecko/20100101 Firefox/73.0"
192.168.10.81 - - [29/Feb/2020:08:34:53 +0000] "GET /ingo/themes/default/block/screen.css HTTP/1.1" 200 521 "http://mail.spiral.com/services/portal/" "Mozilla/5.0 (X11; Ubuntu; Linux x86_64; rv:73.0) Gecko/20100101 Firefox/73.0"
192.168.10.81 - - [29/Feb/2020:08:34:53 +0000] "GET /kronolith/themes/default/block/screen.css HTTP/1.1" 200 515 "http://mail.spiral.com/services/portal/" "Mozilla/5.0 (X11; Ubuntu; Linux x86_64; rv:73.0) Gecko/20100101 Firefox/73.0"
192.168.10.81 - - [29/Feb/2020:08:34:53 +0000] "GET /turba/themes/default/block/screen.css HTTP/1.1" 200 449 "http://mail.spiral.com/services/portal/" "Mozilla/5.0 (X11; Ubuntu; Linux x86_64; rv:73.0) Gecko/20100101 Firefox/73.0"
192.168.10.81 - - [29/Feb/2020:08:34:53 +0000] "GET /nag/themes/default/block/screen.css HTTP/1.1" 200 437 "http://mail.spiral.com/services/portal/" "Mozilla/5.0 (X11; Ubuntu; Linux x86_64; rv:73.0) Gecko/20100101 Firefox/73.0"
192.168.10.81 - - [29/Feb/2020:08:34:53 +0000] "GET /js/tooltips.js?v=dc442439853f80a9467ce727c08e9b0e HTTP/1.1" 200 1281 "http://mail.spiral.com/services/portal/" "Mozilla/5.0 (X11; Ubuntu; Linux x86_64; rv:73.0) Gecko/20100101 Firefox/73.0"
192.168.10.81 - - [29/Feb/2020:08:34:53 +0000] "GET /turba/js/minisearch.js?v=bdffa700049748b9e0ede1748b17c142 HTTP/1.1" 200 903 "http://mail.spiral.com/services/portal/" "Mozilla/5.0 (X11; Ubuntu; Linux x86_64; rv:73.0) Gecko/20100101 Firefox/73.0"
192.168.10.81 - - [29/Feb/2020:08:34:53 +0000] "GET /js/popup.js?v=dc442439853f80a9467ce727c08e9b0e HTTP/1.1" 200 1445 "http://mail.spiral.com/services/portal/" "Mozilla/5.0 (X11; Ubuntu; Linux x86_64; rv:73.0) Gecko/20100101 Firefox/73.0"
192.168.10.81 - - [29/Feb/2020:08:34:53 +0000] "GET /js/date/en-US.js?v=dc442439853f80a9467ce727c08e9b0e HTTP/1.1" 200 2633 "http://mail.spiral.com/services/portal/" "Mozilla/5.0 (X11; Ubuntu; Linux x86_64; rv:73.0) Gecko/20100101 Firefox/73.0"
192.168.10.81 - - [29/Feb/2020:08:34:53 +0000] "GET /js/growler.js?v=dc442439853f80a9467ce727c08e9b0e HTTP/1.1" 200 2873 "http://mail.spiral.com/services/portal/" "Mozilla/5.0 (X11; Ubuntu; Linux x86_64; rv:73.0) Gecko/20100101 Firefox/73.0"
192.168.10.81 - - [29/Feb/2020:08:34:53 +0000] "GET /js/scriptaculous/effects.js?v=dc442439853f80a9467ce727c08e9b0e HTTP/1.1" 200 9056 "http://mail.spiral.com/services/portal/" "Mozilla/5.0 (X11; Ubuntu; Linux x86_64; rv:73.0) Gecko/20100101 Firefox/73.0"
192.168.10.81 - - [29/Feb/2020:08:34:53 +0000] "GET /js/topbar.js?v=dc442439853f80a9467ce727c08e9b0e HTTP/1.1" 200 1515 "http://mail.spiral.com/services/portal/" "Mozilla/5.0 (X11; Ubuntu; Linux x86_64; rv:73.0) Gecko/20100101 Firefox/73.0"
192.168.10.81 - - [29/Feb/2020:08:34:53 +0000] "GET /js/scriptaculous/sound.js?v=dc442439853f80a9467ce727c08e9b0e HTTP/1.1" 200 1307 "http://mail.spiral.com/services/portal/" "Mozilla/5.0 (X11; Ubuntu; Linux x86_64; rv:73.0) Gecko/20100101 Firefox/73.0"
192.168.10.81 - - [29/Feb/2020:08:34:53 +0000] "GET /js/hordeblocks.js?v=dc442439853f80a9467ce727c08e9b0e HTTP/1.1" 200 639 "http://mail.spiral.com/services/portal/" "Mozilla/5.0 (X11; Ubuntu; Linux x86_64; rv:73.0) Gecko/20100101 Firefox/73.0"
192.168.10.81 - - [29/Feb/2020:08:34:53 +0000] "GET /js/date/date.js?v=dc442439853f80a9467ce727c08e9b0e HTTP/1.1" 200 17978 "http://mail.spiral.com/services/portal/" "Mozilla/5.0 (X11; Ubuntu; Linux x86_64; rv:73.0) Gecko/20100101 Firefox/73.0"
192.168.10.81 - - [29/Feb/2020:08:34:53 +0000] "GET /js/hordecore.js?v=dc442439853f80a9467ce727c08e9b0e HTTP/1.1" 200 6452 "http://mail.spiral.com/services/portal/" "Mozilla/5.0 (X11; Ubuntu; Linux x86_64; rv:73.0) Gecko/20100101 Firefox/73.0"
192.168.10.81 - - [29/Feb/2020:08:34:53 +0000] "GET /themes/default/graphics/settings.png HTTP/1.1" 200 691 "http://mail.spiral.com/themes/default/screen.css" "Mozilla/5.0 (X11; Ubuntu; Linux x86_64; rv:73.0) Gecko/20100101 Firefox/73.0"
192.168.10.81 - - [29/Feb/2020:08:34:53 +0000] "GET /themes/default/graphics/logo.png HTTP/1.1" 200 2606 "http://mail.spiral.com/themes/default/screen.css" "Mozilla/5.0 (X11; Ubuntu; Linux x86_64; rv:73.0) Gecko/20100101 Firefox/73.0"
192.168.10.81 - - [29/Feb/2020:08:34:53 +0000] "GET /themes/default/graphics/logout.png HTTP/1.1" 200 942 "http://mail.spiral.com/themes/default/screen.css" "Mozilla/5.0 (X11; Ubuntu; Linux x86_64; rv:73.0) Gecko/20100101 Firefox/73.0"
192.168.10.81 - - [29/Feb/2020:08:34:53 +0000] "GET /themes/default/graphics/sidebar-new-bg.png HTTP/1.1" 200 383 "http://mail.spiral.com/themes/default/screen.css" "Mozilla/5.0 (X11; Ubuntu; Linux x86_64; rv:73.0) Gecko/20100101 Firefox/73.0"
192.168.10.81 - - [29/Feb/2020:08:34:53 +0000] "GET /themes/default/graphics/sidebar-new.png HTTP/1.1" 200 704 "http://mail.spiral.com/themes/default/screen.css" "Mozilla/5.0 (X11; Ubuntu; Linux x86_64; rv:73.0) Gecko/20100101 Firefox/73.0"
192.168.10.81 - - [29/Feb/2020:08:34:53 +0000] "GET /themes/default/graphics/head-bg.png HTTP/1.1" 200 380 "http://mail.spiral.com/themes/default/screen.css" "Mozilla/5.0 (X11; Ubuntu; Linux x86_64; rv:73.0) Gecko/20100101 Firefox/73.0"
192.168.10.81 - - [29/Feb/2020:08:34:53 +0000] "GET /ingo/themes/default/graphics/whitelist.png HTTP/1.1" 200 814 "http://mail.spiral.com/ingo/themes/default/block/screen.css" "Mozilla/5.0 (X11; Ubuntu; Linux x86_64; rv:73.0) Gecko/20100101 Firefox/73.0"
192.168.10.81 - - [29/Feb/2020:08:34:53 +0000] "GET /ingo/themes/default/graphics/blacklist.png HTTP/1.1" 200 826 "http://mail.spiral.com/ingo/themes/default/block/screen.css" "Mozilla/5.0 (X11; Ubuntu; Linux x86_64; rv:73.0) Gecko/20100101 Firefox/73.0"
192.168.10.81 - - [29/Feb/2020:08:34:53 +0000] "GET /themes/default/graphics/tabset.png HTTP/1.1" 200 372 "http://mail.spiral.com/themes/default/screen.css" "Mozilla/5.0 (X11; Ubuntu; Linux x86_64; rv:73.0) Gecko/20100101 Firefox/73.0"
192.168.10.81 - - [29/Feb/2020:08:34:53 +0000] "GET /themes/default/graphics/navi-arrow-normal.png HTTP/1.1" 200 488 "http://mail.spiral.com/themes/default/screen.css" "Mozilla/5.0 (X11; Ubuntu; Linux x86_64; rv:73.0) Gecko/20100101 Firefox/73.0"
192.168.10.81 - - [29/Feb/2020:08:34:53 +0000] "GET /themes/default/graphics/alerts/message.png HTTP/1.1" 200 761 "http://mail.spiral.com/themes/default/screen.css" "Mozilla/5.0 (X11; Ubuntu; Linux x86_64; rv:73.0) Gecko/20100101 Firefox/73.0"
192.168.10.81 - - [29/Feb/2020:08:34:53 +0000] "GET /themes/default/graphics/close.png HTTP/1.1" 200 757 "http://mail.spiral.com/themes/default/screen.css" "Mozilla/5.0 (X11; Ubuntu; Linux x86_64; rv:73.0) Gecko/20100101 Firefox/73.0"
192.168.10.81 - - [29/Feb/2020:08:34:58 +0000] "GET /themes/default/graphics/navi-arrow-active.png HTTP/1.1" 200 530 "http://mail.spiral.com/themes/default/screen.css" "Mozilla/5.0 (X11; Ubuntu; Linux x86_64; rv:73.0) Gecko/20100101 Firefox/73.0"
192.168.10.81 - - [29/Feb/2020:08:34:58 +0000] "GET /themes/default/graphics/navi-subnavi.png HTTP/1.1" 200 474 "http://mail.spiral.com/themes/default/screen.css" "Mozilla/5.0 (X11; Ubuntu; Linux x86_64; rv:73.0) Gecko/20100101 Firefox/73.0"
192.168.10.81 - - [29/Feb/2020:08:34:58 +0000] "GET /themes/default/graphics/settings-active.png HTTP/1.1" 200 803 "http://mail.spiral.com/themes/default/screen.css" "Mozilla/5.0 (X11; Ubuntu; Linux x86_64; rv:73.0) Gecko/20100101 Firefox/73.0"
192.168.10.130 - - [29/Feb/2020:08:34:59 +0000] "POST /services/ajax.php/imp/viewPort HTTP/1.1" 200 846 "http://mail.spiral.com/imp/dynamic.php?page=mailbox" "Mozilla/5.0 (X11; Ubuntu; Linux x86_64; rv:73.0) Gecko/20100101 Firefox/73.0"
192.168.10.81 - - [29/Feb/2020:08:35:01 +0000] "GET /services/prefs.php?app=horde HTTP/1.1" 200 3793 "http://mail.spiral.com/services/portal/" "Mozilla/5.0 (X11; Ubuntu; Linux x86_64; rv:73.0) Gecko/20100101 Firefox/73.0"
192.168.10.81 - - [29/Feb/2020:08:35:01 +0000] "GET /js/prefs.js?v=dc442439853f80a9467ce727c08e9b0e HTTP/1.1" 200 570 "http://mail.spiral.com/services/prefs.php?app=horde" "Mozilla/5.0 (X11; Ubuntu; Linux x86_64; rv:73.0) Gecko/20100101 Firefox/73.0"
192.168.10.81 - - [29/Feb/2020:08:35:01 +0000] "GET /themes/default/graphics/button.png HTTP/1.1" 200 373 "http://mail.spiral.com/themes/default/screen.css" "Mozilla/5.0 (X11; Ubuntu; Linux x86_64; rv:73.0) Gecko/20100101 Firefox/73.0"
192.168.10.81 - - [29/Feb/2020:08:35:04 +0000] "GET /services/prefs.php?app=horde&group=identities HTTP/1.1" 200 4727 "http://mail.spiral.com/services/prefs.php?app=horde" "Mozilla/5.0 (X11; Ubuntu; Linux x86_64; rv:73.0) Gecko/20100101 Firefox/73.0"
192.168.10.81 - - [29/Feb/2020:08:35:04 +0000] "GET /js/identityselect.js?v=dc442439853f80a9467ce727c08e9b0e HTTP/1.1" 200 794 "http://mail.spiral.com/services/prefs.php?app=horde&group=identities" "Mozilla/5.0 (X11; Ubuntu; Linux x86_64; rv:73.0) Gecko/20100101 Firefox/73.0"
192.168.10.81 - - [29/Feb/2020:08:35:04 +0000] "GET /themes/default/graphics/button-delete.png HTTP/1.1" 200 384 "http://mail.spiral.com/themes/default/screen.css" "Mozilla/5.0 (X11; Ubuntu; Linux x86_64; rv:73.0) Gecko/20100101 Firefox/73.0"
::1 - - [29/Feb/2020:08:35:04 +0000] "OPTIONS * HTTP/1.0" 200 110 "-" "Apache/2.4.25 (Debian) OpenSSL/1.0.2u (internal dummy connection)"
192.168.10.130 - - [29/Feb/2020:08:35:09 +0000] "POST /services/ajax.php/imp/showMessage HTTP/1.1" 200 3065 "http://mail.spiral.com/imp/dynamic.php?page=mailbox" "Mozilla/5.0 (X11; Ubuntu; Linux x86_64; rv:73.0) Gecko/20100101 Firefox/73.0"
192.168.10.81 - - [29/Feb/2020:08:35:09 +0000] "POST /services/prefs.php HTTP/1.1" 200 4751 "http://mail.spiral.com/services/prefs.php?app=horde&group=identities" "Mozilla/5.0 (X11; Ubuntu; Linux x86_64; rv:73.0) Gecko/20100101 Firefox/73.0"
192.168.10.81 - - [29/Feb/2020:08:35:09 +0000] "GET /themes/default/graphics/alerts/success.png HTTP/1.1" 200 737 "http://mail.spiral.com/themes/default/screen.css" "Mozilla/5.0 (X11; Ubuntu; Linux x86_64; rv:73.0) Gecko/20100101 Firefox/73.0"
::1 - - [29/Feb/2020:08:35:15 +0000] "OPTIONS * HTTP/1.0" 200 110 "-" "Apache/2.4.25 (Debian) OpenSSL/1.0.2u (internal dummy connection)"
192.168.10.81 - - [29/Feb/2020:08:35:18 +0000] "GET /services/prefs.php?app=horde HTTP/1.1" 200 3792 "http://mail.spiral.com/services/prefs.php" "Mozilla/5.0 (X11; Ubuntu; Linux x86_64; rv:73.0) Gecko/20100101 Firefox/73.0"
192.168.10.130 - - [29/Feb/2020:08:35:18 +0000] "GET /imp/dynamic.php?page=message&buid=4&mailbox=SU5CT1g&token=7ZKgi2uwzgACJt9B9sgiJjE&uniq=1582965318447 HTTP/1.1" 200 7700 "http://mail.spiral.com/imp/dynamic.php?page=mailbox" "Mozilla/5.0 (X11; Ubuntu; Linux x86_64; rv:73.0) Gecko/20100101 Firefox/73.0"
192.168.10.81 - - [29/Feb/2020:08:35:23 +0000] "GET /services/prefs.php?app=imp HTTP/1.1" 200 4171 "http://mail.spiral.com/services/prefs.php?app=horde" "Mozilla/5.0 (X11; Ubuntu; Linux x86_64; rv:73.0) Gecko/20100101 Firefox/73.0"
192.168.10.81 - - [29/Feb/2020:08:35:24 +0000] "GET /imp/themes/default/screen.css HTTP/1.1" 200 3272 "http://mail.spiral.com/services/prefs.php?app=imp" "Mozilla/5.0 (X11; Ubuntu; Linux x86_64; rv:73.0) Gecko/20100101 Firefox/73.0"
192.168.10.81 - - [29/Feb/2020:08:35:24 +0000] "GET /imp/themes/default/basic/screen.css HTTP/1.1" 200 1954 "http://mail.spiral.com/services/prefs.php?app=imp" "Mozilla/5.0 (X11; Ubuntu; Linux x86_64; rv:73.0) Gecko/20100101 Firefox/73.0"
192.168.10.81 - - [29/Feb/2020:08:35:24 +0000] "GET /themes/default/graphics/navi-left-active.png HTTP/1.1" 200 446 "http://mail.spiral.com/themes/default/screen.css" "Mozilla/5.0 (X11; Ubuntu; Linux x86_64; rv:73.0) Gecko/20100101 Firefox/73.0"
192.168.10.81 - - [29/Feb/2020:08:35:24 +0000] "GET /themes/default/graphics/navi-right-active.png HTTP/1.1" 200 429 "http://mail.spiral.com/themes/default/screen.css" "Mozilla/5.0 (X11; Ubuntu; Linux x86_64; rv:73.0) Gecko/20100101 Firefox/73.0"
192.168.10.81 - - [29/Feb/2020:08:35:24 +0000] "GET /themes/default/graphics/navi-center-active.png HTTP/1.1" 200 370 "http://mail.spiral.com/themes/default/screen.css" "Mozilla/5.0 (X11; Ubuntu; Linux x86_64; rv:73.0) Gecko/20100101 Firefox/73.0"
192.168.10.81 - - [29/Feb/2020:08:35:24 +0000] "GET /imp/themes/default/graphics/favicon.ico HTTP/1.1" 200 2026 "-" "Mozilla/5.0 (X11; Ubuntu; Linux x86_64; rv:73.0) Gecko/20100101 Firefox/73.0"
192.168.10.130 - - [29/Feb/2020:08:35:25 +0000] "POST /services/ajax.php/imp/getReplyData HTTP/1.1" 200 1089 "http://mail.spiral.com/imp/dynamic.php?page=message&buid=4&mailbox=SU5CT1g&token=7ZKgi2uwzgACJt9B9sgiJjE&uniq=1582965318447" "Mozilla/5.0 (X11; Ubuntu; Linux x86_64; rv:73.0) Gecko/20100101 Firefox/73.0"
192.168.10.81 - - [29/Feb/2020:08:35:27 +0000] "GET /services/prefs.php?app=imp&group=delmove HTTP/1.1" 200 5687 "http://mail.spiral.com/services/prefs.php?app=imp" "Mozilla/5.0 (X11; Ubuntu; Linux x86_64; rv:73.0) Gecko/20100101 Firefox/73.0"
192.168.10.81 - - [29/Feb/2020:08:35:28 +0000] "GET /imp/js/folderprefs.js?v=29c8308baa6508a21e1be9e3345d1287 HTTP/1.1" 200 1185 "http://mail.spiral.com/services/prefs.php?app=imp&group=delmove" "Mozilla/5.0 (X11; Ubuntu; Linux x86_64; rv:73.0) Gecko/20100101 Firefox/73.0"
192.168.10.130 - - [29/Feb/2020:08:35:32 +0000] "POST /services/ajax.php/imp/sendMessage HTTP/1.1" 200 640 "http://mail.spiral.com/imp/dynamic.php?page=message&buid=4&mailbox=SU5CT1g&token=7ZKgi2uwzgACJt9B9sgiJjE&uniq=1582965318447" "Mozilla/5.0 (X11; Ubuntu; Linux x86_64; rv:73.0) Gecko/20100101 Firefox/73.0"
192.168.10.81 - - [29/Feb/2020:08:35:40 +0000] "POST /services/prefs.php HTTP/1.1" 200 5785 "http://mail.spiral.com/services/prefs.php?app=imp&group=delmove" "Mozilla/5.0 (X11; Ubuntu; Linux x86_64; rv:73.0) Gecko/20100101 Firefox/73.0"
192.168.10.81 - - [29/Feb/2020:08:35:49 +0000] "POST /services/prefs.php HTTP/1.1" 200 5783 "http://mail.spiral.com/services/prefs.php" "Mozilla/5.0 (X11; Ubuntu; Linux x86_64; rv:73.0) Gecko/20100101 Firefox/73.0"
192.168.10.194 - - [29/Feb/2020:08:35:59 +0000] "GET /services/portal/ HTTP/1.1" 200 4966 "http://mail.spiral.com/mnemo/" "Mozilla/5.0 (X11; Linux x86_64) AppleWebKit/537.36 (KHTML, like Gecko) Ubuntu Chromium/77.0.3865.90 HeadlessChrome/77.0.3865.90 Safari/537.36"
192.168.10.194 - - [29/Feb/2020:08:36:04 +0000] "GET /kronolith/ HTTP/1.1" 200 24717 "http://mail.spiral.com/services/portal/" "Mozilla/5.0 (X11; Linux x86_64) AppleWebKit/537.36 (KHTML, like Gecko) Ubuntu Chromium/77.0.3865.90 HeadlessChrome/77.0.3865.90 Safari/537.36"
192.168.10.194 - - [29/Feb/2020:08:36:04 +0000] "POST /services/ajax.php/kronolith/listCalendars HTTP/1.1" 200 976 "http://mail.spiral.com/kronolith/" "Mozilla/5.0 (X11; Linux x86_64) AppleWebKit/537.36 (KHTML, like Gecko) Ubuntu Chromium/77.0.3865.90 HeadlessChrome/77.0.3865.90 Safari/537.36"
192.168.10.194 - - [29/Feb/2020:08:36:04 +0000] "POST /services/ajax.php/kronolith/listEvents HTTP/1.1" 200 732 "http://mail.spiral.com/kronolith/" "Mozilla/5.0 (X11; Linux x86_64) AppleWebKit/537.36 (KHTML, like Gecko) Ubuntu Chromium/77.0.3865.90 HeadlessChrome/77.0.3865.90 Safari/537.36"
192.168.10.194 - - [29/Feb/2020:08:36:04 +0000] "POST /services/ajax.php/kronolith/listEvents HTTP/1.1" 200 552 "http://mail.spiral.com/kronolith/" "Mozilla/5.0 (X11; Linux x86_64) AppleWebKit/537.36 (KHTML, like Gecko) Ubuntu Chromium/77.0.3865.90 HeadlessChrome/77.0.3865.90 Safari/537.36"
192.168.10.130 - - [29/Feb/2020:08:36:18 +0000] "GET /services/portal/ HTTP/1.1" 200 6856 "http://mail.spiral.com/imp/dynamic.php?page=mailbox" "Mozilla/5.0 (X11; Ubuntu; Linux x86_64; rv:73.0) Gecko/20100101 Firefox/73.0"
192.168.10.130 - - [29/Feb/2020:08:36:23 +0000] "GET /turba/ HTTP/1.1" 200 4354 "http://mail.spiral.com/services/portal/" "Mozilla/5.0 (X11; Ubuntu; Linux x86_64; rv:73.0) Gecko/20100101 Firefox/73.0"
192.168.10.81 - - [29/Feb/2020:08:36:23 +0000] "GET /services/portal/ HTTP/1.1" 200 8652 "http://mail.spiral.com/services/prefs.php" "Mozilla/5.0 (X11; Ubuntu; Linux x86_64; rv:73.0) Gecko/20100101 Firefox/73.0"
192.168.10.81 - - [29/Feb/2020:08:36:26 +0000] "GET /kronolith/ HTTP/1.1" 200 24860 "http://mail.spiral.com/services/portal/" "Mozilla/5.0 (X11; Ubuntu; Linux x86_64; rv:73.0) Gecko/20100101 Firefox/73.0"
192.168.10.81 - - [29/Feb/2020:08:36:26 +0000] "GET /kronolith/themes/default/screen.css HTTP/1.1" 200 2772 "http://mail.spiral.com/kronolith/" "Mozilla/5.0 (X11; Ubuntu; Linux x86_64; rv:73.0) Gecko/20100101 Firefox/73.0"
192.168.10.81 - - [29/Feb/2020:08:36:26 +0000] "GET /kronolith/themes/default/dynamic/screen.css HTTP/1.1" 200 3792 "http://mail.spiral.com/kronolith/" "Mozilla/5.0 (X11; Ubuntu; Linux x86_64; rv:73.0) Gecko/20100101 Firefox/73.0"
192.168.10.81 - - [29/Feb/2020:08:36:26 +0000] "GET /js/keynavlist.js?v=dc442439853f80a9467ce727c08e9b0e HTTP/1.1" 200 2834 "http://mail.spiral.com/kronolith/" "Mozilla/5.0 (X11; Ubuntu; Linux x86_64; rv:73.0) Gecko/20100101 Firefox/73.0"
192.168.10.81 - - [29/Feb/2020:08:36:26 +0000] "GET /js/autocomplete.js?v=dc442439853f80a9467ce727c08e9b0e HTTP/1.1" 200 3113 "http://mail.spiral.com/kronolith/" "Mozilla/5.0 (X11; Ubuntu; Linux x86_64; rv:73.0) Gecko/20100101 Firefox/73.0"
192.168.10.81 - - [29/Feb/2020:08:36:26 +0000] "GET /js/liquidmetal.js?v=dc442439853f80a9467ce727c08e9b0e HTTP/1.1" 200 1737 "http://mail.spiral.com/kronolith/" "Mozilla/5.0 (X11; Ubuntu; Linux x86_64; rv:73.0) Gecko/20100101 Firefox/73.0"
192.168.10.81 - - [29/Feb/2020:08:36:26 +0000] "GET /js/prettyautocomplete.js?v=dc442439853f80a9467ce727c08e9b0e HTTP/1.1" 200 3381 "http://mail.spiral.com/kronolith/" "Mozilla/5.0 (X11; Ubuntu; Linux x86_64; rv:73.0) Gecko/20100101 Firefox/73.0"
192.168.10.81 - - [29/Feb/2020:08:36:26 +0000] "GET /js/imple.js?v=dc442439853f80a9467ce727c08e9b0e HTTP/1.1" 200 947 "http://mail.spiral.com/kronolith/" "Mozilla/5.0 (X11; Ubuntu; Linux x86_64; rv:73.0) Gecko/20100101 Firefox/73.0"
192.168.10.81 - - [29/Feb/2020:08:36:26 +0000] "GET /kronolith/js/dragdrop2.js?v=cdac878cfbf59a65fe9f73fb16b22d01 HTTP/1.1" 200 6711 "http://mail.spiral.com/kronolith/" "Mozilla/5.0 (X11; Ubuntu; Linux x86_64; rv:73.0) Gecko/20100101 Firefox/73.0"
192.168.10.81 - - [29/Feb/2020:08:36:26 +0000] "GET /js/redbox.js?v=dc442439853f80a9467ce727c08e9b0e HTTP/1.1" 200 1610 "http://mail.spiral.com/kronolith/" "Mozilla/5.0 (X11; Ubuntu; Linux x86_64; rv:73.0) Gecko/20100101 Firefox/73.0"
192.168.10.81 - - [29/Feb/2020:08:36:26 +0000] "GET /js/calendar.js?v=dc442439853f80a9467ce727c08e9b0e HTTP/1.1" 200 2853 "http://mail.spiral.com/kronolith/" "Mozilla/5.0 (X11; Ubuntu; Linux x86_64; rv:73.0) Gecko/20100101 Firefox/73.0"
192.168.10.81 - - [29/Feb/2020:08:36:26 +0000] "GET /js/sidebar.js?v=dc442439853f80a9467ce727c08e9b0e HTTP/1.1" 200 1078 "http://mail.spiral.com/kronolith/" "Mozilla/5.0 (X11; Ubuntu; Linux x86_64; rv:73.0) Gecko/20100101 Firefox/73.0"
192.168.10.81 - - [29/Feb/2020:08:36:26 +0000] "GET /js/colorpicker.js?v=dc442439853f80a9467ce727c08e9b0e HTTP/1.1" 200 3736 "http://mail.spiral.com/kronolith/" "Mozilla/5.0 (X11; Ubuntu; Linux x86_64; rv:73.0) Gecko/20100101 Firefox/73.0"
192.168.10.81 - - [29/Feb/2020:08:36:26 +0000] "GET /js/form_ghost.js?v=dc442439853f80a9467ce727c08e9b0e HTTP/1.1" 200 1901 "http://mail.spiral.com/kronolith/" "Mozilla/5.0 (X11; Ubuntu; Linux x86_64; rv:73.0) Gecko/20100101 Firefox/73.0"
192.168.10.81 - - [29/Feb/2020:08:36:26 +0000] "GET /kronolith/js/kronolith.js?v=cdac878cfbf59a65fe9f73fb16b22d01 HTTP/1.1" 200 50927 "http://mail.spiral.com/kronolith/" "Mozilla/5.0 (X11; Ubuntu; Linux x86_64; rv:73.0) Gecko/20100101 Firefox/73.0"
192.168.10.81 - - [29/Feb/2020:08:36:27 +0000] "GET /themes/default/sounds/doorbell.wav HTTP/1.1" 200 5440 "http://mail.spiral.com/kronolith/" "Mozilla/5.0 (X11; Ubuntu; Linux x86_64; rv:73.0) Gecko/20100101 Firefox/73.0"
192.168.10.81 - - [29/Feb/2020:08:36:27 +0000] "GET /themes/default/graphics/search-topbar.png HTTP/1.1" 200 631 "http://mail.spiral.com/kronolith/" "Mozilla/5.0 (X11; Ubuntu; Linux x86_64; rv:73.0) Gecko/20100101 Firefox/73.0"
192.168.10.81 - - [29/Feb/2020:08:36:27 +0000] "GET /themes/default/sounds/gnid3.wav HTTP/1.1" 200 13961 "http://mail.spiral.com/kronolith/" "Mozilla/5.0 (X11; Ubuntu; Linux x86_64; rv:73.0) Gecko/20100101 Firefox/73.0"
192.168.10.81 - - [29/Feb/2020:08:36:27 +0000] "GET /themes/default/sounds/reminder.wav HTTP/1.1" 200 23425 "http://mail.spiral.com/kronolith/" "Mozilla/5.0 (X11; Ubuntu; Linux x86_64; rv:73.0) Gecko/20100101 Firefox/73.0"
192.168.10.81 - - [29/Feb/2020:08:36:27 +0000] "GET /themes/default/sounds/theetone.wav HTTP/1.1" 200 25050 "http://mail.spiral.com/kronolith/" "Mozilla/5.0 (X11; Ubuntu; Linux x86_64; rv:73.0) Gecko/20100101 Firefox/73.0"
192.168.10.81 - - [29/Feb/2020:08:36:27 +0000] "GET /themes/default/sounds/jetsndb.wav HTTP/1.1" 200 31529 "http://mail.spiral.com/kronolith/" "Mozilla/5.0 (X11; Ubuntu; Linux x86_64; rv:73.0) Gecko/20100101 Firefox/73.0"
192.168.10.81 - - [29/Feb/2020:08:36:27 +0000] "GET /themes/default/graphics/buttonbar-bg.png HTTP/1.1" 200 374 "http://mail.spiral.com/themes/default/screen.css" "Mozilla/5.0 (X11; Ubuntu; Linux x86_64; rv:73.0) Gecko/20100101 Firefox/73.0"
192.168.10.81 - - [29/Feb/2020:08:36:27 +0000] "GET /themes/default/graphics/button-split.png HTTP/1.1" 200 340 "http://mail.spiral.com/themes/default/screen.css" "Mozilla/5.0 (X11; Ubuntu; Linux x86_64; rv:73.0) Gecko/20100101 Firefox/73.0"
192.168.10.81 - - [29/Feb/2020:08:36:27 +0000] "GET /kronolith/themes/default/graphics/left.png HTTP/1.1" 200 560 "http://mail.spiral.com/kronolith/themes/default/screen.css" "Mozilla/5.0 (X11; Ubuntu; Linux x86_64; rv:73.0) Gecko/20100101 Firefox/73.0"
192.168.10.81 - - [29/Feb/2020:08:36:27 +0000] "GET /themes/default/graphics/button-active-bg.png HTTP/1.1" 200 368 "http://mail.spiral.com/themes/default/screen.css" "Mozilla/5.0 (X11; Ubuntu; Linux x86_64; rv:73.0) Gecko/20100101 Firefox/73.0"
192.168.10.81 - - [29/Feb/2020:08:36:27 +0000] "GET /kronolith/themes/default/graphics/right.png HTTP/1.1" 200 550 "http://mail.spiral.com/kronolith/themes/default/screen.css" "Mozilla/5.0 (X11; Ubuntu; Linux x86_64; rv:73.0) Gecko/20100101 Firefox/73.0"
192.168.10.81 - - [29/Feb/2020:08:36:27 +0000] "GET /kronolith/themes/default/graphics/dayview.png HTTP/1.1" 200 617 "http://mail.spiral.com/kronolith/themes/default/screen.css" "Mozilla/5.0 (X11; Ubuntu; Linux x86_64; rv:73.0) Gecko/20100101 Firefox/73.0"
192.168.10.81 - - [29/Feb/2020:08:36:27 +0000] "GET /kronolith/themes/default/graphics/workweekview.png HTTP/1.1" 200 571 "http://mail.spiral.com/kronolith/themes/default/screen.css" "Mozilla/5.0 (X11; Ubuntu; Linux x86_64; rv:73.0) Gecko/20100101 Firefox/73.0"
192.168.10.81 - - [29/Feb/2020:08:36:27 +0000] "GET /kronolith/themes/default/graphics/monthview.png HTTP/1.1" 200 626 "http://mail.spiral.com/kronolith/themes/default/screen.css" "Mozilla/5.0 (X11; Ubuntu; Linux x86_64; rv:73.0) Gecko/20100101 Firefox/73.0"
192.168.10.81 - - [29/Feb/2020:08:36:27 +0000] "GET /kronolith/themes/default/graphics/weekview.png HTTP/1.1" 200 571 "http://mail.spiral.com/kronolith/themes/default/screen.css" "Mozilla/5.0 (X11; Ubuntu; Linux x86_64; rv:73.0) Gecko/20100101 Firefox/73.0"
192.168.10.81 - - [29/Feb/2020:08:36:27 +0000] "GET /kronolith/themes/default/graphics/yearview.png HTTP/1.1" 200 569 "http://mail.spiral.com/kronolith/themes/default/screen.css" "Mozilla/5.0 (X11; Ubuntu; Linux x86_64; rv:73.0) Gecko/20100101 Firefox/73.0"
192.168.10.81 - - [29/Feb/2020:08:36:27 +0000] "GET /kronolith/themes/default/graphics/tasks.png HTTP/1.1" 200 882 "http://mail.spiral.com/kronolith/themes/default/screen.css" "Mozilla/5.0 (X11; Ubuntu; Linux x86_64; rv:73.0) Gecko/20100101 Firefox/73.0"
192.168.10.81 - - [29/Feb/2020:08:36:27 +0000] "GET /kronolith/themes/default/graphics/new.png HTTP/1.1" 200 828 "http://mail.spiral.com/kronolith/themes/default/dynamic/screen.css" "Mozilla/5.0 (X11; Ubuntu; Linux x86_64; rv:73.0) Gecko/20100101 Firefox/73.0"
192.168.10.81 - - [29/Feb/2020:08:36:27 +0000] "GET /themes/default/graphics/sidebar-split.png HTTP/1.1" 200 353 "http://mail.spiral.com/themes/default/screen.css" "Mozilla/5.0 (X11; Ubuntu; Linux x86_64; rv:73.0) Gecko/20100101 Firefox/73.0"
192.168.10.81 - - [29/Feb/2020:08:36:27 +0000] "GET /themes/default/graphics/slidevert-bg.png HTTP/1.1" 200 353 "http://mail.spiral.com/themes/default/screen.css" "Mozilla/5.0 (X11; Ubuntu; Linux x86_64; rv:73.0) Gecko/20100101 Firefox/73.0"
192.168.10.81 - - [29/Feb/2020:08:36:27 +0000] "GET /kronolith/themes/default/graphics/favicon.ico HTTP/1.1" 200 2026 "-" "Mozilla/5.0 (X11; Ubuntu; Linux x86_64; rv:73.0) Gecko/20100101 Firefox/73.0"
192.168.10.81 - - [29/Feb/2020:08:36:27 +0000] "POST /services/ajax.php/kronolith/listCalendars HTTP/1.1" 200 976 "http://mail.spiral.com/kronolith/" "Mozilla/5.0 (X11; Ubuntu; Linux x86_64; rv:73.0) Gecko/20100101 Firefox/73.0"
192.168.10.81 - - [29/Feb/2020:08:36:27 +0000] "GET /kronolith/themes/default/graphics/loading.gif HTTP/1.1" 200 2763 "http://mail.spiral.com/kronolith/themes/default/dynamic/screen.css" "Mozilla/5.0 (X11; Ubuntu; Linux x86_64; rv:73.0) Gecko/20100101 Firefox/73.0"
192.168.10.81 - - [29/Feb/2020:08:36:27 +0000] "GET /themes/default/graphics/plus-sidebar.png HTTP/1.1" 200 783 "http://mail.spiral.com/themes/default/screen.css" "Mozilla/5.0 (X11; Ubuntu; Linux x86_64; rv:73.0) Gecko/20100101 Firefox/73.0"
192.168.10.81 - - [29/Feb/2020:08:36:27 +0000] "GET /themes/default/graphics/collapse.png HTTP/1.1" 200 494 "http://mail.spiral.com/themes/default/screen.css" "Mozilla/5.0 (X11; Ubuntu; Linux x86_64; rv:73.0) Gecko/20100101 Firefox/73.0"
192.168.10.81 - - [29/Feb/2020:08:36:27 +0000] "GET /themes/default/graphics/edit-sidebar-fff.png HTTP/1.1" 200 487 "http://mail.spiral.com/themes/default/screen.css" "Mozilla/5.0 (X11; Ubuntu; Linux x86_64; rv:73.0) Gecko/20100101 Firefox/73.0"
192.168.10.81 - - [29/Feb/2020:08:36:27 +0000] "GET /themes/default/graphics/expand.png HTTP/1.1" 200 501 "http://mail.spiral.com/themes/default/screen.css" "Mozilla/5.0 (X11; Ubuntu; Linux x86_64; rv:73.0) Gecko/20100101 Firefox/73.0"
192.168.10.81 - - [29/Feb/2020:08:36:27 +0000] "GET /themes/default/graphics/checkbox_on.png HTTP/1.1" 200 745 "http://mail.spiral.com/themes/default/screen.css" "Mozilla/5.0 (X11; Ubuntu; Linux x86_64; rv:73.0) Gecko/20100101 Firefox/73.0"
192.168.10.81 - - [29/Feb/2020:08:36:27 +0000] "POST /services/ajax.php/kronolith/listEvents HTTP/1.1" 200 551 "http://mail.spiral.com/kronolith/" "Mozilla/5.0 (X11; Ubuntu; Linux x86_64; rv:73.0) Gecko/20100101 Firefox/73.0"
192.168.10.81 - - [29/Feb/2020:08:36:27 +0000] "POST /services/ajax.php/kronolith/listEvents HTTP/1.1" 200 1668 "http://mail.spiral.com/kronolith/" "Mozilla/5.0 (X11; Ubuntu; Linux x86_64; rv:73.0) Gecko/20100101 Firefox/73.0"
192.168.10.130 - - [29/Feb/2020:08:36:28 +0000] "GET /turba/add.php HTTP/1.1" 200 19361 "http://mail.spiral.com/turba/" "Mozilla/5.0 (X11; Ubuntu; Linux x86_64; rv:73.0) Gecko/20100101 Firefox/73.0"
::1 - - [29/Feb/2020:08:36:32 +0000] "OPTIONS * HTTP/1.0" 200 110 "-" "Apache/2.4.25 (Debian) OpenSSL/1.0.2u (internal dummy connection)"
::1 - - [29/Feb/2020:08:36:33 +0000] "OPTIONS * HTTP/1.0" 200 110 "-" "Apache/2.4.25 (Debian) OpenSSL/1.0.2u (internal dummy connection)"
::1 - - [29/Feb/2020:08:36:34 +0000] "OPTIONS * HTTP/1.0" 200 110 "-" "Apache/2.4.25 (Debian) OpenSSL/1.0.2u (internal dummy connection)"
192.168.10.81 - - [29/Feb/2020:08:36:36 +0000] "GET /themes/default/graphics/tab.png HTTP/1.1" 200 376 "http://mail.spiral.com/themes/default/screen.css" "Mozilla/5.0 (X11; Ubuntu; Linux x86_64; rv:73.0) Gecko/20100101 Firefox/73.0"
192.168.10.81 - - [29/Feb/2020:08:36:36 +0000] "POST /services/ajax.php/kronolith/listTopTags HTTP/1.1" 200 458 "http://mail.spiral.com/kronolith/" "Mozilla/5.0 (X11; Ubuntu; Linux x86_64; rv:73.0) Gecko/20100101 Firefox/73.0"
192.168.10.130 - - [29/Feb/2020:08:36:42 +0000] "POST /turba/add.php HTTP/1.1" 302 492 "http://mail.spiral.com/turba/add.php" "Mozilla/5.0 (X11; Ubuntu; Linux x86_64; rv:73.0) Gecko/20100101 Firefox/73.0"
192.168.10.130 - - [29/Feb/2020:08:36:42 +0000] "GET /turba/contact.php?source=hnvgTfLQBuDmiJ9whqaHQrB&key=THt3OleSv02Yrr9yHKB223K&view=Contact HTTP/1.1" 200 21145 "http://mail.spiral.com/turba/add.php" "Mozilla/5.0 (X11; Ubuntu; Linux x86_64; rv:73.0) Gecko/20100101 Firefox/73.0"
192.168.10.130 - - [29/Feb/2020:08:36:42 +0000] "GET /turba/themes/default/graphics/turba.png HTTP/1.1" 200 626 "http://mail.spiral.com/turba/themes/default/screen.css" "Mozilla/5.0 (X11; Ubuntu; Linux x86_64; rv:73.0) Gecko/20100101 Firefox/73.0"
192.168.10.81 - - [29/Feb/2020:08:37:00 +0000] "POST /services/ajax.php/kronolith/saveEvent HTTP/1.1" 200 637 "http://mail.spiral.com/kronolith/" "Mozilla/5.0 (X11; Ubuntu; Linux x86_64; rv:73.0) Gecko/20100101 Firefox/73.0"
192.168.10.194 - - [29/Feb/2020:08:37:04 +0000] "POST /services/ajax.php/kronolith/poll HTTP/1.1" 200 387 "http://mail.spiral.com/kronolith/" "Mozilla/5.0 (X11; Linux x86_64) AppleWebKit/537.36 (KHTML, like Gecko) Ubuntu Chromium/77.0.3865.90 HeadlessChrome/77.0.3865.90 Safari/537.36"
192.168.10.81 - - [29/Feb/2020:08:37:09 +0000] "GET /services/portal/ HTTP/1.1" 200 8653 "http://mail.spiral.com/kronolith/" "Mozilla/5.0 (X11; Ubuntu; Linux x86_64; rv:73.0) Gecko/20100101 Firefox/73.0"
192.168.10.130 - - [29/Feb/2020:08:37:17 +0000] "GET /services/portal/ HTTP/1.1" 200 6859 "http://mail.spiral.com/turba/contact.php?source=hnvgTfLQBuDmiJ9whqaHQrB&key=THt3OleSv02Yrr9yHKB223K&view=Contact" "Mozilla/5.0 (X11; Ubuntu; Linux x86_64; rv:73.0) Gecko/20100101 Firefox/73.0"
192.168.10.194 - - [29/Feb/2020:08:37:18 +0000] "GET /services/portal/ HTTP/1.1" 200 4962 "http://mail.spiral.com/kronolith/" "Mozilla/5.0 (X11; Linux x86_64) AppleWebKit/537.36 (KHTML, like Gecko) Ubuntu Chromium/77.0.3865.90 HeadlessChrome/77.0.3865.90 Safari/537.36"
192.168.10.130 - - [29/Feb/2020:08:37:22 +0000] "GET /mnemo/ HTTP/1.1" 200 5503 "http://mail.spiral.com/services/portal/" "Mozilla/5.0 (X11; Ubuntu; Linux x86_64; rv:73.0) Gecko/20100101 Firefox/73.0"
192.168.10.194 - - [29/Feb/2020:08:37:23 +0000] "GET /nag/ HTTP/1.1" 200 5227 "http://mail.spiral.com/services/portal/" "Mozilla/5.0 (X11; Linux x86_64) AppleWebKit/537.36 (KHTML, like Gecko) Ubuntu Chromium/77.0.3865.90 HeadlessChrome/77.0.3865.90 Safari/537.36"
192.168.10.130 - - [29/Feb/2020:08:38:02 +0000] "GET /mnemo/memo.php?actionID=add_memo HTTP/1.1" 200 5979 "http://mail.spiral.com/mnemo/" "Mozilla/5.0 (X11; Ubuntu; Linux x86_64; rv:73.0) Gecko/20100101 Firefox/73.0"
192.168.10.81 - - [29/Feb/2020:08:38:03 +0000] "GET /login.php HTTP/1.1" 200 2625 "-" "Mozilla/5.0 (X11; Ubuntu; Linux x86_64; rv:73.0) Gecko/20100101 Firefox/73.0"
192.168.10.81 - - [29/Feb/2020:08:38:03 +0000] "GET /themes/default/mozilla.css HTTP/1.1" 200 460 "http://mail.spiral.com/login.php" "Mozilla/5.0 (X11; Ubuntu; Linux x86_64; rv:73.0) Gecko/20100101 Firefox/73.0"
192.168.10.81 - - [29/Feb/2020:08:38:03 +0000] "GET /themes/default/screen.css HTTP/1.1" 200 9567 "http://mail.spiral.com/login.php" "Mozilla/5.0 (X11; Ubuntu; Linux x86_64; rv:73.0) Gecko/20100101 Firefox/73.0"
192.168.10.81 - - [29/Feb/2020:08:38:03 +0000] "GET /js/horde.js?v=dc442439853f80a9467ce727c08e9b0e HTTP/1.1" 200 2572 "http://mail.spiral.com/login.php" "Mozilla/5.0 (X11; Ubuntu; Linux x86_64; rv:73.0) Gecko/20100101 Firefox/73.0"
192.168.10.81 - - [29/Feb/2020:08:38:03 +0000] "GET /js/accesskeys.js?v=dc442439853f80a9467ce727c08e9b0e HTTP/1.1" 200 1339 "http://mail.spiral.com/login.php" "Mozilla/5.0 (X11; Ubuntu; Linux x86_64; rv:73.0) Gecko/20100101 Firefox/73.0"
192.168.10.81 - - [29/Feb/2020:08:38:03 +0000] "GET /imp/js/login.js?v=29c8308baa6508a21e1be9e3345d1287 HTTP/1.1" 200 614 "http://mail.spiral.com/login.php" "Mozilla/5.0 (X11; Ubuntu; Linux x86_64; rv:73.0) Gecko/20100101 Firefox/73.0"
192.168.10.81 - - [29/Feb/2020:08:38:03 +0000] "GET /js/login.js?v=dc442439853f80a9467ce727c08e9b0e HTTP/1.1" 200 1453 "http://mail.spiral.com/login.php" "Mozilla/5.0 (X11; Ubuntu; Linux x86_64; rv:73.0) Gecko/20100101 Firefox/73.0"
192.168.10.81 - - [29/Feb/2020:08:38:03 +0000] "GET /themes/default/graphics/horde-power1.png HTTP/1.1" 200 2527 "http://mail.spiral.com/login.php" "Mozilla/5.0 (X11; Ubuntu; Linux x86_64; rv:73.0) Gecko/20100101 Firefox/73.0"
192.168.10.81 - - [29/Feb/2020:08:38:03 +0000] "GET /js/prototype.js?v=dc442439853f80a9467ce727c08e9b0e HTTP/1.1" 200 46392 "http://mail.spiral.com/login.php" "Mozilla/5.0 (X11; Ubuntu; Linux x86_64; rv:73.0) Gecko/20100101 Firefox/73.0"
192.168.10.81 - - [29/Feb/2020:08:38:03 +0000] "GET /themes/default/graphics/button-default.png HTTP/1.1" 200 353 "http://mail.spiral.com/themes/default/screen.css" "Mozilla/5.0 (X11; Ubuntu; Linux x86_64; rv:73.0) Gecko/20100101 Firefox/73.0"
192.168.10.81 - - [29/Feb/2020:08:38:03 +0000] "GET /themes/default/graphics/favicon.ico HTTP/1.1" 200 1201 "-" "Mozilla/5.0 (X11; Ubuntu; Linux x86_64; rv:73.0) Gecko/20100101 Firefox/73.0"
::1 - - [29/Feb/2020:08:38:08 +0000] "OPTIONS * HTTP/1.0" 200 110 "-" "Apache/2.4.25 (Debian) OpenSSL/1.0.2u (internal dummy connection)"
::1 - - [29/Feb/2020:08:38:10 +0000] "OPTIONS * HTTP/1.0" 200 110 "-" "Apache/2.4.25 (Debian) OpenSSL/1.0.2u (internal dummy connection)"
::1 - - [29/Feb/2020:08:38:11 +0000] "OPTIONS * HTTP/1.0" 200 110 "-" "Apache/2.4.25 (Debian) OpenSSL/1.0.2u (internal dummy connection)"
192.168.10.81 - - [29/Feb/2020:08:38:11 +0000] "POST /login.php HTTP/1.1" 302 607 "http://mail.spiral.com/login.php" "Mozilla/5.0 (X11; Ubuntu; Linux x86_64; rv:73.0) Gecko/20100101 Firefox/73.0"
192.168.10.81 - - [29/Feb/2020:08:38:11 +0000] "GET /services/portal/ HTTP/1.1" 200 8761 "http://mail.spiral.com/login.php" "Mozilla/5.0 (X11; Ubuntu; Linux x86_64; rv:73.0) Gecko/20100101 Firefox/73.0"
192.168.10.81 - - [29/Feb/2020:08:38:11 +0000] "GET /imp/themes/default/block/screen.css HTTP/1.1" 200 458 "http://mail.spiral.com/services/portal/" "Mozilla/5.0 (X11; Ubuntu; Linux x86_64; rv:73.0) Gecko/20100101 Firefox/73.0"
192.168.10.81 - - [29/Feb/2020:08:38:11 +0000] "GET /ingo/themes/default/block/screen.css HTTP/1.1" 200 521 "http://mail.spiral.com/services/portal/" "Mozilla/5.0 (X11; Ubuntu; Linux x86_64; rv:73.0) Gecko/20100101 Firefox/73.0"
192.168.10.81 - - [29/Feb/2020:08:38:11 +0000] "GET /nag/themes/default/block/screen.css HTTP/1.1" 200 438 "http://mail.spiral.com/services/portal/" "Mozilla/5.0 (X11; Ubuntu; Linux x86_64; rv:73.0) Gecko/20100101 Firefox/73.0"
192.168.10.81 - - [29/Feb/2020:08:38:11 +0000] "GET /turba/themes/default/block/screen.css HTTP/1.1" 200 450 "http://mail.spiral.com/services/portal/" "Mozilla/5.0 (X11; Ubuntu; Linux x86_64; rv:73.0) Gecko/20100101 Firefox/73.0"
192.168.10.81 - - [29/Feb/2020:08:38:11 +0000] "GET /kronolith/themes/default/block/screen.css HTTP/1.1" 200 516 "http://mail.spiral.com/services/portal/" "Mozilla/5.0 (X11; Ubuntu; Linux x86_64; rv:73.0) Gecko/20100101 Firefox/73.0"
192.168.10.81 - - [29/Feb/2020:08:38:12 +0000] "GET /js/tooltips.js?v=dc442439853f80a9467ce727c08e9b0e HTTP/1.1" 200 1280 "http://mail.spiral.com/services/portal/" "Mozilla/5.0 (X11; Ubuntu; Linux x86_64; rv:73.0) Gecko/20100101 Firefox/73.0"
192.168.10.81 - - [29/Feb/2020:08:38:12 +0000] "GET /js/hordeblocks.js?v=dc442439853f80a9467ce727c08e9b0e HTTP/1.1" 200 639 "http://mail.spiral.com/services/portal/" "Mozilla/5.0 (X11; Ubuntu; Linux x86_64; rv:73.0) Gecko/20100101 Firefox/73.0"
192.168.10.81 - - [29/Feb/2020:08:38:12 +0000] "GET /js/hordecore.js?v=dc442439853f80a9467ce727c08e9b0e HTTP/1.1" 200 6452 "http://mail.spiral.com/services/portal/" "Mozilla/5.0 (X11; Ubuntu; Linux x86_64; rv:73.0) Gecko/20100101 Firefox/73.0"
192.168.10.81 - - [29/Feb/2020:08:38:12 +0000] "GET /turba/js/minisearch.js?v=bdffa700049748b9e0ede1748b17c142 HTTP/1.1" 200 902 "http://mail.spiral.com/services/portal/" "Mozilla/5.0 (X11; Ubuntu; Linux x86_64; rv:73.0) Gecko/20100101 Firefox/73.0"
192.168.10.81 - - [29/Feb/2020:08:38:12 +0000] "GET /js/popup.js?v=dc442439853f80a9467ce727c08e9b0e HTTP/1.1" 200 1444 "http://mail.spiral.com/services/portal/" "Mozilla/5.0 (X11; Ubuntu; Linux x86_64; rv:73.0) Gecko/20100101 Firefox/73.0"
192.168.10.81 - - [29/Feb/2020:08:38:12 +0000] "GET /js/date/en-US.js?v=dc442439853f80a9467ce727c08e9b0e HTTP/1.1" 200 2633 "http://mail.spiral.com/services/portal/" "Mozilla/5.0 (X11; Ubuntu; Linux x86_64; rv:73.0) Gecko/20100101 Firefox/73.0"
192.168.10.81 - - [29/Feb/2020:08:38:12 +0000] "GET /js/topbar.js?v=dc442439853f80a9467ce727c08e9b0e HTTP/1.1" 200 1515 "http://mail.spiral.com/services/portal/" "Mozilla/5.0 (X11; Ubuntu; Linux x86_64; rv:73.0) Gecko/20100101 Firefox/73.0"
192.168.10.81 - - [29/Feb/2020:08:38:12 +0000] "GET /js/growler.js?v=dc442439853f80a9467ce727c08e9b0e HTTP/1.1" 200 2873 "http://mail.spiral.com/services/portal/" "Mozilla/5.0 (X11; Ubuntu; Linux x86_64; rv:73.0) Gecko/20100101 Firefox/73.0"
192.168.10.81 - - [29/Feb/2020:08:38:12 +0000] "GET /js/scriptaculous/effects.js?v=dc442439853f80a9467ce727c08e9b0e HTTP/1.1" 200 9056 "http://mail.spiral.com/services/portal/" "Mozilla/5.0 (X11; Ubuntu; Linux x86_64; rv:73.0) Gecko/20100101 Firefox/73.0"
192.168.10.81 - - [29/Feb/2020:08:38:12 +0000] "GET /js/scriptaculous/sound.js?v=dc442439853f80a9467ce727c08e9b0e HTTP/1.1" 200 1307 "http://mail.spiral.com/services/portal/" "Mozilla/5.0 (X11; Ubuntu; Linux x86_64; rv:73.0) Gecko/20100101 Firefox/73.0"
192.168.10.81 - - [29/Feb/2020:08:38:12 +0000] "GET /js/date/date.js?v=dc442439853f80a9467ce727c08e9b0e HTTP/1.1" 200 17978 "http://mail.spiral.com/services/portal/" "Mozilla/5.0 (X11; Ubuntu; Linux x86_64; rv:73.0) Gecko/20100101 Firefox/73.0"
192.168.10.81 - - [29/Feb/2020:08:38:12 +0000] "GET /themes/default/graphics/navi-arrow-normal.png HTTP/1.1" 200 488 "http://mail.spiral.com/themes/default/screen.css" "Mozilla/5.0 (X11; Ubuntu; Linux x86_64; rv:73.0) Gecko/20100101 Firefox/73.0"
192.168.10.81 - - [29/Feb/2020:08:38:12 +0000] "GET /themes/default/graphics/logo.png HTTP/1.1" 200 2606 "http://mail.spiral.com/themes/default/screen.css" "Mozilla/5.0 (X11; Ubuntu; Linux x86_64; rv:73.0) Gecko/20100101 Firefox/73.0"
192.168.10.81 - - [29/Feb/2020:08:38:12 +0000] "GET /themes/default/graphics/sidebar-new.png HTTP/1.1" 200 704 "http://mail.spiral.com/themes/default/screen.css" "Mozilla/5.0 (X11; Ubuntu; Linux x86_64; rv:73.0) Gecko/20100101 Firefox/73.0"
192.168.10.81 - - [29/Feb/2020:08:38:12 +0000] "GET /themes/default/graphics/settings.png HTTP/1.1" 200 691 "http://mail.spiral.com/themes/default/screen.css" "Mozilla/5.0 (X11; Ubuntu; Linux x86_64; rv:73.0) Gecko/20100101 Firefox/73.0"
192.168.10.81 - - [29/Feb/2020:08:38:12 +0000] "GET /ingo/themes/default/graphics/whitelist.png HTTP/1.1" 200 814 "http://mail.spiral.com/ingo/themes/default/block/screen.css" "Mozilla/5.0 (X11; Ubuntu; Linux x86_64; rv:73.0) Gecko/20100101 Firefox/73.0"
192.168.10.81 - - [29/Feb/2020:08:38:12 +0000] "GET /ingo/themes/default/graphics/blacklist.png HTTP/1.1" 200 826 "http://mail.spiral.com/ingo/themes/default/block/screen.css" "Mozilla/5.0 (X11; Ubuntu; Linux x86_64; rv:73.0) Gecko/20100101 Firefox/73.0"
192.168.10.81 - - [29/Feb/2020:08:38:12 +0000] "GET /themes/default/graphics/head-bg.png HTTP/1.1" 200 380 "http://mail.spiral.com/themes/default/screen.css" "Mozilla/5.0 (X11; Ubuntu; Linux x86_64; rv:73.0) Gecko/20100101 Firefox/73.0"
192.168.10.81 - - [29/Feb/2020:08:38:12 +0000] "GET /themes/default/graphics/logout.png HTTP/1.1" 200 942 "http://mail.spiral.com/themes/default/screen.css" "Mozilla/5.0 (X11; Ubuntu; Linux x86_64; rv:73.0) Gecko/20100101 Firefox/73.0"
192.168.10.81 - - [29/Feb/2020:08:38:12 +0000] "GET /themes/default/graphics/sidebar-new-bg.png HTTP/1.1" 200 383 "http://mail.spiral.com/themes/default/screen.css" "Mozilla/5.0 (X11; Ubuntu; Linux x86_64; rv:73.0) Gecko/20100101 Firefox/73.0"
192.168.10.81 - - [29/Feb/2020:08:38:12 +0000] "GET /themes/default/graphics/tabset.png HTTP/1.1" 200 372 "http://mail.spiral.com/themes/default/screen.css" "Mozilla/5.0 (X11; Ubuntu; Linux x86_64; rv:73.0) Gecko/20100101 Firefox/73.0"
192.168.10.81 - - [29/Feb/2020:08:38:12 +0000] "GET /themes/default/graphics/alerts/message.png HTTP/1.1" 200 761 "http://mail.spiral.com/themes/default/screen.css" "Mozilla/5.0 (X11; Ubuntu; Linux x86_64; rv:73.0) Gecko/20100101 Firefox/73.0"
192.168.10.81 - - [29/Feb/2020:08:38:12 +0000] "GET /themes/default/graphics/close.png HTTP/1.1" 200 757 "http://mail.spiral.com/themes/default/screen.css" "Mozilla/5.0 (X11; Ubuntu; Linux x86_64; rv:73.0) Gecko/20100101 Firefox/73.0"
192.168.10.130 - - [29/Feb/2020:08:38:13 +0000] "POST /services/ajax.php/horde/imple?token=7ZKgi2uwzgACJt9B9sgiJjE&app=mnemo&imple=Mnemo_Ajax_Imple_TagAutoCompleter&input=memo_tags HTTP/1.1" 200 371 "http://mail.spiral.com/mnemo/memo.php?actionID=add_memo" "Mozilla/5.0 (X11; Ubuntu; Linux x86_64; rv:73.0) Gecko/20100101 Firefox/73.0"
192.168.10.81 - - [29/Feb/2020:08:38:15 +0000] "GET /themes/default/graphics/navi-arrow-active.png HTTP/1.1" 200 530 "http://mail.spiral.com/themes/default/screen.css" "Mozilla/5.0 (X11; Ubuntu; Linux x86_64; rv:73.0) Gecko/20100101 Firefox/73.0"
192.168.10.81 - - [29/Feb/2020:08:38:15 +0000] "GET /themes/default/graphics/navi-subnavi.png HTTP/1.1" 200 474 "http://mail.spiral.com/themes/default/screen.css" "Mozilla/5.0 (X11; Ubuntu; Linux x86_64; rv:73.0) Gecko/20100101 Firefox/73.0"
192.168.10.81 - - [29/Feb/2020:08:38:15 +0000] "GET /themes/default/graphics/settings-active.png HTTP/1.1" 200 803 "http://mail.spiral.com/themes/default/screen.css" "Mozilla/5.0 (X11; Ubuntu; Linux x86_64; rv:73.0) Gecko/20100101 Firefox/73.0"
::1 - - [29/Feb/2020:08:38:19 +0000] "OPTIONS * HTTP/1.0" 200 110 "-" "Apache/2.4.25 (Debian) OpenSSL/1.0.2u (internal dummy connection)"
192.168.10.130 - - [29/Feb/2020:08:38:19 +0000] "POST /mnemo/memo.php HTTP/1.1" 302 417 "http://mail.spiral.com/mnemo/memo.php?actionID=add_memo" "Mozilla/5.0 (X11; Ubuntu; Linux x86_64; rv:73.0) Gecko/20100101 Firefox/73.0"
192.168.10.81 - - [29/Feb/2020:08:38:19 +0000] "GET /services/prefs.php?app=horde HTTP/1.1" 200 3794 "http://mail.spiral.com/services/portal/" "Mozilla/5.0 (X11; Ubuntu; Linux x86_64; rv:73.0) Gecko/20100101 Firefox/73.0"
192.168.10.130 - - [29/Feb/2020:08:38:19 +0000] "GET /mnemo/list.php HTTP/1.1" 200 5708 "http://mail.spiral.com/mnemo/memo.php?actionID=add_memo" "Mozilla/5.0 (X11; Ubuntu; Linux x86_64; rv:73.0) Gecko/20100101 Firefox/73.0"
192.168.10.81 - - [29/Feb/2020:08:38:20 +0000] "GET /js/prefs.js?v=dc442439853f80a9467ce727c08e9b0e HTTP/1.1" 200 570 "http://mail.spiral.com/services/prefs.php?app=horde" "Mozilla/5.0 (X11; Ubuntu; Linux x86_64; rv:73.0) Gecko/20100101 Firefox/73.0"
192.168.10.81 - - [29/Feb/2020:08:38:20 +0000] "GET /themes/default/graphics/button.png HTTP/1.1" 200 373 "http://mail.spiral.com/themes/default/screen.css" "Mozilla/5.0 (X11; Ubuntu; Linux x86_64; rv:73.0) Gecko/20100101 Firefox/73.0"
::1 - - [29/Feb/2020:08:38:25 +0000] "OPTIONS * HTTP/1.0" 200 110 "-" "Apache/2.4.25 (Debian) OpenSSL/1.0.2u (internal dummy connection)"
192.168.10.81 - - [29/Feb/2020:08:38:25 +0000] "GET /services/prefs.php?app=horde&group=identities HTTP/1.1" 200 4728 "http://mail.spiral.com/services/prefs.php?app=horde" "Mozilla/5.0 (X11; Ubuntu; Linux x86_64; rv:73.0) Gecko/20100101 Firefox/73.0"
192.168.10.81 - - [29/Feb/2020:08:38:25 +0000] "GET /js/identityselect.js?v=dc442439853f80a9467ce727c08e9b0e HTTP/1.1" 200 794 "http://mail.spiral.com/services/prefs.php?app=horde&group=identities" "Mozilla/5.0 (X11; Ubuntu; Linux x86_64; rv:73.0) Gecko/20100101 Firefox/73.0"
192.168.10.81 - - [29/Feb/2020:08:38:25 +0000] "GET /themes/default/graphics/button-delete.png HTTP/1.1" 200 384 "http://mail.spiral.com/themes/default/screen.css" "Mozilla/5.0 (X11; Ubuntu; Linux x86_64; rv:73.0) Gecko/20100101 Firefox/73.0"
192.168.10.81 - - [29/Feb/2020:08:38:29 +0000] "POST /services/prefs.php HTTP/1.1" 200 4754 "http://mail.spiral.com/services/prefs.php?app=horde&group=identities" "Mozilla/5.0 (X11; Ubuntu; Linux x86_64; rv:73.0) Gecko/20100101 Firefox/73.0"
192.168.10.81 - - [29/Feb/2020:08:38:29 +0000] "GET /themes/default/graphics/alerts/success.png HTTP/1.1" 200 737 "http://mail.spiral.com/themes/default/screen.css" "Mozilla/5.0 (X11; Ubuntu; Linux x86_64; rv:73.0) Gecko/20100101 Firefox/73.0"
::1 - - [29/Feb/2020:08:38:37 +0000] "OPTIONS * HTTP/1.0" 200 110 "-" "Apache/2.4.25 (Debian) OpenSSL/1.0.2u (internal dummy connection)"
192.168.10.81 - - [29/Feb/2020:08:38:38 +0000] "GET /services/prefs.php?app=horde HTTP/1.1" 200 3793 "http://mail.spiral.com/services/prefs.php" "Mozilla/5.0 (X11; Ubuntu; Linux x86_64; rv:73.0) Gecko/20100101 Firefox/73.0"
192.168.10.81 - - [29/Feb/2020:08:38:42 +0000] "GET /services/prefs.php?app=imp HTTP/1.1" 200 4171 "http://mail.spiral.com/services/prefs.php?app=horde" "Mozilla/5.0 (X11; Ubuntu; Linux x86_64; rv:73.0) Gecko/20100101 Firefox/73.0"
192.168.10.81 - - [29/Feb/2020:08:38:42 +0000] "GET /imp/themes/default/screen.css HTTP/1.1" 200 3272 "http://mail.spiral.com/services/prefs.php?app=imp" "Mozilla/5.0 (X11; Ubuntu; Linux x86_64; rv:73.0) Gecko/20100101 Firefox/73.0"
192.168.10.81 - - [29/Feb/2020:08:38:42 +0000] "GET /imp/themes/default/basic/screen.css HTTP/1.1" 200 1955 "http://mail.spiral.com/services/prefs.php?app=imp" "Mozilla/5.0 (X11; Ubuntu; Linux x86_64; rv:73.0) Gecko/20100101 Firefox/73.0"
192.168.10.81 - - [29/Feb/2020:08:38:42 +0000] "GET /themes/default/graphics/navi-left-active.png HTTP/1.1" 200 446 "http://mail.spiral.com/themes/default/screen.css" "Mozilla/5.0 (X11; Ubuntu; Linux x86_64; rv:73.0) Gecko/20100101 Firefox/73.0"
192.168.10.81 - - [29/Feb/2020:08:38:42 +0000] "GET /themes/default/graphics/navi-center-active.png HTTP/1.1" 200 370 "http://mail.spiral.com/themes/default/screen.css" "Mozilla/5.0 (X11; Ubuntu; Linux x86_64; rv:73.0) Gecko/20100101 Firefox/73.0"
192.168.10.81 - - [29/Feb/2020:08:38:42 +0000] "GET /themes/default/graphics/navi-right-active.png HTTP/1.1" 200 428 "http://mail.spiral.com/themes/default/screen.css" "Mozilla/5.0 (X11; Ubuntu; Linux x86_64; rv:73.0) Gecko/20100101 Firefox/73.0"
192.168.10.81 - - [29/Feb/2020:08:38:42 +0000] "GET /imp/themes/default/graphics/favicon.ico HTTP/1.1" 200 2026 "-" "Mozilla/5.0 (X11; Ubuntu; Linux x86_64; rv:73.0) Gecko/20100101 Firefox/73.0"
192.168.10.81 - - [29/Feb/2020:08:38:46 +0000] "GET /services/prefs.php?app=imp&group=delmove HTTP/1.1" 200 5687 "http://mail.spiral.com/services/prefs.php?app=imp" "Mozilla/5.0 (X11; Ubuntu; Linux x86_64; rv:73.0) Gecko/20100101 Firefox/73.0"
192.168.10.81 - - [29/Feb/2020:08:38:46 +0000] "GET /imp/js/folderprefs.js?v=29c8308baa6508a21e1be9e3345d1287 HTTP/1.1" 200 1185 "http://mail.spiral.com/services/prefs.php?app=imp&group=delmove" "Mozilla/5.0 (X11; Ubuntu; Linux x86_64; rv:73.0) Gecko/20100101 Firefox/73.0"
192.168.10.130 - - [29/Feb/2020:08:38:54 +0000] "GET /services/portal/ HTTP/1.1" 200 6937 "http://mail.spiral.com/mnemo/list.php" "Mozilla/5.0 (X11; Ubuntu; Linux x86_64; rv:73.0) Gecko/20100101 Firefox/73.0"
192.168.10.130 - - [29/Feb/2020:08:38:59 +0000] "GET /turba/ HTTP/1.1" 200 4353 "http://mail.spiral.com/services/portal/" "Mozilla/5.0 (X11; Ubuntu; Linux x86_64; rv:73.0) Gecko/20100101 Firefox/73.0"
192.168.10.81 - - [29/Feb/2020:08:39:02 +0000] "POST /services/prefs.php HTTP/1.1" 200 5784 "http://mail.spiral.com/services/prefs.php?app=imp&group=delmove" "Mozilla/5.0 (X11; Ubuntu; Linux x86_64; rv:73.0) Gecko/20100101 Firefox/73.0"
192.168.10.130 - - [29/Feb/2020:08:39:06 +0000] "GET /turba/browse.php HTTP/1.1" 200 5201 "http://mail.spiral.com/turba/" "Mozilla/5.0 (X11; Ubuntu; Linux x86_64; rv:73.0) Gecko/20100101 Firefox/73.0"
