192.168.10.238 - - [29/Feb/2020:07:24:31 +0000] "GET /themes/default/mozilla.css HTTP/1.1" 200 460 "http://mail.cup.com/login.php" "Mozilla/5.0 (X11; Ubuntu; Linux x86_64; rv:73.0) Gecko/20100101 Firefox/73.0"
192.168.10.238 - - [29/Feb/2020:07:24:31 +0000] "GET /js/login.js?v=dc442439853f80a9467ce727c08e9b0e HTTP/1.1" 200 1453 "http://mail.cup.com/login.php" "Mozilla/5.0 (X11; Ubuntu; Linux x86_64; rv:73.0) Gecko/20100101 Firefox/73.0"
192.168.10.238 - - [29/Feb/2020:07:24:31 +0000] "GET /imp/js/login.js?v=29c8308baa6508a21e1be9e3345d1287 HTTP/1.1" 200 614 "http://mail.cup.com/login.php" "Mozilla/5.0 (X11; Ubuntu; Linux x86_64; rv:73.0) Gecko/20100101 Firefox/73.0"
192.168.10.238 - - [29/Feb/2020:07:24:31 +0000] "GET /js/accesskeys.js?v=dc442439853f80a9467ce727c08e9b0e HTTP/1.1" 200 1340 "http://mail.cup.com/login.php" "Mozilla/5.0 (X11; Ubuntu; Linux x86_64; rv:73.0) Gecko/20100101 Firefox/73.0"
192.168.10.238 - - [29/Feb/2020:07:24:31 +0000] "GET /js/horde.js?v=dc442439853f80a9467ce727c08e9b0e HTTP/1.1" 200 2571 "http://mail.cup.com/login.php" "Mozilla/5.0 (X11; Ubuntu; Linux x86_64; rv:73.0) Gecko/20100101 Firefox/73.0"
192.168.10.238 - - [29/Feb/2020:07:24:31 +0000] "GET /themes/default/screen.css HTTP/1.1" 200 9567 "http://mail.cup.com/login.php" "Mozilla/5.0 (X11; Ubuntu; Linux x86_64; rv:73.0) Gecko/20100101 Firefox/73.0"
192.168.10.238 - - [29/Feb/2020:07:24:31 +0000] "GET /themes/default/graphics/horde-power1.png HTTP/1.1" 200 2527 "http://mail.cup.com/login.php" "Mozilla/5.0 (X11; Ubuntu; Linux x86_64; rv:73.0) Gecko/20100101 Firefox/73.0"
192.168.10.238 - - [29/Feb/2020:07:24:31 +0000] "GET /js/prototype.js?v=dc442439853f80a9467ce727c08e9b0e HTTP/1.1" 200 46392 "http://mail.cup.com/login.php" "Mozilla/5.0 (X11; Ubuntu; Linux x86_64; rv:73.0) Gecko/20100101 Firefox/73.0"
192.168.10.238 - - [29/Feb/2020:07:24:31 +0000] "GET /themes/default/graphics/button-default.png HTTP/1.1" 200 353 "http://mail.cup.com/themes/default/screen.css" "Mozilla/5.0 (X11; Ubuntu; Linux x86_64; rv:73.0) Gecko/20100101 Firefox/73.0"
192.168.10.238 - - [29/Feb/2020:07:24:31 +0000] "GET /themes/default/graphics/favicon.ico HTTP/1.1" 200 1201 "-" "Mozilla/5.0 (X11; Ubuntu; Linux x86_64; rv:73.0) Gecko/20100101 Firefox/73.0"
192.168.10.190 - - [29/Feb/2020:07:24:35 +0000] "GET /login.php HTTP/1.1" 200 2617 "-" "Mozilla/5.0 (X11; Ubuntu; Linux x86_64; rv:73.0) Gecko/20100101 Firefox/73.0"
192.168.10.190 - - [29/Feb/2020:07:24:35 +0000] "GET /themes/default/mozilla.css HTTP/1.1" 200 460 "http://mail.cup.com/login.php" "Mozilla/5.0 (X11; Ubuntu; Linux x86_64; rv:73.0) Gecko/20100101 Firefox/73.0"
192.168.10.190 - - [29/Feb/2020:07:24:35 +0000] "GET /js/horde.js?v=dc442439853f80a9467ce727c08e9b0e HTTP/1.1" 200 2572 "http://mail.cup.com/login.php" "Mozilla/5.0 (X11; Ubuntu; Linux x86_64; rv:73.0) Gecko/20100101 Firefox/73.0"
192.168.10.190 - - [29/Feb/2020:07:24:35 +0000] "GET /js/login.js?v=dc442439853f80a9467ce727c08e9b0e HTTP/1.1" 200 1453 "http://mail.cup.com/login.php" "Mozilla/5.0 (X11; Ubuntu; Linux x86_64; rv:73.0) Gecko/20100101 Firefox/73.0"
192.168.10.190 - - [29/Feb/2020:07:24:35 +0000] "GET /imp/js/login.js?v=29c8308baa6508a21e1be9e3345d1287 HTTP/1.1" 200 613 "http://mail.cup.com/login.php" "Mozilla/5.0 (X11; Ubuntu; Linux x86_64; rv:73.0) Gecko/20100101 Firefox/73.0"
192.168.10.190 - - [29/Feb/2020:07:24:35 +0000] "GET /js/accesskeys.js?v=dc442439853f80a9467ce727c08e9b0e HTTP/1.1" 200 1339 "http://mail.cup.com/login.php" "Mozilla/5.0 (X11; Ubuntu; Linux x86_64; rv:73.0) Gecko/20100101 Firefox/73.0"
192.168.10.190 - - [29/Feb/2020:07:24:35 +0000] "GET /themes/default/screen.css HTTP/1.1" 200 9567 "http://mail.cup.com/login.php" "Mozilla/5.0 (X11; Ubuntu; Linux x86_64; rv:73.0) Gecko/20100101 Firefox/73.0"
192.168.10.190 - - [29/Feb/2020:07:24:35 +0000] "GET /themes/default/graphics/horde-power1.png HTTP/1.1" 200 2527 "http://mail.cup.com/login.php" "Mozilla/5.0 (X11; Ubuntu; Linux x86_64; rv:73.0) Gecko/20100101 Firefox/73.0"
192.168.10.190 - - [29/Feb/2020:07:24:35 +0000] "GET /js/prototype.js?v=dc442439853f80a9467ce727c08e9b0e HTTP/1.1" 200 46392 "http://mail.cup.com/login.php" "Mozilla/5.0 (X11; Ubuntu; Linux x86_64; rv:73.0) Gecko/20100101 Firefox/73.0"
192.168.10.190 - - [29/Feb/2020:07:24:35 +0000] "GET /themes/default/graphics/button-default.png HTTP/1.1" 200 353 "http://mail.cup.com/themes/default/screen.css" "Mozilla/5.0 (X11; Ubuntu; Linux x86_64; rv:73.0) Gecko/20100101 Firefox/73.0"
192.168.10.190 - - [29/Feb/2020:07:24:35 +0000] "GET /themes/default/graphics/favicon.ico HTTP/1.1" 200 1201 "-" "Mozilla/5.0 (X11; Ubuntu; Linux x86_64; rv:73.0) Gecko/20100101 Firefox/73.0"
192.168.10.4 - - [29/Feb/2020:07:24:31 +0000] "POST /login.php HTTP/1.1" 302 601 "http://mail.cup.com/login.php" "Mozilla/5.0 (X11; Ubuntu; Linux x86_64; rv:73.0) Gecko/20100101 Firefox/73.0"
192.168.10.4 - - [29/Feb/2020:07:24:37 +0000] "GET /services/portal/ HTTP/1.1" 200 5857 "http://mail.cup.com/login.php" "Mozilla/5.0 (X11; Ubuntu; Linux x86_64; rv:73.0) Gecko/20100101 Firefox/73.0"
192.168.10.4 - - [29/Feb/2020:07:24:37 +0000] "GET /kronolith/themes/default/block/screen.css HTTP/1.1" 200 516 "http://mail.cup.com/services/portal/" "Mozilla/5.0 (X11; Ubuntu; Linux x86_64; rv:73.0) Gecko/20100101 Firefox/73.0"
192.168.10.4 - - [29/Feb/2020:07:24:37 +0000] "GET /ingo/themes/default/block/screen.css HTTP/1.1" 200 521 "http://mail.cup.com/services/portal/" "Mozilla/5.0 (X11; Ubuntu; Linux x86_64; rv:73.0) Gecko/20100101 Firefox/73.0"
192.168.10.4 - - [29/Feb/2020:07:24:37 +0000] "GET /nag/themes/default/block/screen.css HTTP/1.1" 200 438 "http://mail.cup.com/services/portal/" "Mozilla/5.0 (X11; Ubuntu; Linux x86_64; rv:73.0) Gecko/20100101 Firefox/73.0"
192.168.10.4 - - [29/Feb/2020:07:24:37 +0000] "GET /turba/themes/default/block/screen.css HTTP/1.1" 200 450 "http://mail.cup.com/services/portal/" "Mozilla/5.0 (X11; Ubuntu; Linux x86_64; rv:73.0) Gecko/20100101 Firefox/73.0"
192.168.10.4 - - [29/Feb/2020:07:24:37 +0000] "GET /imp/themes/default/block/screen.css HTTP/1.1" 200 458 "http://mail.cup.com/services/portal/" "Mozilla/5.0 (X11; Ubuntu; Linux x86_64; rv:73.0) Gecko/20100101 Firefox/73.0"
192.168.10.4 - - [29/Feb/2020:07:24:37 +0000] "GET /js/hordeblocks.js?v=dc442439853f80a9467ce727c08e9b0e HTTP/1.1" 200 639 "http://mail.cup.com/services/portal/" "Mozilla/5.0 (X11; Ubuntu; Linux x86_64; rv:73.0) Gecko/20100101 Firefox/73.0"
192.168.10.4 - - [29/Feb/2020:07:24:37 +0000] "GET /js/tooltips.js?v=dc442439853f80a9467ce727c08e9b0e HTTP/1.1" 200 1280 "http://mail.cup.com/services/portal/" "Mozilla/5.0 (X11; Ubuntu; Linux x86_64; rv:73.0) Gecko/20100101 Firefox/73.0"
192.168.10.4 - - [29/Feb/2020:07:24:37 +0000] "GET /js/hordecore.js?v=dc442439853f80a9467ce727c08e9b0e HTTP/1.1" 200 6452 "http://mail.cup.com/services/portal/" "Mozilla/5.0 (X11; Ubuntu; Linux x86_64; rv:73.0) Gecko/20100101 Firefox/73.0"
192.168.10.4 - - [29/Feb/2020:07:24:37 +0000] "GET /js/popup.js?v=dc442439853f80a9467ce727c08e9b0e HTTP/1.1" 200 1444 "http://mail.cup.com/services/portal/" "Mozilla/5.0 (X11; Ubuntu; Linux x86_64; rv:73.0) Gecko/20100101 Firefox/73.0"
192.168.10.4 - - [29/Feb/2020:07:24:37 +0000] "GET /turba/js/minisearch.js?v=bdffa700049748b9e0ede1748b17c142 HTTP/1.1" 200 902 "http://mail.cup.com/services/portal/" "Mozilla/5.0 (X11; Ubuntu; Linux x86_64; rv:73.0) Gecko/20100101 Firefox/73.0"
192.168.10.4 - - [29/Feb/2020:07:24:37 +0000] "GET /js/date/en-US.js?v=dc442439853f80a9467ce727c08e9b0e HTTP/1.1" 200 2632 "http://mail.cup.com/services/portal/" "Mozilla/5.0 (X11; Ubuntu; Linux x86_64; rv:73.0) Gecko/20100101 Firefox/73.0"
192.168.10.4 - - [29/Feb/2020:07:24:37 +0000] "GET /js/topbar.js?v=dc442439853f80a9467ce727c08e9b0e HTTP/1.1" 200 1515 "http://mail.cup.com/services/portal/" "Mozilla/5.0 (X11; Ubuntu; Linux x86_64; rv:73.0) Gecko/20100101 Firefox/73.0"
192.168.10.4 - - [29/Feb/2020:07:24:37 +0000] "GET /js/growler.js?v=dc442439853f80a9467ce727c08e9b0e HTTP/1.1" 200 2873 "http://mail.cup.com/services/portal/" "Mozilla/5.0 (X11; Ubuntu; Linux x86_64; rv:73.0) Gecko/20100101 Firefox/73.0"
192.168.10.4 - - [29/Feb/2020:07:24:37 +0000] "GET /js/scriptaculous/sound.js?v=dc442439853f80a9467ce727c08e9b0e HTTP/1.1" 200 1307 "http://mail.cup.com/services/portal/" "Mozilla/5.0 (X11; Ubuntu; Linux x86_64; rv:73.0) Gecko/20100101 Firefox/73.0"
192.168.10.4 - - [29/Feb/2020:07:24:37 +0000] "GET /js/scriptaculous/effects.js?v=dc442439853f80a9467ce727c08e9b0e HTTP/1.1" 200 9056 "http://mail.cup.com/services/portal/" "Mozilla/5.0 (X11; Ubuntu; Linux x86_64; rv:73.0) Gecko/20100101 Firefox/73.0"
192.168.10.4 - - [29/Feb/2020:07:24:37 +0000] "GET /js/date/date.js?v=dc442439853f80a9467ce727c08e9b0e HTTP/1.1" 200 17978 "http://mail.cup.com/services/portal/" "Mozilla/5.0 (X11; Ubuntu; Linux x86_64; rv:73.0) Gecko/20100101 Firefox/73.0"
192.168.10.4 - - [29/Feb/2020:07:24:37 +0000] "GET /themes/default/graphics/head-bg.png HTTP/1.1" 200 380 "http://mail.cup.com/themes/default/screen.css" "Mozilla/5.0 (X11; Ubuntu; Linux x86_64; rv:73.0) Gecko/20100101 Firefox/73.0"
192.168.10.4 - - [29/Feb/2020:07:24:37 +0000] "GET /themes/default/graphics/logo.png HTTP/1.1" 200 2606 "http://mail.cup.com/themes/default/screen.css" "Mozilla/5.0 (X11; Ubuntu; Linux x86_64; rv:73.0) Gecko/20100101 Firefox/73.0"
192.168.10.4 - - [29/Feb/2020:07:24:37 +0000] "GET /themes/default/graphics/navi-arrow-normal.png HTTP/1.1" 200 488 "http://mail.cup.com/themes/default/screen.css" "Mozilla/5.0 (X11; Ubuntu; Linux x86_64; rv:73.0) Gecko/20100101 Firefox/73.0"
192.168.10.4 - - [29/Feb/2020:07:24:37 +0000] "GET /themes/default/graphics/settings.png HTTP/1.1" 200 691 "http://mail.cup.com/themes/default/screen.css" "Mozilla/5.0 (X11; Ubuntu; Linux x86_64; rv:73.0) Gecko/20100101 Firefox/73.0"
192.168.10.4 - - [29/Feb/2020:07:24:37 +0000] "GET /themes/default/graphics/logout.png HTTP/1.1" 200 942 "http://mail.cup.com/themes/default/screen.css" "Mozilla/5.0 (X11; Ubuntu; Linux x86_64; rv:73.0) Gecko/20100101 Firefox/73.0"
192.168.10.4 - - [29/Feb/2020:07:24:37 +0000] "GET /themes/default/graphics/sidebar-new.png HTTP/1.1" 200 704 "http://mail.cup.com/themes/default/screen.css" "Mozilla/5.0 (X11; Ubuntu; Linux x86_64; rv:73.0) Gecko/20100101 Firefox/73.0"
192.168.10.4 - - [29/Feb/2020:07:24:37 +0000] "GET /themes/default/graphics/tabset.png HTTP/1.1" 200 372 "http://mail.cup.com/themes/default/screen.css" "Mozilla/5.0 (X11; Ubuntu; Linux x86_64; rv:73.0) Gecko/20100101 Firefox/73.0"
192.168.10.4 - - [29/Feb/2020:07:24:37 +0000] "GET /ingo/themes/default/graphics/whitelist.png HTTP/1.1" 200 814 "http://mail.cup.com/ingo/themes/default/block/screen.css" "Mozilla/5.0 (X11; Ubuntu; Linux x86_64; rv:73.0) Gecko/20100101 Firefox/73.0"
192.168.10.4 - - [29/Feb/2020:07:24:37 +0000] "GET /themes/default/graphics/sidebar-new-bg.png HTTP/1.1" 200 383 "http://mail.cup.com/themes/default/screen.css" "Mozilla/5.0 (X11; Ubuntu; Linux x86_64; rv:73.0) Gecko/20100101 Firefox/73.0"
192.168.10.4 - - [29/Feb/2020:07:24:37 +0000] "GET /ingo/themes/default/graphics/blacklist.png HTTP/1.1" 200 826 "http://mail.cup.com/ingo/themes/default/block/screen.css" "Mozilla/5.0 (X11; Ubuntu; Linux x86_64; rv:73.0) Gecko/20100101 Firefox/73.0"
192.168.10.4 - - [29/Feb/2020:07:24:37 +0000] "GET /themes/default/graphics/close.png HTTP/1.1" 200 757 "http://mail.cup.com/themes/default/screen.css" "Mozilla/5.0 (X11; Ubuntu; Linux x86_64; rv:73.0) Gecko/20100101 Firefox/73.0"
192.168.10.4 - - [29/Feb/2020:07:24:37 +0000] "GET /themes/default/graphics/alerts/message.png HTTP/1.1" 200 761 "http://mail.cup.com/themes/default/screen.css" "Mozilla/5.0 (X11; Ubuntu; Linux x86_64; rv:73.0) Gecko/20100101 Firefox/73.0"
192.168.10.4 - - [29/Feb/2020:07:24:40 +0000] "GET /themes/default/graphics/navi-arrow-active.png HTTP/1.1" 200 530 "http://mail.cup.com/themes/default/screen.css" "Mozilla/5.0 (X11; Ubuntu; Linux x86_64; rv:73.0) Gecko/20100101 Firefox/73.0"
192.168.10.4 - - [29/Feb/2020:07:24:40 +0000] "GET /themes/default/graphics/navi-subnavi.png HTTP/1.1" 200 474 "http://mail.cup.com/themes/default/screen.css" "Mozilla/5.0 (X11; Ubuntu; Linux x86_64; rv:73.0) Gecko/20100101 Firefox/73.0"
192.168.10.4 - - [29/Feb/2020:07:24:40 +0000] "GET /themes/default/graphics/settings-active.png HTTP/1.1" 200 803 "http://mail.cup.com/themes/default/screen.css" "Mozilla/5.0 (X11; Ubuntu; Linux x86_64; rv:73.0) Gecko/20100101 Firefox/73.0"
::1 - - [29/Feb/2020:07:24:41 +0000] "OPTIONS * HTTP/1.0" 200 110 "-" "Apache/2.4.25 (Debian) OpenSSL/1.0.2u (internal dummy connection)"
192.168.10.200 - - [29/Feb/2020:07:24:41 +0000] "GET /services/portal/ HTTP/1.1" 200 8057 "http://mail.cup.com/imp/dynamic.php?page=mailbox" "Mozilla/5.0 (X11; Ubuntu; Linux x86_64; rv:73.0) Gecko/20100101 Firefox/73.0"
192.168.10.190 - - [29/Feb/2020:07:24:41 +0000] "POST /login.php HTTP/1.1" 302 601 "http://mail.cup.com/login.php" "Mozilla/5.0 (X11; Ubuntu; Linux x86_64; rv:73.0) Gecko/20100101 Firefox/73.0"
192.168.10.190 - - [29/Feb/2020:07:24:42 +0000] "GET /services/portal/ HTTP/1.1" 200 6979 "http://mail.cup.com/login.php" "Mozilla/5.0 (X11; Ubuntu; Linux x86_64; rv:73.0) Gecko/20100101 Firefox/73.0"
192.168.10.190 - - [29/Feb/2020:07:24:46 +0000] "GET /imp/themes/default/block/screen.css HTTP/1.1" 200 458 "http://mail.cup.com/services/portal/" "Mozilla/5.0 (X11; Ubuntu; Linux x86_64; rv:73.0) Gecko/20100101 Firefox/73.0"
192.168.10.4 - - [29/Feb/2020:07:24:46 +0000] "GET /themes/default/graphics/navi-subnavi-active.png HTTP/1.1" 200 550 "http://mail.cup.com/themes/default/screen.css" "Mozilla/5.0 (X11; Ubuntu; Linux x86_64; rv:73.0) Gecko/20100101 Firefox/73.0"
192.168.10.190 - - [29/Feb/2020:07:24:46 +0000] "GET /kronolith/themes/default/block/screen.css HTTP/1.1" 200 516 "http://mail.cup.com/services/portal/" "Mozilla/5.0 (X11; Ubuntu; Linux x86_64; rv:73.0) Gecko/20100101 Firefox/73.0"
192.168.10.190 - - [29/Feb/2020:07:24:46 +0000] "GET /ingo/themes/default/block/screen.css HTTP/1.1" 200 521 "http://mail.cup.com/services/portal/" "Mozilla/5.0 (X11; Ubuntu; Linux x86_64; rv:73.0) Gecko/20100101 Firefox/73.0"
192.168.10.190 - - [29/Feb/2020:07:24:46 +0000] "GET /nag/themes/default/block/screen.css HTTP/1.1" 200 438 "http://mail.cup.com/services/portal/" "Mozilla/5.0 (X11; Ubuntu; Linux x86_64; rv:73.0) Gecko/20100101 Firefox/73.0"
192.168.10.190 - - [29/Feb/2020:07:24:46 +0000] "GET /turba/themes/default/block/screen.css HTTP/1.1" 200 450 "http://mail.cup.com/services/portal/" "Mozilla/5.0 (X11; Ubuntu; Linux x86_64; rv:73.0) Gecko/20100101 Firefox/73.0"
192.168.10.190 - - [29/Feb/2020:07:24:46 +0000] "GET /js/hordecore.js?v=dc442439853f80a9467ce727c08e9b0e HTTP/1.1" 200 6453 "http://mail.cup.com/services/portal/" "Mozilla/5.0 (X11; Ubuntu; Linux x86_64; rv:73.0) Gecko/20100101 Firefox/73.0"
192.168.10.190 - - [29/Feb/2020:07:24:46 +0000] "GET /turba/js/minisearch.js?v=bdffa700049748b9e0ede1748b17c142 HTTP/1.1" 200 902 "http://mail.cup.com/services/portal/" "Mozilla/5.0 (X11; Ubuntu; Linux x86_64; rv:73.0) Gecko/20100101 Firefox/73.0"
192.168.10.190 - - [29/Feb/2020:07:24:46 +0000] "GET /js/date/en-US.js?v=dc442439853f80a9467ce727c08e9b0e HTTP/1.1" 200 2632 "http://mail.cup.com/services/portal/" "Mozilla/5.0 (X11; Ubuntu; Linux x86_64; rv:73.0) Gecko/20100101 Firefox/73.0"
192.168.10.190 - - [29/Feb/2020:07:24:46 +0000] "GET /js/popup.js?v=dc442439853f80a9467ce727c08e9b0e HTTP/1.1" 200 1444 "http://mail.cup.com/services/portal/" "Mozilla/5.0 (X11; Ubuntu; Linux x86_64; rv:73.0) Gecko/20100101 Firefox/73.0"
192.168.10.190 - - [29/Feb/2020:07:24:46 +0000] "GET /js/tooltips.js?v=dc442439853f80a9467ce727c08e9b0e HTTP/1.1" 200 1280 "http://mail.cup.com/services/portal/" "Mozilla/5.0 (X11; Ubuntu; Linux x86_64; rv:73.0) Gecko/20100101 Firefox/73.0"
192.168.10.190 - - [29/Feb/2020:07:24:46 +0000] "GET /js/hordeblocks.js?v=dc442439853f80a9467ce727c08e9b0e HTTP/1.1" 200 639 "http://mail.cup.com/services/portal/" "Mozilla/5.0 (X11; Ubuntu; Linux x86_64; rv:73.0) Gecko/20100101 Firefox/73.0"
192.168.10.190 - - [29/Feb/2020:07:24:46 +0000] "GET /js/topbar.js?v=dc442439853f80a9467ce727c08e9b0e HTTP/1.1" 200 1515 "http://mail.cup.com/services/portal/" "Mozilla/5.0 (X11; Ubuntu; Linux x86_64; rv:73.0) Gecko/20100101 Firefox/73.0"
192.168.10.190 - - [29/Feb/2020:07:24:46 +0000] "GET /js/scriptaculous/sound.js?v=dc442439853f80a9467ce727c08e9b0e HTTP/1.1" 200 1307 "http://mail.cup.com/services/portal/" "Mozilla/5.0 (X11; Ubuntu; Linux x86_64; rv:73.0) Gecko/20100101 Firefox/73.0"
192.168.10.190 - - [29/Feb/2020:07:24:46 +0000] "GET /js/growler.js?v=dc442439853f80a9467ce727c08e9b0e HTTP/1.1" 200 2873 "http://mail.cup.com/services/portal/" "Mozilla/5.0 (X11; Ubuntu; Linux x86_64; rv:73.0) Gecko/20100101 Firefox/73.0"
192.168.10.190 - - [29/Feb/2020:07:24:46 +0000] "GET /themes/default/graphics/head-bg.png HTTP/1.1" 200 380 "http://mail.cup.com/themes/default/screen.css" "Mozilla/5.0 (X11; Ubuntu; Linux x86_64; rv:73.0) Gecko/20100101 Firefox/73.0"
192.168.10.190 - - [29/Feb/2020:07:24:46 +0000] "GET /themes/default/graphics/navi-arrow-normal.png HTTP/1.1" 200 488 "http://mail.cup.com/themes/default/screen.css" "Mozilla/5.0 (X11; Ubuntu; Linux x86_64; rv:73.0) Gecko/20100101 Firefox/73.0"
192.168.10.190 - - [29/Feb/2020:07:24:46 +0000] "GET /js/scriptaculous/effects.js?v=dc442439853f80a9467ce727c08e9b0e HTTP/1.1" 200 9056 "http://mail.cup.com/services/portal/" "Mozilla/5.0 (X11; Ubuntu; Linux x86_64; rv:73.0) Gecko/20100101 Firefox/73.0"
192.168.10.190 - - [29/Feb/2020:07:24:46 +0000] "GET /themes/default/graphics/settings.png HTTP/1.1" 200 691 "http://mail.cup.com/themes/default/screen.css" "Mozilla/5.0 (X11; Ubuntu; Linux x86_64; rv:73.0) Gecko/20100101 Firefox/73.0"
192.168.10.190 - - [29/Feb/2020:07:24:46 +0000] "GET /themes/default/graphics/logo.png HTTP/1.1" 200 2606 "http://mail.cup.com/themes/default/screen.css" "Mozilla/5.0 (X11; Ubuntu; Linux x86_64; rv:73.0) Gecko/20100101 Firefox/73.0"
192.168.10.190 - - [29/Feb/2020:07:24:46 +0000] "GET /themes/default/graphics/sidebar-new-bg.png HTTP/1.1" 200 383 "http://mail.cup.com/themes/default/screen.css" "Mozilla/5.0 (X11; Ubuntu; Linux x86_64; rv:73.0) Gecko/20100101 Firefox/73.0"
192.168.10.190 - - [29/Feb/2020:07:24:46 +0000] "GET /ingo/themes/default/graphics/whitelist.png HTTP/1.1" 200 814 "http://mail.cup.com/ingo/themes/default/block/screen.css" "Mozilla/5.0 (X11; Ubuntu; Linux x86_64; rv:73.0) Gecko/20100101 Firefox/73.0"
192.168.10.190 - - [29/Feb/2020:07:24:46 +0000] "GET /themes/default/graphics/tabset.png HTTP/1.1" 200 372 "http://mail.cup.com/themes/default/screen.css" "Mozilla/5.0 (X11; Ubuntu; Linux x86_64; rv:73.0) Gecko/20100101 Firefox/73.0"
192.168.10.190 - - [29/Feb/2020:07:24:46 +0000] "GET /ingo/themes/default/graphics/blacklist.png HTTP/1.1" 200 826 "http://mail.cup.com/ingo/themes/default/block/screen.css" "Mozilla/5.0 (X11; Ubuntu; Linux x86_64; rv:73.0) Gecko/20100101 Firefox/73.0"
192.168.10.190 - - [29/Feb/2020:07:24:46 +0000] "GET /themes/default/graphics/sidebar-new.png HTTP/1.1" 200 704 "http://mail.cup.com/themes/default/screen.css" "Mozilla/5.0 (X11; Ubuntu; Linux x86_64; rv:73.0) Gecko/20100101 Firefox/73.0"
192.168.10.190 - - [29/Feb/2020:07:24:46 +0000] "GET /themes/default/graphics/logout.png HTTP/1.1" 200 942 "http://mail.cup.com/themes/default/screen.css" "Mozilla/5.0 (X11; Ubuntu; Linux x86_64; rv:73.0) Gecko/20100101 Firefox/73.0"
192.168.10.190 - - [29/Feb/2020:07:24:46 +0000] "GET /js/date/date.js?v=dc442439853f80a9467ce727c08e9b0e HTTP/1.1" 200 17978 "http://mail.cup.com/services/portal/" "Mozilla/5.0 (X11; Ubuntu; Linux x86_64; rv:73.0) Gecko/20100101 Firefox/73.0"
192.168.10.4 - - [29/Feb/2020:07:24:46 +0000] "GET /services/prefs.php?app=horde HTTP/1.1" 200 3656 "http://mail.cup.com/services/portal/" "Mozilla/5.0 (X11; Ubuntu; Linux x86_64; rv:73.0) Gecko/20100101 Firefox/73.0"
192.168.10.190 - - [29/Feb/2020:07:24:46 +0000] "GET /themes/default/graphics/alerts/message.png HTTP/1.1" 200 761 "http://mail.cup.com/themes/default/screen.css" "Mozilla/5.0 (X11; Ubuntu; Linux x86_64; rv:73.0) Gecko/20100101 Firefox/73.0"
192.168.10.190 - - [29/Feb/2020:07:24:46 +0000] "GET /themes/default/graphics/close.png HTTP/1.1" 200 757 "http://mail.cup.com/themes/default/screen.css" "Mozilla/5.0 (X11; Ubuntu; Linux x86_64; rv:73.0) Gecko/20100101 Firefox/73.0"
192.168.10.4 - - [29/Feb/2020:07:24:46 +0000] "GET /js/prefs.js?v=dc442439853f80a9467ce727c08e9b0e HTTP/1.1" 200 570 "http://mail.cup.com/services/prefs.php?app=horde" "Mozilla/5.0 (X11; Ubuntu; Linux x86_64; rv:73.0) Gecko/20100101 Firefox/73.0"
192.168.10.4 - - [29/Feb/2020:07:24:46 +0000] "GET /themes/default/graphics/button.png HTTP/1.1" 200 373 "http://mail.cup.com/themes/default/screen.css" "Mozilla/5.0 (X11; Ubuntu; Linux x86_64; rv:73.0) Gecko/20100101 Firefox/73.0"
192.168.10.238 - - [29/Feb/2020:07:24:43 +0000] "POST /login.php HTTP/1.1" 302 601 "http://mail.cup.com/login.php" "Mozilla/5.0 (X11; Ubuntu; Linux x86_64; rv:73.0) Gecko/20100101 Firefox/73.0"
192.168.10.4 - - [29/Feb/2020:07:24:45 +0000] "GET /services/portal/ HTTP/1.1" 200 7553 "http://mail.cup.com/turba/search.php" "Mozilla/5.0 (X11; Linux x86_64) AppleWebKit/537.36 (KHTML, like Gecko) Ubuntu Chromium/77.0.3865.90 HeadlessChrome/77.0.3865.90 Safari/537.36"
192.168.10.200 - - [29/Feb/2020:07:24:46 +0000] "GET /imp/dynamic.php?page=mailbox HTTP/1.1" 200 8755 "http://mail.cup.com/services/portal/" "Mozilla/5.0 (X11; Ubuntu; Linux x86_64; rv:73.0) Gecko/20100101 Firefox/73.0"
192.168.10.238 - - [29/Feb/2020:07:24:46 +0000] "GET /services/portal/ HTTP/1.1" 200 7824 "http://mail.cup.com/login.php" "Mozilla/5.0 (X11; Ubuntu; Linux x86_64; rv:73.0) Gecko/20100101 Firefox/73.0"
192.168.10.238 - - [29/Feb/2020:07:24:47 +0000] "GET /imp/themes/default/block/screen.css HTTP/1.1" 200 458 "http://mail.cup.com/services/portal/" "Mozilla/5.0 (X11; Ubuntu; Linux x86_64; rv:73.0) Gecko/20100101 Firefox/73.0"
192.168.10.238 - - [29/Feb/2020:07:24:47 +0000] "GET /kronolith/themes/default/block/screen.css HTTP/1.1" 200 516 "http://mail.cup.com/services/portal/" "Mozilla/5.0 (X11; Ubuntu; Linux x86_64; rv:73.0) Gecko/20100101 Firefox/73.0"
192.168.10.238 - - [29/Feb/2020:07:24:47 +0000] "GET /ingo/themes/default/block/screen.css HTTP/1.1" 200 520 "http://mail.cup.com/services/portal/" "Mozilla/5.0 (X11; Ubuntu; Linux x86_64; rv:73.0) Gecko/20100101 Firefox/73.0"
192.168.10.238 - - [29/Feb/2020:07:24:47 +0000] "GET /nag/themes/default/block/screen.css HTTP/1.1" 200 437 "http://mail.cup.com/services/portal/" "Mozilla/5.0 (X11; Ubuntu; Linux x86_64; rv:73.0) Gecko/20100101 Firefox/73.0"
192.168.10.238 - - [29/Feb/2020:07:24:47 +0000] "GET /turba/themes/default/block/screen.css HTTP/1.1" 200 449 "http://mail.cup.com/services/portal/" "Mozilla/5.0 (X11; Ubuntu; Linux x86_64; rv:73.0) Gecko/20100101 Firefox/73.0"
192.168.10.238 - - [29/Feb/2020:07:24:47 +0000] "GET /js/hordeblocks.js?v=dc442439853f80a9467ce727c08e9b0e HTTP/1.1" 200 639 "http://mail.cup.com/services/portal/" "Mozilla/5.0 (X11; Ubuntu; Linux x86_64; rv:73.0) Gecko/20100101 Firefox/73.0"
192.168.10.238 - - [29/Feb/2020:07:24:47 +0000] "GET /js/hordecore.js?v=dc442439853f80a9467ce727c08e9b0e HTTP/1.1" 200 6452 "http://mail.cup.com/services/portal/" "Mozilla/5.0 (X11; Ubuntu; Linux x86_64; rv:73.0) Gecko/20100101 Firefox/73.0"
192.168.10.238 - - [29/Feb/2020:07:24:47 +0000] "GET /js/tooltips.js?v=dc442439853f80a9467ce727c08e9b0e HTTP/1.1" 200 1280 "http://mail.cup.com/services/portal/" "Mozilla/5.0 (X11; Ubuntu; Linux x86_64; rv:73.0) Gecko/20100101 Firefox/73.0"
192.168.10.238 - - [29/Feb/2020:07:24:47 +0000] "GET /turba/js/minisearch.js?v=bdffa700049748b9e0ede1748b17c142 HTTP/1.1" 200 902 "http://mail.cup.com/services/portal/" "Mozilla/5.0 (X11; Ubuntu; Linux x86_64; rv:73.0) Gecko/20100101 Firefox/73.0"
192.168.10.238 - - [29/Feb/2020:07:24:47 +0000] "GET /js/popup.js?v=dc442439853f80a9467ce727c08e9b0e HTTP/1.1" 200 1445 "http://mail.cup.com/services/portal/" "Mozilla/5.0 (X11; Ubuntu; Linux x86_64; rv:73.0) Gecko/20100101 Firefox/73.0"
192.168.10.238 - - [29/Feb/2020:07:24:47 +0000] "GET /js/date/en-US.js?v=dc442439853f80a9467ce727c08e9b0e HTTP/1.1" 200 2633 "http://mail.cup.com/services/portal/" "Mozilla/5.0 (X11; Ubuntu; Linux x86_64; rv:73.0) Gecko/20100101 Firefox/73.0"
192.168.10.238 - - [29/Feb/2020:07:24:47 +0000] "GET /js/topbar.js?v=dc442439853f80a9467ce727c08e9b0e HTTP/1.1" 200 1516 "http://mail.cup.com/services/portal/" "Mozilla/5.0 (X11; Ubuntu; Linux x86_64; rv:73.0) Gecko/20100101 Firefox/73.0"
192.168.10.238 - - [29/Feb/2020:07:24:47 +0000] "GET /js/scriptaculous/sound.js?v=dc442439853f80a9467ce727c08e9b0e HTTP/1.1" 200 1307 "http://mail.cup.com/services/portal/" "Mozilla/5.0 (X11; Ubuntu; Linux x86_64; rv:73.0) Gecko/20100101 Firefox/73.0"
192.168.10.238 - - [29/Feb/2020:07:24:47 +0000] "GET /js/growler.js?v=dc442439853f80a9467ce727c08e9b0e HTTP/1.1" 200 2873 "http://mail.cup.com/services/portal/" "Mozilla/5.0 (X11; Ubuntu; Linux x86_64; rv:73.0) Gecko/20100101 Firefox/73.0"
192.168.10.238 - - [29/Feb/2020:07:24:47 +0000] "GET /js/scriptaculous/effects.js?v=dc442439853f80a9467ce727c08e9b0e HTTP/1.1" 200 9056 "http://mail.cup.com/services/portal/" "Mozilla/5.0 (X11; Ubuntu; Linux x86_64; rv:73.0) Gecko/20100101 Firefox/73.0"
192.168.10.238 - - [29/Feb/2020:07:24:47 +0000] "GET /js/date/date.js?v=dc442439853f80a9467ce727c08e9b0e HTTP/1.1" 200 17979 "http://mail.cup.com/services/portal/" "Mozilla/5.0 (X11; Ubuntu; Linux x86_64; rv:73.0) Gecko/20100101 Firefox/73.0"
192.168.10.238 - - [29/Feb/2020:07:24:47 +0000] "GET /themes/default/graphics/navi-arrow-normal.png HTTP/1.1" 200 488 "http://mail.cup.com/themes/default/screen.css" "Mozilla/5.0 (X11; Ubuntu; Linux x86_64; rv:73.0) Gecko/20100101 Firefox/73.0"
192.168.10.238 - - [29/Feb/2020:07:24:47 +0000] "GET /themes/default/graphics/head-bg.png HTTP/1.1" 200 380 "http://mail.cup.com/themes/default/screen.css" "Mozilla/5.0 (X11; Ubuntu; Linux x86_64; rv:73.0) Gecko/20100101 Firefox/73.0"
192.168.10.238 - - [29/Feb/2020:07:24:47 +0000] "GET /themes/default/graphics/settings.png HTTP/1.1" 200 691 "http://mail.cup.com/themes/default/screen.css" "Mozilla/5.0 (X11; Ubuntu; Linux x86_64; rv:73.0) Gecko/20100101 Firefox/73.0"
192.168.10.238 - - [29/Feb/2020:07:24:47 +0000] "GET /themes/default/graphics/logo.png HTTP/1.1" 200 2606 "http://mail.cup.com/themes/default/screen.css" "Mozilla/5.0 (X11; Ubuntu; Linux x86_64; rv:73.0) Gecko/20100101 Firefox/73.0"
192.168.10.238 - - [29/Feb/2020:07:24:47 +0000] "GET /ingo/themes/default/graphics/blacklist.png HTTP/1.1" 200 826 "http://mail.cup.com/ingo/themes/default/block/screen.css" "Mozilla/5.0 (X11; Ubuntu; Linux x86_64; rv:73.0) Gecko/20100101 Firefox/73.0"
192.168.10.238 - - [29/Feb/2020:07:24:47 +0000] "GET /themes/default/graphics/logout.png HTTP/1.1" 200 942 "http://mail.cup.com/themes/default/screen.css" "Mozilla/5.0 (X11; Ubuntu; Linux x86_64; rv:73.0) Gecko/20100101 Firefox/73.0"
192.168.10.238 - - [29/Feb/2020:07:24:47 +0000] "GET /themes/default/graphics/tabset.png HTTP/1.1" 200 372 "http://mail.cup.com/themes/default/screen.css" "Mozilla/5.0 (X11; Ubuntu; Linux x86_64; rv:73.0) Gecko/20100101 Firefox/73.0"
192.168.10.238 - - [29/Feb/2020:07:24:47 +0000] "GET /ingo/themes/default/graphics/whitelist.png HTTP/1.1" 200 814 "http://mail.cup.com/ingo/themes/default/block/screen.css" "Mozilla/5.0 (X11; Ubuntu; Linux x86_64; rv:73.0) Gecko/20100101 Firefox/73.0"
192.168.10.238 - - [29/Feb/2020:07:24:47 +0000] "GET /themes/default/graphics/sidebar-new.png HTTP/1.1" 200 704 "http://mail.cup.com/themes/default/screen.css" "Mozilla/5.0 (X11; Ubuntu; Linux x86_64; rv:73.0) Gecko/20100101 Firefox/73.0"
192.168.10.238 - - [29/Feb/2020:07:24:47 +0000] "GET /themes/default/graphics/sidebar-new-bg.png HTTP/1.1" 200 383 "http://mail.cup.com/themes/default/screen.css" "Mozilla/5.0 (X11; Ubuntu; Linux x86_64; rv:73.0) Gecko/20100101 Firefox/73.0"
192.168.10.200 - - [29/Feb/2020:07:24:47 +0000] "POST /services/ajax.php/imp/dynamicInit HTTP/1.1" 200 1505 "http://mail.cup.com/imp/dynamic.php?page=mailbox" "Mozilla/5.0 (X11; Ubuntu; Linux x86_64; rv:73.0) Gecko/20100101 Firefox/73.0"
192.168.10.238 - - [29/Feb/2020:07:24:47 +0000] "GET /themes/default/graphics/alerts/message.png HTTP/1.1" 200 761 "http://mail.cup.com/themes/default/screen.css" "Mozilla/5.0 (X11; Ubuntu; Linux x86_64; rv:73.0) Gecko/20100101 Firefox/73.0"
192.168.10.238 - - [29/Feb/2020:07:24:47 +0000] "GET /themes/default/graphics/close.png HTTP/1.1" 200 757 "http://mail.cup.com/themes/default/screen.css" "Mozilla/5.0 (X11; Ubuntu; Linux x86_64; rv:73.0) Gecko/20100101 Firefox/73.0"
192.168.10.190 - - [29/Feb/2020:07:24:49 +0000] "GET /themes/default/graphics/navi-arrow-active.png HTTP/1.1" 200 530 "http://mail.cup.com/themes/default/screen.css" "Mozilla/5.0 (X11; Ubuntu; Linux x86_64; rv:73.0) Gecko/20100101 Firefox/73.0"
192.168.10.190 - - [29/Feb/2020:07:24:50 +0000] "GET /themes/default/graphics/navi-subnavi.png HTTP/1.1" 200 474 "http://mail.cup.com/themes/default/screen.css" "Mozilla/5.0 (X11; Ubuntu; Linux x86_64; rv:73.0) Gecko/20100101 Firefox/73.0"
192.168.10.190 - - [29/Feb/2020:07:24:50 +0000] "GET /themes/default/graphics/settings-active.png HTTP/1.1" 200 803 "http://mail.cup.com/themes/default/screen.css" "Mozilla/5.0 (X11; Ubuntu; Linux x86_64; rv:73.0) Gecko/20100101 Firefox/73.0"
192.168.10.4 - - [29/Feb/2020:07:24:50 +0000] "GET /services/prefs.php?app=horde&group=identities HTTP/1.1" 200 4575 "http://mail.cup.com/services/prefs.php?app=horde" "Mozilla/5.0 (X11; Ubuntu; Linux x86_64; rv:73.0) Gecko/20100101 Firefox/73.0"
192.168.10.4 - - [29/Feb/2020:07:24:50 +0000] "GET /js/identityselect.js?v=dc442439853f80a9467ce727c08e9b0e HTTP/1.1" 200 794 "http://mail.cup.com/services/prefs.php?app=horde&group=identities" "Mozilla/5.0 (X11; Ubuntu; Linux x86_64; rv:73.0) Gecko/20100101 Firefox/73.0"
192.168.10.4 - - [29/Feb/2020:07:24:50 +0000] "GET /themes/default/graphics/button-delete.png HTTP/1.1" 200 384 "http://mail.cup.com/themes/default/screen.css" "Mozilla/5.0 (X11; Ubuntu; Linux x86_64; rv:73.0) Gecko/20100101 Firefox/73.0"
192.168.10.238 - - [29/Feb/2020:07:24:51 +0000] "GET /themes/default/graphics/navi-arrow-active.png HTTP/1.1" 200 530 "http://mail.cup.com/themes/default/screen.css" "Mozilla/5.0 (X11; Ubuntu; Linux x86_64; rv:73.0) Gecko/20100101 Firefox/73.0"
192.168.10.238 - - [29/Feb/2020:07:24:51 +0000] "GET /themes/default/graphics/navi-subnavi.png HTTP/1.1" 200 474 "http://mail.cup.com/themes/default/screen.css" "Mozilla/5.0 (X11; Ubuntu; Linux x86_64; rv:73.0) Gecko/20100101 Firefox/73.0"
192.168.10.4 - - [29/Feb/2020:07:24:51 +0000] "GET /imp/dynamic.php?page=mailbox HTTP/1.1" 200 8747 "http://mail.cup.com/services/portal/" "Mozilla/5.0 (X11; Linux x86_64) AppleWebKit/537.36 (KHTML, like Gecko) Ubuntu Chromium/77.0.3865.90 HeadlessChrome/77.0.3865.90 Safari/537.36"
192.168.10.238 - - [29/Feb/2020:07:24:51 +0000] "GET /themes/default/graphics/settings-active.png HTTP/1.1" 200 803 "http://mail.cup.com/themes/default/screen.css" "Mozilla/5.0 (X11; Ubuntu; Linux x86_64; rv:73.0) Gecko/20100101 Firefox/73.0"
192.168.10.4 - - [29/Feb/2020:07:24:51 +0000] "POST /services/ajax.php/imp/dynamicInit HTTP/1.1" 200 1511 "http://mail.cup.com/imp/dynamic.php?page=mailbox" "Mozilla/5.0 (X11; Linux x86_64) AppleWebKit/537.36 (KHTML, like Gecko) Ubuntu Chromium/77.0.3865.90 HeadlessChrome/77.0.3865.90 Safari/537.36"
::1 - - [29/Feb/2020:07:24:52 +0000] "OPTIONS * HTTP/1.0" 200 110 "-" "Apache/2.4.25 (Debian) OpenSSL/1.0.2u (internal dummy connection)"
192.168.10.190 - - [29/Feb/2020:07:24:52 +0000] "GET /services/prefs.php?app=horde HTTP/1.1" 200 3658 "http://mail.cup.com/services/portal/" "Mozilla/5.0 (X11; Ubuntu; Linux x86_64; rv:73.0) Gecko/20100101 Firefox/73.0"
192.168.10.190 - - [29/Feb/2020:07:24:52 +0000] "GET /js/prefs.js?v=dc442439853f80a9467ce727c08e9b0e HTTP/1.1" 200 570 "http://mail.cup.com/services/prefs.php?app=horde" "Mozilla/5.0 (X11; Ubuntu; Linux x86_64; rv:73.0) Gecko/20100101 Firefox/73.0"
192.168.10.190 - - [29/Feb/2020:07:24:52 +0000] "GET /themes/default/graphics/button.png HTTP/1.1" 200 373 "http://mail.cup.com/themes/default/screen.css" "Mozilla/5.0 (X11; Ubuntu; Linux x86_64; rv:73.0) Gecko/20100101 Firefox/73.0"
::1 - - [29/Feb/2020:07:24:53 +0000] "OPTIONS * HTTP/1.0" 200 110 "-" "Apache/2.4.25 (Debian) OpenSSL/1.0.2u (internal dummy connection)"
192.168.10.4 - - [29/Feb/2020:07:24:53 +0000] "POST /services/prefs.php HTTP/1.1" 200 4607 "http://mail.cup.com/services/prefs.php?app=horde&group=identities" "Mozilla/5.0 (X11; Ubuntu; Linux x86_64; rv:73.0) Gecko/20100101 Firefox/73.0"
192.168.10.4 - - [29/Feb/2020:07:24:53 +0000] "GET /themes/default/graphics/alerts/success.png HTTP/1.1" 200 737 "http://mail.cup.com/themes/default/screen.css" "Mozilla/5.0 (X11; Ubuntu; Linux x86_64; rv:73.0) Gecko/20100101 Firefox/73.0"
::1 - - [29/Feb/2020:07:24:54 +0000] "OPTIONS * HTTP/1.0" 200 110 "-" "Apache/2.4.25 (Debian) OpenSSL/1.0.2u (internal dummy connection)"
::1 - - [29/Feb/2020:07:24:55 +0000] "OPTIONS * HTTP/1.0" 200 110 "-" "Apache/2.4.25 (Debian) OpenSSL/1.0.2u (internal dummy connection)"
192.168.10.190 - - [29/Feb/2020:07:24:55 +0000] "GET /services/prefs.php?app=horde&group=identities HTTP/1.1" 200 4581 "http://mail.cup.com/services/prefs.php?app=horde" "Mozilla/5.0 (X11; Ubuntu; Linux x86_64; rv:73.0) Gecko/20100101 Firefox/73.0"
192.168.10.190 - - [29/Feb/2020:07:24:55 +0000] "GET /js/identityselect.js?v=dc442439853f80a9467ce727c08e9b0e HTTP/1.1" 200 794 "http://mail.cup.com/services/prefs.php?app=horde&group=identities" "Mozilla/5.0 (X11; Ubuntu; Linux x86_64; rv:73.0) Gecko/20100101 Firefox/73.0"
192.168.10.190 - - [29/Feb/2020:07:24:55 +0000] "GET /themes/default/graphics/button-delete.png HTTP/1.1" 200 384 "http://mail.cup.com/themes/default/screen.css" "Mozilla/5.0 (X11; Ubuntu; Linux x86_64; rv:73.0) Gecko/20100101 Firefox/73.0"
192.168.10.200 - - [29/Feb/2020:07:24:55 +0000] "POST /services/ajax.php/imp/viewPort HTTP/1.1" 200 873 "http://mail.cup.com/imp/dynamic.php?page=mailbox" "Mozilla/5.0 (X11; Ubuntu; Linux x86_64; rv:73.0) Gecko/20100101 Firefox/73.0"
::1 - - [29/Feb/2020:07:24:56 +0000] "OPTIONS * HTTP/1.0" 200 110 "-" "Apache/2.4.25 (Debian) OpenSSL/1.0.2u (internal dummy connection)"
192.168.10.238 - - [29/Feb/2020:07:24:56 +0000] "GET /services/prefs.php?app=horde HTTP/1.1" 200 3655 "http://mail.cup.com/services/portal/" "Mozilla/5.0 (X11; Ubuntu; Linux x86_64; rv:73.0) Gecko/20100101 Firefox/73.0"
192.168.10.238 - - [29/Feb/2020:07:24:56 +0000] "GET /js/prefs.js?v=dc442439853f80a9467ce727c08e9b0e HTTP/1.1" 200 570 "http://mail.cup.com/services/prefs.php?app=horde" "Mozilla/5.0 (X11; Ubuntu; Linux x86_64; rv:73.0) Gecko/20100101 Firefox/73.0"
192.168.10.238 - - [29/Feb/2020:07:24:56 +0000] "GET /themes/default/graphics/button.png HTTP/1.1" 200 373 "http://mail.cup.com/themes/default/screen.css" "Mozilla/5.0 (X11; Ubuntu; Linux x86_64; rv:73.0) Gecko/20100101 Firefox/73.0"
::1 - - [29/Feb/2020:07:24:57 +0000] "OPTIONS * HTTP/1.0" 200 110 "-" "Apache/2.4.25 (Debian) OpenSSL/1.0.2u (internal dummy connection)"
::1 - - [29/Feb/2020:07:24:58 +0000] "OPTIONS * HTTP/1.0" 200 110 "-" "Apache/2.4.25 (Debian) OpenSSL/1.0.2u (internal dummy connection)"
192.168.10.190 - - [29/Feb/2020:07:24:58 +0000] "POST /services/prefs.php HTTP/1.1" 200 4606 "http://mail.cup.com/services/prefs.php?app=horde&group=identities" "Mozilla/5.0 (X11; Ubuntu; Linux x86_64; rv:73.0) Gecko/20100101 Firefox/73.0"
192.168.10.190 - - [29/Feb/2020:07:24:58 +0000] "GET /themes/default/graphics/alerts/success.png HTTP/1.1" 200 737 "http://mail.cup.com/themes/default/screen.css" "Mozilla/5.0 (X11; Ubuntu; Linux x86_64; rv:73.0) Gecko/20100101 Firefox/73.0"
::1 - - [29/Feb/2020:07:24:59 +0000] "OPTIONS * HTTP/1.0" 200 110 "-" "Apache/2.4.25 (Debian) OpenSSL/1.0.2u (internal dummy connection)"
::1 - - [29/Feb/2020:07:25:00 +0000] "OPTIONS * HTTP/1.0" 200 110 "-" "Apache/2.4.25 (Debian) OpenSSL/1.0.2u (internal dummy connection)"
192.168.10.4 - - [29/Feb/2020:07:25:00 +0000] "GET /services/prefs.php?app=horde HTTP/1.1" 200 3656 "http://mail.cup.com/services/prefs.php" "Mozilla/5.0 (X11; Ubuntu; Linux x86_64; rv:73.0) Gecko/20100101 Firefox/73.0"
192.168.10.238 - - [29/Feb/2020:07:25:01 +0000] "GET /services/prefs.php?app=horde&group=identities HTTP/1.1" 200 4578 "http://mail.cup.com/services/prefs.php?app=horde" "Mozilla/5.0 (X11; Ubuntu; Linux x86_64; rv:73.0) Gecko/20100101 Firefox/73.0"
192.168.10.238 - - [29/Feb/2020:07:25:01 +0000] "GET /js/identityselect.js?v=dc442439853f80a9467ce727c08e9b0e HTTP/1.1" 200 794 "http://mail.cup.com/services/prefs.php?app=horde&group=identities" "Mozilla/5.0 (X11; Ubuntu; Linux x86_64; rv:73.0) Gecko/20100101 Firefox/73.0"
192.168.10.238 - - [29/Feb/2020:07:25:01 +0000] "GET /themes/default/graphics/button-delete.png HTTP/1.1" 200 384 "http://mail.cup.com/themes/default/screen.css" "Mozilla/5.0 (X11; Ubuntu; Linux x86_64; rv:73.0) Gecko/20100101 Firefox/73.0"
192.168.10.4 - - [29/Feb/2020:07:25:01 +0000] "POST /services/ajax.php/imp/viewPort HTTP/1.1" 200 876 "http://mail.cup.com/imp/dynamic.php?page=mailbox" "Mozilla/5.0 (X11; Linux x86_64) AppleWebKit/537.36 (KHTML, like Gecko) Ubuntu Chromium/77.0.3865.90 HeadlessChrome/77.0.3865.90 Safari/537.36"
192.168.10.4 - - [29/Feb/2020:07:25:03 +0000] "GET /services/prefs.php?app=imp HTTP/1.1" 200 4025 "http://mail.cup.com/services/prefs.php?app=horde" "Mozilla/5.0 (X11; Ubuntu; Linux x86_64; rv:73.0) Gecko/20100101 Firefox/73.0"
192.168.10.4 - - [29/Feb/2020:07:25:03 +0000] "GET /imp/themes/default/basic/screen.css HTTP/1.1" 200 1955 "http://mail.cup.com/services/prefs.php?app=imp" "Mozilla/5.0 (X11; Ubuntu; Linux x86_64; rv:73.0) Gecko/20100101 Firefox/73.0"
192.168.10.4 - - [29/Feb/2020:07:25:03 +0000] "GET /imp/themes/default/screen.css HTTP/1.1" 200 3272 "http://mail.cup.com/services/prefs.php?app=imp" "Mozilla/5.0 (X11; Ubuntu; Linux x86_64; rv:73.0) Gecko/20100101 Firefox/73.0"
192.168.10.4 - - [29/Feb/2020:07:25:03 +0000] "GET /themes/default/graphics/navi-left-active.png HTTP/1.1" 200 446 "http://mail.cup.com/themes/default/screen.css" "Mozilla/5.0 (X11; Ubuntu; Linux x86_64; rv:73.0) Gecko/20100101 Firefox/73.0"
192.168.10.4 - - [29/Feb/2020:07:25:03 +0000] "GET /themes/default/graphics/navi-center-active.png HTTP/1.1" 200 370 "http://mail.cup.com/themes/default/screen.css" "Mozilla/5.0 (X11; Ubuntu; Linux x86_64; rv:73.0) Gecko/20100101 Firefox/73.0"
192.168.10.4 - - [29/Feb/2020:07:25:03 +0000] "GET /themes/default/graphics/navi-right-active.png HTTP/1.1" 200 428 "http://mail.cup.com/themes/default/screen.css" "Mozilla/5.0 (X11; Ubuntu; Linux x86_64; rv:73.0) Gecko/20100101 Firefox/73.0"
192.168.10.4 - - [29/Feb/2020:07:25:04 +0000] "GET /imp/themes/default/graphics/favicon.ico HTTP/1.1" 200 2026 "-" "Mozilla/5.0 (X11; Ubuntu; Linux x86_64; rv:73.0) Gecko/20100101 Firefox/73.0"
192.168.10.200 - - [29/Feb/2020:07:25:03 +0000] "POST /services/ajax.php/imp/showMessage HTTP/1.1" 200 2603 "http://mail.cup.com/imp/dynamic.php?page=mailbox" "Mozilla/5.0 (X11; Ubuntu; Linux x86_64; rv:73.0) Gecko/20100101 Firefox/73.0"
192.168.10.238 - - [29/Feb/2020:07:25:04 +0000] "POST /services/prefs.php HTTP/1.1" 200 4608 "http://mail.cup.com/services/prefs.php?app=horde&group=identities" "Mozilla/5.0 (X11; Ubuntu; Linux x86_64; rv:73.0) Gecko/20100101 Firefox/73.0"
192.168.10.238 - - [29/Feb/2020:07:25:04 +0000] "GET /themes/default/graphics/alerts/success.png HTTP/1.1" 200 737 "http://mail.cup.com/themes/default/screen.css" "Mozilla/5.0 (X11; Ubuntu; Linux x86_64; rv:73.0) Gecko/20100101 Firefox/73.0"
192.168.10.190 - - [29/Feb/2020:07:25:05 +0000] "GET /services/prefs.php?app=horde HTTP/1.1" 200 3661 "http://mail.cup.com/services/prefs.php" "Mozilla/5.0 (X11; Ubuntu; Linux x86_64; rv:73.0) Gecko/20100101 Firefox/73.0"
192.168.10.4 - - [29/Feb/2020:07:25:06 +0000] "GET /services/prefs.php?app=imp&group=delmove HTTP/1.1" 200 5537 "http://mail.cup.com/services/prefs.php?app=imp" "Mozilla/5.0 (X11; Ubuntu; Linux x86_64; rv:73.0) Gecko/20100101 Firefox/73.0"
192.168.10.4 - - [29/Feb/2020:07:25:06 +0000] "GET /imp/js/folderprefs.js?v=29c8308baa6508a21e1be9e3345d1287 HTTP/1.1" 200 1185 "http://mail.cup.com/services/prefs.php?app=imp&group=delmove" "Mozilla/5.0 (X11; Ubuntu; Linux x86_64; rv:73.0) Gecko/20100101 Firefox/73.0"
192.168.10.190 - - [29/Feb/2020:07:25:08 +0000] "GET /services/prefs.php?app=imp HTTP/1.1" 200 4028 "http://mail.cup.com/services/prefs.php?app=horde" "Mozilla/5.0 (X11; Ubuntu; Linux x86_64; rv:73.0) Gecko/20100101 Firefox/73.0"
192.168.10.190 - - [29/Feb/2020:07:25:09 +0000] "GET /imp/themes/default/screen.css HTTP/1.1" 200 3272 "http://mail.cup.com/services/prefs.php?app=imp" "Mozilla/5.0 (X11; Ubuntu; Linux x86_64; rv:73.0) Gecko/20100101 Firefox/73.0"
192.168.10.190 - - [29/Feb/2020:07:25:09 +0000] "GET /imp/themes/default/basic/screen.css HTTP/1.1" 200 1955 "http://mail.cup.com/services/prefs.php?app=imp" "Mozilla/5.0 (X11; Ubuntu; Linux x86_64; rv:73.0) Gecko/20100101 Firefox/73.0"
192.168.10.190 - - [29/Feb/2020:07:25:09 +0000] "GET /themes/default/graphics/navi-right-active.png HTTP/1.1" 200 429 "http://mail.cup.com/themes/default/screen.css" "Mozilla/5.0 (X11; Ubuntu; Linux x86_64; rv:73.0) Gecko/20100101 Firefox/73.0"
192.168.10.190 - - [29/Feb/2020:07:25:09 +0000] "GET /themes/default/graphics/navi-left-active.png HTTP/1.1" 200 446 "http://mail.cup.com/themes/default/screen.css" "Mozilla/5.0 (X11; Ubuntu; Linux x86_64; rv:73.0) Gecko/20100101 Firefox/73.0"
192.168.10.190 - - [29/Feb/2020:07:25:09 +0000] "GET /themes/default/graphics/navi-center-active.png HTTP/1.1" 200 370 "http://mail.cup.com/themes/default/screen.css" "Mozilla/5.0 (X11; Ubuntu; Linux x86_64; rv:73.0) Gecko/20100101 Firefox/73.0"
192.168.10.190 - - [29/Feb/2020:07:25:09 +0000] "GET /imp/themes/default/graphics/favicon.ico HTTP/1.1" 200 2026 "-" "Mozilla/5.0 (X11; Ubuntu; Linux x86_64; rv:73.0) Gecko/20100101 Firefox/73.0"
192.168.10.200 - - [29/Feb/2020:07:25:11 +0000] "GET /imp/dynamic.php?page=message&buid=8&mailbox=SU5CT1g&token=-J4OV9ysBNWJ1Nh-BRSnsN5&uniq=1582961111442 HTTP/1.1" 200 7803 "http://mail.cup.com/imp/dynamic.php?page=mailbox" "Mozilla/5.0 (X11; Ubuntu; Linux x86_64; rv:73.0) Gecko/20100101 Firefox/73.0"
192.168.10.200 - - [29/Feb/2020:07:25:12 +0000] "GET /imp/themes/default/graphics/answered.png HTTP/1.1" 200 721 "http://mail.cup.com/imp/themes/default/dynamic/screen.css" "Mozilla/5.0 (X11; Ubuntu; Linux x86_64; rv:73.0) Gecko/20100101 Firefox/73.0"
192.168.10.238 - - [29/Feb/2020:07:25:12 +0000] "GET /services/prefs.php?app=horde HTTP/1.1" 200 3656 "http://mail.cup.com/services/prefs.php" "Mozilla/5.0 (X11; Ubuntu; Linux x86_64; rv:73.0) Gecko/20100101 Firefox/73.0"
192.168.10.190 - - [29/Feb/2020:07:25:12 +0000] "GET /services/prefs.php?app=imp&group=delmove HTTP/1.1" 200 5542 "http://mail.cup.com/services/prefs.php?app=imp" "Mozilla/5.0 (X11; Ubuntu; Linux x86_64; rv:73.0) Gecko/20100101 Firefox/73.0"
192.168.10.190 - - [29/Feb/2020:07:25:13 +0000] "GET /imp/js/folderprefs.js?v=29c8308baa6508a21e1be9e3345d1287 HTTP/1.1" 200 1185 "http://mail.cup.com/services/prefs.php?app=imp&group=delmove" "Mozilla/5.0 (X11; Ubuntu; Linux x86_64; rv:73.0) Gecko/20100101 Firefox/73.0"
192.168.10.4 - - [29/Feb/2020:07:25:15 +0000] "POST /services/prefs.php HTTP/1.1" 200 5636 "http://mail.cup.com/services/prefs.php?app=imp&group=delmove" "Mozilla/5.0 (X11; Ubuntu; Linux x86_64; rv:73.0) Gecko/20100101 Firefox/73.0"
192.168.10.200 - - [29/Feb/2020:07:25:16 +0000] "POST /services/ajax.php/imp/getReplyData HTTP/1.1" 200 1173 "http://mail.cup.com/imp/dynamic.php?page=message&buid=8&mailbox=SU5CT1g&token=-J4OV9ysBNWJ1Nh-BRSnsN5&uniq=1582961111442" "Mozilla/5.0 (X11; Ubuntu; Linux x86_64; rv:73.0) Gecko/20100101 Firefox/73.0"
192.168.10.238 - - [29/Feb/2020:07:25:16 +0000] "GET /services/prefs.php?app=imp HTTP/1.1" 200 4025 "http://mail.cup.com/services/prefs.php?app=horde" "Mozilla/5.0 (X11; Ubuntu; Linux x86_64; rv:73.0) Gecko/20100101 Firefox/73.0"
192.168.10.238 - - [29/Feb/2020:07:25:16 +0000] "GET /imp/themes/default/screen.css HTTP/1.1" 200 3272 "http://mail.cup.com/services/prefs.php?app=imp" "Mozilla/5.0 (X11; Ubuntu; Linux x86_64; rv:73.0) Gecko/20100101 Firefox/73.0"
192.168.10.238 - - [29/Feb/2020:07:25:16 +0000] "GET /imp/themes/default/basic/screen.css HTTP/1.1" 200 1954 "http://mail.cup.com/services/prefs.php?app=imp" "Mozilla/5.0 (X11; Ubuntu; Linux x86_64; rv:73.0) Gecko/20100101 Firefox/73.0"
192.168.10.238 - - [29/Feb/2020:07:25:16 +0000] "GET /themes/default/graphics/navi-left-active.png HTTP/1.1" 200 446 "http://mail.cup.com/themes/default/screen.css" "Mozilla/5.0 (X11; Ubuntu; Linux x86_64; rv:73.0) Gecko/20100101 Firefox/73.0"
192.168.10.238 - - [29/Feb/2020:07:25:16 +0000] "GET /themes/default/graphics/navi-right-active.png HTTP/1.1" 200 429 "http://mail.cup.com/themes/default/screen.css" "Mozilla/5.0 (X11; Ubuntu; Linux x86_64; rv:73.0) Gecko/20100101 Firefox/73.0"
192.168.10.238 - - [29/Feb/2020:07:25:16 +0000] "GET /themes/default/graphics/navi-center-active.png HTTP/1.1" 200 370 "http://mail.cup.com/themes/default/screen.css" "Mozilla/5.0 (X11; Ubuntu; Linux x86_64; rv:73.0) Gecko/20100101 Firefox/73.0"
192.168.10.238 - - [29/Feb/2020:07:25:16 +0000] "GET /imp/themes/default/graphics/favicon.ico HTTP/1.1" 200 2026 "-" "Mozilla/5.0 (X11; Ubuntu; Linux x86_64; rv:73.0) Gecko/20100101 Firefox/73.0"
192.168.10.200 - - [29/Feb/2020:07:25:20 +0000] "POST /services/ajax.php/imp/sendMessage HTTP/1.1" 200 631 "http://mail.cup.com/imp/dynamic.php?page=message&buid=8&mailbox=SU5CT1g&token=-J4OV9ysBNWJ1Nh-BRSnsN5&uniq=1582961111442" "Mozilla/5.0 (X11; Ubuntu; Linux x86_64; rv:73.0) Gecko/20100101 Firefox/73.0"
192.168.10.190 - - [29/Feb/2020:07:25:20 +0000] "POST /services/prefs.php HTTP/1.1" 200 5638 "http://mail.cup.com/services/prefs.php?app=imp&group=delmove" "Mozilla/5.0 (X11; Ubuntu; Linux x86_64; rv:73.0) Gecko/20100101 Firefox/73.0"
::1 - - [29/Feb/2020:07:25:22 +0000] "OPTIONS * HTTP/1.0" 200 110 "-" "Apache/2.4.25 (Debian) OpenSSL/1.0.2u (internal dummy connection)"
192.168.10.238 - - [29/Feb/2020:07:25:22 +0000] "GET /services/prefs.php?app=imp&group=delmove HTTP/1.1" 200 5539 "http://mail.cup.com/services/prefs.php?app=imp" "Mozilla/5.0 (X11; Ubuntu; Linux x86_64; rv:73.0) Gecko/20100101 Firefox/73.0"
192.168.10.238 - - [29/Feb/2020:07:25:22 +0000] "GET /imp/js/folderprefs.js?v=29c8308baa6508a21e1be9e3345d1287 HTTP/1.1" 200 1185 "http://mail.cup.com/services/prefs.php?app=imp&group=delmove" "Mozilla/5.0 (X11; Ubuntu; Linux x86_64; rv:73.0) Gecko/20100101 Firefox/73.0"
192.168.10.4 - - [29/Feb/2020:07:25:22 +0000] "POST /services/prefs.php HTTP/1.1" 200 5635 "http://mail.cup.com/services/prefs.php" "Mozilla/5.0 (X11; Ubuntu; Linux x86_64; rv:73.0) Gecko/20100101 Firefox/73.0"
192.168.10.190 - - [29/Feb/2020:07:25:26 +0000] "POST /services/prefs.php HTTP/1.1" 200 5639 "http://mail.cup.com/services/prefs.php" "Mozilla/5.0 (X11; Ubuntu; Linux x86_64; rv:73.0) Gecko/20100101 Firefox/73.0"
::1 - - [29/Feb/2020:07:25:32 +0000] "OPTIONS * HTTP/1.0" 200 110 "-" "Apache/2.4.25 (Debian) OpenSSL/1.0.2u (internal dummy connection)"
192.168.10.238 - - [29/Feb/2020:07:25:35 +0000] "POST /services/prefs.php HTTP/1.1" 200 5637 "http://mail.cup.com/services/prefs.php?app=imp&group=delmove" "Mozilla/5.0 (X11; Ubuntu; Linux x86_64; rv:73.0) Gecko/20100101 Firefox/73.0"
192.168.10.4 - - [29/Feb/2020:07:25:35 +0000] "GET /services/portal/ HTTP/1.1" 200 7509 "http://mail.cup.com/imp/dynamic.php?page=mailbox" "Mozilla/5.0 (X11; Linux x86_64) AppleWebKit/537.36 (KHTML, like Gecko) Ubuntu Chromium/77.0.3865.90 HeadlessChrome/77.0.3865.90 Safari/537.36"
192.168.10.4 - - [29/Feb/2020:07:25:38 +0000] "GET /nag/ HTTP/1.1" 200 8266 "http://mail.cup.com/services/portal/" "Mozilla/5.0 (X11; Linux x86_64) AppleWebKit/537.36 (KHTML, like Gecko) Ubuntu Chromium/77.0.3865.90 HeadlessChrome/77.0.3865.90 Safari/537.36"
::1 - - [29/Feb/2020:07:25:43 +0000] "OPTIONS * HTTP/1.0" 200 110 "-" "Apache/2.4.25 (Debian) OpenSSL/1.0.2u (internal dummy connection)"
192.168.10.238 - - [29/Feb/2020:07:25:45 +0000] "POST /services/prefs.php HTTP/1.1" 200 5636 "http://mail.cup.com/services/prefs.php" "Mozilla/5.0 (X11; Ubuntu; Linux x86_64; rv:73.0) Gecko/20100101 Firefox/73.0"
::1 - - [29/Feb/2020:07:25:51 +0000] "OPTIONS * HTTP/1.0" 200 110 "-" "Apache/2.4.25 (Debian) OpenSSL/1.0.2u (internal dummy connection)"
::1 - - [29/Feb/2020:07:25:52 +0000] "OPTIONS * HTTP/1.0" 200 110 "-" "Apache/2.4.25 (Debian) OpenSSL/1.0.2u (internal dummy connection)"
192.168.10.4 - - [29/Feb/2020:07:25:55 +0000] "GET /services/portal/ HTTP/1.1" 200 5751 "http://mail.cup.com/services/prefs.php" "Mozilla/5.0 (X11; Ubuntu; Linux x86_64; rv:73.0) Gecko/20100101 Firefox/73.0"
192.168.10.4 - - [29/Feb/2020:07:25:58 +0000] "GET /imp/dynamic.php?page=mailbox HTTP/1.1" 200 8748 "http://mail.cup.com/services/portal/" "Mozilla/5.0 (X11; Ubuntu; Linux x86_64; rv:73.0) Gecko/20100101 Firefox/73.0"
192.168.10.4 - - [29/Feb/2020:07:25:58 +0000] "GET /imp/themes/default/mime.css HTTP/1.1" 200 456 "http://mail.cup.com/imp/dynamic.php?page=mailbox" "Mozilla/5.0 (X11; Ubuntu; Linux x86_64; rv:73.0) Gecko/20100101 Firefox/73.0"
192.168.10.4 - - [29/Feb/2020:07:25:58 +0000] "GET /imp/themes/default/dynamic/screen.css HTTP/1.1" 200 5301 "http://mail.cup.com/imp/dynamic.php?page=mailbox" "Mozilla/5.0 (X11; Ubuntu; Linux x86_64; rv:73.0) Gecko/20100101 Firefox/73.0"
192.168.10.4 - - [29/Feb/2020:07:25:58 +0000] "GET /imp/js/dimpcore.js?v=29c8308baa6508a21e1be9e3345d1287 HTTP/1.1" 200 4216 "http://mail.cup.com/imp/dynamic.php?page=mailbox" "Mozilla/5.0 (X11; Ubuntu; Linux x86_64; rv:73.0) Gecko/20100101 Firefox/73.0"
