192.168.10.200 - - [29/Feb/2020:07:30:09 +0000] "GET /services/portal/ HTTP/1.1" 200 8053 "http://mail.cup.com/imp/dynamic.php?page=mailbox" "Mozilla/5.0 (X11; Ubuntu; Linux x86_64; rv:73.0) Gecko/20100101 Firefox/73.0"
192.168.10.190 - - [29/Feb/2020:07:30:11 +0000] "POST /services/ajax.php/horde/imple?token=LREquDM-z7HLgWkRw8yB3KA&app=nag&imple=Nag_Ajax_Imple_TagAutoCompleter&input=tags HTTP/1.1" 200 371 "http://mail.cup.com/nag/task.php?actionID=add_task" "Mozilla/5.0 (X11; Ubuntu; Linux x86_64; rv:73.0) Gecko/20100101 Firefox/73.0"
192.168.10.200 - - [29/Feb/2020:07:30:14 +0000] "GET /imp/dynamic.php?page=mailbox HTTP/1.1" 200 8756 "http://mail.cup.com/services/portal/" "Mozilla/5.0 (X11; Ubuntu; Linux x86_64; rv:73.0) Gecko/20100101 Firefox/73.0"
192.168.10.200 - - [29/Feb/2020:07:30:15 +0000] "POST /services/ajax.php/imp/dynamicInit HTTP/1.1" 200 1521 "http://mail.cup.com/imp/dynamic.php?page=mailbox" "Mozilla/5.0 (X11; Ubuntu; Linux x86_64; rv:73.0) Gecko/20100101 Firefox/73.0"
192.168.10.200 - - [29/Feb/2020:07:30:23 +0000] "POST /services/ajax.php/imp/viewPort HTTP/1.1" 200 891 "http://mail.cup.com/imp/dynamic.php?page=mailbox" "Mozilla/5.0 (X11; Ubuntu; Linux x86_64; rv:73.0) Gecko/20100101 Firefox/73.0"
192.168.10.238 - - [29/Feb/2020:07:30:24 +0000] "POST /services/ajax.php/horde/imple?token=6CXZ3nEEdD06SYEj4TAeAOS&app=nag&imple=Nag_Ajax_Imple_TagAutoCompleter&input=tags HTTP/1.1" 200 371 "http://mail.cup.com/nag/task.php?actionID=add_task" "Mozilla/5.0 (X11; Ubuntu; Linux x86_64; rv:73.0) Gecko/20100101 Firefox/73.0"
192.168.10.190 - - [29/Feb/2020:07:30:24 +0000] "GET /nag/task.php?actionID=add_task HTTP/1.1" 200 8895 "http://mail.cup.com/nag/" "Mozilla/5.0 (X11; Linux x86_64) AppleWebKit/537.36 (KHTML, like Gecko) Ubuntu Chromium/77.0.3865.90 HeadlessChrome/77.0.3865.90 Safari/537.36"
192.168.10.190 - - [29/Feb/2020:07:30:24 +0000] "GET /nag/js/calendar.js?v=839a6380454bbd865d6aa6063c84bc2b HTTP/1.1" 200 1306 "http://mail.cup.com/nag/task.php?actionID=add_task" "Mozilla/5.0 (X11; Linux x86_64) AppleWebKit/537.36 (KHTML, like Gecko) Ubuntu Chromium/77.0.3865.90 HeadlessChrome/77.0.3865.90 Safari/537.36"
192.168.10.190 - - [29/Feb/2020:07:30:24 +0000] "GET /nag/js/task.js?v=839a6380454bbd865d6aa6063c84bc2b HTTP/1.1" 200 1023 "http://mail.cup.com/nag/task.php?actionID=add_task" "Mozilla/5.0 (X11; Linux x86_64) AppleWebKit/537.36 (KHTML, like Gecko) Ubuntu Chromium/77.0.3865.90 HeadlessChrome/77.0.3865.90 Safari/537.36"
192.168.10.238 - - [29/Feb/2020:07:30:26 +0000] "GET /services/portal/ HTTP/1.1" 200 7306 "http://mail.cup.com/nag/list.php" "Mozilla/5.0 (X11; Ubuntu; Linux x86_64; rv:73.0) Gecko/20100101 Firefox/73.0"
192.168.10.190 - - [29/Feb/2020:07:30:30 +0000] "POST /nag/task/save.php HTTP/1.1" 302 412 "http://mail.cup.com/nag/task.php?actionID=add_task" "Mozilla/5.0 (X11; Ubuntu; Linux x86_64; rv:73.0) Gecko/20100101 Firefox/73.0"
192.168.10.190 - - [29/Feb/2020:07:30:31 +0000] "GET /nag/list.php HTTP/1.1" 200 8594 "http://mail.cup.com/nag/task.php?actionID=add_task" "Mozilla/5.0 (X11; Ubuntu; Linux x86_64; rv:73.0) Gecko/20100101 Firefox/73.0"
192.168.10.4 - - [29/Feb/2020:07:30:31 +0000] "GET /nag/task.php?tasklist=u3-SVDbFWKDJoedJdADggr5&task=UlgifaVd_WAMlj7x_txasXa&actionID=modify_task&have_search&tab_name=1&url=%2Fnag%2F HTTP/1.1" 200 9060 "http://mail.cup.com/nag/" "Mozilla/5.0 (X11; Linux x86_64) AppleWebKit/537.36 (KHTML, like Gecko) Ubuntu Chromium/77.0.3865.90 HeadlessChrome/77.0.3865.90 Safari/537.36"
192.168.10.190 - - [29/Feb/2020:07:30:32 +0000] "POST /services/ajax.php/horde/imple?token=61HFDMdVTt_WGWn_uQo0NKY&app=nag&imple=Nag_Ajax_Imple_TagAutoCompleter&input=tags HTTP/1.1" 200 371 "http://mail.cup.com/nag/task.php?actionID=add_task" "Mozilla/5.0 (X11; Linux x86_64) AppleWebKit/537.36 (KHTML, like Gecko) Ubuntu Chromium/77.0.3865.90 HeadlessChrome/77.0.3865.90 Safari/537.36"
192.168.10.238 - - [29/Feb/2020:07:30:30 +0000] "GET /mnemo/ HTTP/1.1" 200 3701 "http://mail.cup.com/services/portal/" "Mozilla/5.0 (X11; Ubuntu; Linux x86_64; rv:73.0) Gecko/20100101 Firefox/73.0"
192.168.10.238 - - [29/Feb/2020:07:30:35 +0000] "GET /mnemo/themes/default/screen.css HTTP/1.1" 200 1023 "http://mail.cup.com/mnemo/" "Mozilla/5.0 (X11; Ubuntu; Linux x86_64; rv:73.0) Gecko/20100101 Firefox/73.0"
192.168.10.238 - - [29/Feb/2020:07:30:35 +0000] "GET /mnemo/themes/default/graphics/search.png HTTP/1.1" 200 729 "http://mail.cup.com/mnemo/themes/default/screen.css" "Mozilla/5.0 (X11; Ubuntu; Linux x86_64; rv:73.0) Gecko/20100101 Firefox/73.0"
192.168.10.4 - - [29/Feb/2020:07:30:35 +0000] "POST /nag/task/save.php HTTP/1.1" 302 411 "http://mail.cup.com/nag/task.php?tasklist=u3-SVDbFWKDJoedJdADggr5&task=UlgifaVd_WAMlj7x_txasXa&actionID=modify_task&have_search&tab_name=1&url=%2Fnag%2F" "Mozilla/5.0 (X11; Linux x86_64) AppleWebKit/537.36 (KHTML, like Gecko) Ubuntu Chromium/77.0.3865.90 HeadlessChrome/77.0.3865.90 Safari/537.36"
192.168.10.4 - - [29/Feb/2020:07:30:35 +0000] "GET /nag/list.php HTTP/1.1" 200 5327 "http://mail.cup.com/nag/task.php?tasklist=u3-SVDbFWKDJoedJdADggr5&task=UlgifaVd_WAMlj7x_txasXa&actionID=modify_task&have_search&tab_name=1&url=%2Fnag%2F" "Mozilla/5.0 (X11; Linux x86_64) AppleWebKit/537.36 (KHTML, like Gecko) Ubuntu Chromium/77.0.3865.90 HeadlessChrome/77.0.3865.90 Safari/537.36"
::1 - - [29/Feb/2020:07:30:43 +0000] "OPTIONS * HTTP/1.0" 200 110 "-" "Apache/2.4.25 (Debian) OpenSSL/1.0.2u (internal dummy connection)"
192.168.10.4 - - [29/Feb/2020:07:30:45 +0000] "GET /mnemo/memo.php?actionID=add_memo HTTP/1.1" 200 5980 "http://mail.cup.com/mnemo/" "Mozilla/5.0 (X11; Ubuntu; Linux x86_64; rv:73.0) Gecko/20100101 Firefox/73.0"
192.168.10.4 - - [29/Feb/2020:07:30:45 +0000] "GET /mnemo/js/memo.js?v=bef6a81df654c73d2a7fc487bc2a4694 HTTP/1.1" 200 914 "http://mail.cup.com/mnemo/memo.php?actionID=add_memo" "Mozilla/5.0 (X11; Ubuntu; Linux x86_64; rv:73.0) Gecko/20100101 Firefox/73.0"
192.168.10.190 - - [29/Feb/2020:07:30:48 +0000] "POST /nag/task/save.php HTTP/1.1" 302 412 "http://mail.cup.com/nag/task.php?actionID=add_task" "Mozilla/5.0 (X11; Linux x86_64) AppleWebKit/537.36 (KHTML, like Gecko) Ubuntu Chromium/77.0.3865.90 HeadlessChrome/77.0.3865.90 Safari/537.36"
192.168.10.190 - - [29/Feb/2020:07:30:48 +0000] "GET /nag/list.php HTTP/1.1" 200 7911 "http://mail.cup.com/nag/task.php?actionID=add_task" "Mozilla/5.0 (X11; Linux x86_64) AppleWebKit/537.36 (KHTML, like Gecko) Ubuntu Chromium/77.0.3865.90 HeadlessChrome/77.0.3865.90 Safari/537.36"
192.168.10.4 - - [29/Feb/2020:07:30:52 +0000] "POST /services/ajax.php/horde/imple?token=4fmMHjXBt-c6Q1T23MQs2iV&app=mnemo&imple=Mnemo_Ajax_Imple_TagAutoCompleter&input=memo_tags HTTP/1.1" 200 371 "http://mail.cup.com/mnemo/memo.php?actionID=add_memo" "Mozilla/5.0 (X11; Ubuntu; Linux x86_64; rv:73.0) Gecko/20100101 Firefox/73.0"
192.168.10.238 - - [29/Feb/2020:07:30:53 +0000] "POST /nag/task/save.php HTTP/1.1" 302 412 "http://mail.cup.com/nag/task.php?actionID=add_task" "Mozilla/5.0 (X11; Ubuntu; Linux x86_64; rv:73.0) Gecko/20100101 Firefox/73.0"
192.168.10.238 - - [29/Feb/2020:07:30:53 +0000] "GET /nag/list.php HTTP/1.1" 200 9093 "http://mail.cup.com/nag/task.php?actionID=add_task" "Mozilla/5.0 (X11; Ubuntu; Linux x86_64; rv:73.0) Gecko/20100101 Firefox/73.0"
192.168.10.4 - - [29/Feb/2020:07:30:55 +0000] "POST /mnemo/memo.php HTTP/1.1" 302 413 "http://mail.cup.com/mnemo/memo.php?actionID=add_memo" "Mozilla/5.0 (X11; Ubuntu; Linux x86_64; rv:73.0) Gecko/20100101 Firefox/73.0"
192.168.10.4 - - [29/Feb/2020:07:30:55 +0000] "GET /mnemo/list.php HTTP/1.1" 200 5594 "http://mail.cup.com/mnemo/memo.php?actionID=add_memo" "Mozilla/5.0 (X11; Ubuntu; Linux x86_64; rv:73.0) Gecko/20100101 Firefox/73.0"
192.168.10.200 - - [29/Feb/2020:07:30:57 +0000] "GET /services/portal/ HTTP/1.1" 200 8056 "http://mail.cup.com/imp/dynamic.php?page=mailbox" "Mozilla/5.0 (X11; Ubuntu; Linux x86_64; rv:73.0) Gecko/20100101 Firefox/73.0"
192.168.10.200 - - [29/Feb/2020:07:31:01 +0000] "GET /kronolith/ HTTP/1.1" 200 24710 "http://mail.cup.com/services/portal/" "Mozilla/5.0 (X11; Ubuntu; Linux x86_64; rv:73.0) Gecko/20100101 Firefox/73.0"
192.168.10.200 - - [29/Feb/2020:07:31:01 +0000] "POST /services/ajax.php/kronolith/listCalendars HTTP/1.1" 200 978 "http://mail.cup.com/kronolith/" "Mozilla/5.0 (X11; Ubuntu; Linux x86_64; rv:73.0) Gecko/20100101 Firefox/73.0"
192.168.10.200 - - [29/Feb/2020:07:31:01 +0000] "POST /services/ajax.php/kronolith/listEvents HTTP/1.1" 200 549 "http://mail.cup.com/kronolith/" "Mozilla/5.0 (X11; Ubuntu; Linux x86_64; rv:73.0) Gecko/20100101 Firefox/73.0"
192.168.10.200 - - [29/Feb/2020:07:31:01 +0000] "POST /services/ajax.php/kronolith/listEvents HTTP/1.1" 200 1552 "http://mail.cup.com/kronolith/" "Mozilla/5.0 (X11; Ubuntu; Linux x86_64; rv:73.0) Gecko/20100101 Firefox/73.0"
192.168.10.190 - - [29/Feb/2020:07:31:03 +0000] "GET /services/portal/ HTTP/1.1" 200 7355 "http://mail.cup.com/nag/list.php" "Mozilla/5.0 (X11; Ubuntu; Linux x86_64; rv:73.0) Gecko/20100101 Firefox/73.0"
192.168.10.190 - - [29/Feb/2020:07:31:06 +0000] "GET /login.php?horde_logout_token=LREquDM-z7HLgWkRw8yB3KA&logout_reason=4 HTTP/1.1" 200 3840 "http://mail.cup.com/services/portal/" "Mozilla/5.0 (X11; Ubuntu; Linux x86_64; rv:73.0) Gecko/20100101 Firefox/73.0"
192.168.10.190 - - [29/Feb/2020:07:31:06 +0000] "GET /themes/default/graphics/horde-power1.png HTTP/1.1" 200 2527 "http://mail.cup.com/login.php?horde_logout_token=LREquDM-z7HLgWkRw8yB3KA&logout_reason=4" "Mozilla/5.0 (X11; Ubuntu; Linux x86_64; rv:73.0) Gecko/20100101 Firefox/73.0"
192.168.10.190 - - [29/Feb/2020:07:31:06 +0000] "GET /js/login.js?v=dc442439853f80a9467ce727c08e9b0e HTTP/1.1" 200 1453 "http://mail.cup.com/login.php?horde_logout_token=LREquDM-z7HLgWkRw8yB3KA&logout_reason=4" "Mozilla/5.0 (X11; Ubuntu; Linux x86_64; rv:73.0) Gecko/20100101 Firefox/73.0"
192.168.10.190 - - [29/Feb/2020:07:31:06 +0000] "GET /imp/js/login.js?v=29c8308baa6508a21e1be9e3345d1287 HTTP/1.1" 200 614 "http://mail.cup.com/login.php?horde_logout_token=LREquDM-z7HLgWkRw8yB3KA&logout_reason=4" "Mozilla/5.0 (X11; Ubuntu; Linux x86_64; rv:73.0) Gecko/20100101 Firefox/73.0"
192.168.10.200 - - [29/Feb/2020:07:31:08 +0000] "POST /services/ajax.php/kronolith/listTopTags HTTP/1.1" 200 451 "http://mail.cup.com/kronolith/" "Mozilla/5.0 (X11; Ubuntu; Linux x86_64; rv:73.0) Gecko/20100101 Firefox/73.0"
192.168.10.4 - - [29/Feb/2020:07:31:10 +0000] "GET /services/portal/ HTTP/1.1" 200 6132 "http://mail.cup.com/nag/list.php" "Mozilla/5.0 (X11; Linux x86_64) AppleWebKit/537.36 (KHTML, like Gecko) Ubuntu Chromium/77.0.3865.90 HeadlessChrome/77.0.3865.90 Safari/537.36"
::1 - - [29/Feb/2020:07:31:13 +0000] "OPTIONS * HTTP/1.0" 200 110 "-" "Apache/2.4.25 (Debian) OpenSSL/1.0.2u (internal dummy connection)"
::1 - - [29/Feb/2020:07:31:14 +0000] "OPTIONS * HTTP/1.0" 200 110 "-" "Apache/2.4.25 (Debian) OpenSSL/1.0.2u (internal dummy connection)"
::1 - - [29/Feb/2020:07:31:15 +0000] "OPTIONS * HTTP/1.0" 200 110 "-" "Apache/2.4.25 (Debian) OpenSSL/1.0.2u (internal dummy connection)"
192.168.10.4 - - [29/Feb/2020:07:31:16 +0000] "GET /nag/ HTTP/1.1" 200 5222 "http://mail.cup.com/services/portal/" "Mozilla/5.0 (X11; Linux x86_64) AppleWebKit/537.36 (KHTML, like Gecko) Ubuntu Chromium/77.0.3865.90 HeadlessChrome/77.0.3865.90 Safari/537.36"
::1 - - [29/Feb/2020:07:31:16 +0000] "OPTIONS * HTTP/1.0" 200 110 "-" "Apache/2.4.25 (Debian) OpenSSL/1.0.2u (internal dummy connection)"
::1 - - [29/Feb/2020:07:31:17 +0000] "OPTIONS * HTTP/1.0" 200 110 "-" "Apache/2.4.25 (Debian) OpenSSL/1.0.2u (internal dummy connection)"
192.168.10.190 - - [29/Feb/2020:07:31:21 +0000] "GET /services/portal/ HTTP/1.1" 200 6080 "http://mail.cup.com/nag/list.php" "Mozilla/5.0 (X11; Linux x86_64) AppleWebKit/537.36 (KHTML, like Gecko) Ubuntu Chromium/77.0.3865.90 HeadlessChrome/77.0.3865.90 Safari/537.36"
192.168.10.190 - - [29/Feb/2020:07:31:26 +0000] "GET /services/prefs.php?app=horde HTTP/1.1" 200 3653 "http://mail.cup.com/services/portal/" "Mozilla/5.0 (X11; Linux x86_64) AppleWebKit/537.36 (KHTML, like Gecko) Ubuntu Chromium/77.0.3865.90 HeadlessChrome/77.0.3865.90 Safari/537.36"
192.168.10.238 - - [29/Feb/2020:07:31:26 +0000] "GET /services/portal/ HTTP/1.1" 200 7882 "http://mail.cup.com/nag/list.php" "Mozilla/5.0 (X11; Ubuntu; Linux x86_64; rv:73.0) Gecko/20100101 Firefox/73.0"
192.168.10.4 - - [29/Feb/2020:07:31:28 +0000] "GET /services/portal/ HTTP/1.1" 200 6832 "http://mail.cup.com/mnemo/list.php" "Mozilla/5.0 (X11; Ubuntu; Linux x86_64; rv:73.0) Gecko/20100101 Firefox/73.0"
192.168.10.190 - - [29/Feb/2020:07:31:29 +0000] "GET /services/prefs.php?app=horde&group=identities HTTP/1.1" 200 4578 "http://mail.cup.com/services/prefs.php?app=horde" "Mozilla/5.0 (X11; Linux x86_64) AppleWebKit/537.36 (KHTML, like Gecko) Ubuntu Chromium/77.0.3865.90 HeadlessChrome/77.0.3865.90 Safari/537.36"
192.168.10.190 - - [29/Feb/2020:07:31:31 +0000] "POST /services/prefs.php HTTP/1.1" 200 4605 "http://mail.cup.com/services/prefs.php?app=horde&group=identities" "Mozilla/5.0 (X11; Linux x86_64) AppleWebKit/537.36 (KHTML, like Gecko) Ubuntu Chromium/77.0.3865.90 HeadlessChrome/77.0.3865.90 Safari/537.36"
192.168.10.4 - - [29/Feb/2020:07:31:32 +0000] "GET /mnemo/ HTTP/1.1" 200 5474 "http://mail.cup.com/services/portal/" "Mozilla/5.0 (X11; Ubuntu; Linux x86_64; rv:73.0) Gecko/20100101 Firefox/73.0"
192.168.10.238 - - [29/Feb/2020:07:31:33 +0000] "GET /imp/dynamic.php?page=mailbox HTTP/1.1" 200 8752 "http://mail.cup.com/services/portal/" "Mozilla/5.0 (X11; Ubuntu; Linux x86_64; rv:73.0) Gecko/20100101 Firefox/73.0"
192.168.10.200 - - [29/Feb/2020:07:31:34 +0000] "POST /services/ajax.php/kronolith/saveEvent HTTP/1.1" 200 643 "http://mail.cup.com/kronolith/" "Mozilla/5.0 (X11; Ubuntu; Linux x86_64; rv:73.0) Gecko/20100101 Firefox/73.0"
192.168.10.238 - - [29/Feb/2020:07:31:34 +0000] "POST /services/ajax.php/imp/dynamicInit HTTP/1.1" 200 1411 "http://mail.cup.com/imp/dynamic.php?page=mailbox" "Mozilla/5.0 (X11; Ubuntu; Linux x86_64; rv:73.0) Gecko/20100101 Firefox/73.0"
192.168.10.190 - - [29/Feb/2020:07:31:37 +0000] "GET /services/prefs.php?app=horde HTTP/1.1" 200 3656 "http://mail.cup.com/services/prefs.php" "Mozilla/5.0 (X11; Linux x86_64) AppleWebKit/537.36 (KHTML, like Gecko) Ubuntu Chromium/77.0.3865.90 HeadlessChrome/77.0.3865.90 Safari/537.36"
::1 - - [29/Feb/2020:07:31:39 +0000] "OPTIONS * HTTP/1.0" 200 110 "-" "Apache/2.4.25 (Debian) OpenSSL/1.0.2u (internal dummy connection)"
192.168.10.190 - - [29/Feb/2020:07:31:39 +0000] "GET /services/prefs.php?app=imp HTTP/1.1" 200 4026 "http://mail.cup.com/services/prefs.php?app=horde" "Mozilla/5.0 (X11; Linux x86_64) AppleWebKit/537.36 (KHTML, like Gecko) Ubuntu Chromium/77.0.3865.90 HeadlessChrome/77.0.3865.90 Safari/537.36"
192.168.10.238 - - [29/Feb/2020:07:31:42 +0000] "POST /services/ajax.php/imp/viewPort HTTP/1.1" 200 778 "http://mail.cup.com/imp/dynamic.php?page=mailbox" "Mozilla/5.0 (X11; Ubuntu; Linux x86_64; rv:73.0) Gecko/20100101 Firefox/73.0"
192.168.10.190 - - [29/Feb/2020:07:31:42 +0000] "GET /services/prefs.php?app=imp&group=delmove HTTP/1.1" 200 5541 "http://mail.cup.com/services/prefs.php?app=imp" "Mozilla/5.0 (X11; Linux x86_64) AppleWebKit/537.36 (KHTML, like Gecko) Ubuntu Chromium/77.0.3865.90 HeadlessChrome/77.0.3865.90 Safari/537.36"
192.168.10.200 - - [29/Feb/2020:07:31:43 +0000] "GET /services/portal/ HTTP/1.1" 200 8058 "http://mail.cup.com/kronolith/" "Mozilla/5.0 (X11; Ubuntu; Linux x86_64; rv:73.0) Gecko/20100101 Firefox/73.0"
192.168.10.200 - - [29/Feb/2020:07:31:48 +0000] "GET /imp/dynamic.php?page=mailbox HTTP/1.1" 200 8753 "http://mail.cup.com/services/portal/" "Mozilla/5.0 (X11; Ubuntu; Linux x86_64; rv:73.0) Gecko/20100101 Firefox/73.0"
192.168.10.190 - - [29/Feb/2020:07:31:48 +0000] "POST /services/prefs.php HTTP/1.1" 200 5639 "http://mail.cup.com/services/prefs.php?app=imp&group=delmove" "Mozilla/5.0 (X11; Linux x86_64) AppleWebKit/537.36 (KHTML, like Gecko) Ubuntu Chromium/77.0.3865.90 HeadlessChrome/77.0.3865.90 Safari/537.36"
192.168.10.200 - - [29/Feb/2020:07:31:48 +0000] "POST /services/ajax.php/imp/dynamicInit HTTP/1.1" 200 1524 "http://mail.cup.com/imp/dynamic.php?page=mailbox" "Mozilla/5.0 (X11; Ubuntu; Linux x86_64; rv:73.0) Gecko/20100101 Firefox/73.0"
192.168.10.238 - - [29/Feb/2020:07:31:48 +0000] "GET /imp/dynamic.php?page=compose&type=new&token=6CXZ3nEEdD06SYEj4TAeAOS&uniq=1582961508525 HTTP/1.1" 200 5535 "http://mail.cup.com/imp/dynamic.php?page=mailbox" "Mozilla/5.0 (X11; Ubuntu; Linux x86_64; rv:73.0) Gecko/20100101 Firefox/73.0"
192.168.10.238 - - [29/Feb/2020:07:31:49 +0000] "GET /imp/js/ckeditor/imageupload.js?v=29c8308baa6508a21e1be9e3345d1287 HTTP/1.1" 200 1201 "http://mail.cup.com/imp/dynamic.php?page=compose&type=new&token=6CXZ3nEEdD06SYEj4TAeAOS&uniq=1582961508525" "Mozilla/5.0 (X11; Ubuntu; Linux x86_64; rv:73.0) Gecko/20100101 Firefox/73.0"
192.168.10.238 - - [29/Feb/2020:07:31:49 +0000] "GET /imp/js/ckeditor/imagepoll.js?v=29c8308baa6508a21e1be9e3345d1287 HTTP/1.1" 200 1129 "http://mail.cup.com/imp/dynamic.php?page=compose&type=new&token=6CXZ3nEEdD06SYEj4TAeAOS&uniq=1582961508525" "Mozilla/5.0 (X11; Ubuntu; Linux x86_64; rv:73.0) Gecko/20100101 Firefox/73.0"
192.168.10.238 - - [29/Feb/2020:07:31:49 +0000] "GET /imp/js/editor.js?v=29c8308baa6508a21e1be9e3345d1287 HTTP/1.1" 200 1045 "http://mail.cup.com/imp/dynamic.php?page=compose&type=new&token=6CXZ3nEEdD06SYEj4TAeAOS&uniq=1582961508525" "Mozilla/5.0 (X11; Ubuntu; Linux x86_64; rv:73.0) Gecko/20100101 Firefox/73.0"
192.168.10.238 - - [29/Feb/2020:07:31:49 +0000] "GET /imp/js/draghandler.js?v=29c8308baa6508a21e1be9e3345d1287 HTTP/1.1" 200 1241 "http://mail.cup.com/imp/dynamic.php?page=compose&type=new&token=6CXZ3nEEdD06SYEj4TAeAOS&uniq=1582961508525" "Mozilla/5.0 (X11; Ubuntu; Linux x86_64; rv:73.0) Gecko/20100101 Firefox/73.0"
192.168.10.238 - - [29/Feb/2020:07:31:49 +0000] "GET /imp/js/compose-dimp.js?v=29c8308baa6508a21e1be9e3345d1287 HTTP/1.1" 200 10618 "http://mail.cup.com/imp/dynamic.php?page=compose&type=new&token=6CXZ3nEEdD06SYEj4TAeAOS&uniq=1582961508525" "Mozilla/5.0 (X11; Ubuntu; Linux x86_64; rv:73.0) Gecko/20100101 Firefox/73.0"
192.168.10.238 - - [29/Feb/2020:07:31:49 +0000] "GET /imp/js/prettyautocomplete.js?v=29c8308baa6508a21e1be9e3345d1287 HTTP/1.1" 200 3123 "http://mail.cup.com/imp/dynamic.php?page=compose&type=new&token=6CXZ3nEEdD06SYEj4TAeAOS&uniq=1582961508525" "Mozilla/5.0 (X11; Ubuntu; Linux x86_64; rv:73.0) Gecko/20100101 Firefox/73.0"
192.168.10.238 - - [29/Feb/2020:07:31:49 +0000] "GET /imp/js/compose-base.js?v=29c8308baa6508a21e1be9e3345d1287 HTTP/1.1" 200 2168 "http://mail.cup.com/imp/dynamic.php?page=compose&type=new&token=6CXZ3nEEdD06SYEj4TAeAOS&uniq=1582961508525" "Mozilla/5.0 (X11; Ubuntu; Linux x86_64; rv:73.0) Gecko/20100101 Firefox/73.0"
192.168.10.238 - - [29/Feb/2020:07:31:49 +0000] "GET /js/ckeditor/ckeditor_basic.js HTTP/1.1" 200 3293 "http://mail.cup.com/imp/dynamic.php?page=compose&type=new&token=6CXZ3nEEdD06SYEj4TAeAOS&uniq=1582961508525" "Mozilla/5.0 (X11; Ubuntu; Linux x86_64; rv:73.0) Gecko/20100101 Firefox/73.0"
192.168.10.238 - - [29/Feb/2020:07:31:49 +0000] "GET /imp/themes/default/graphics/drafts.png HTTP/1.1" 200 748 "http://mail.cup.com/imp/themes/default/dynamic/screen.css" "Mozilla/5.0 (X11; Ubuntu; Linux x86_64; rv:73.0) Gecko/20100101 Firefox/73.0"
192.168.10.238 - - [29/Feb/2020:07:31:49 +0000] "GET /imp/themes/default/graphics/close.png HTTP/1.1" 200 757 "http://mail.cup.com/imp/themes/default/screen.css" "Mozilla/5.0 (X11; Ubuntu; Linux x86_64; rv:73.0) Gecko/20100101 Firefox/73.0"
192.168.10.238 - - [29/Feb/2020:07:31:49 +0000] "GET /imp/themes/default/graphics/forward.png HTTP/1.1" 200 520 "http://mail.cup.com/imp/themes/default/dynamic/screen.css" "Mozilla/5.0 (X11; Ubuntu; Linux x86_64; rv:73.0) Gecko/20100101 Firefox/73.0"
192.168.10.238 - - [29/Feb/2020:07:31:49 +0000] "GET /imp/themes/default/graphics/attachment.png HTTP/1.1" 200 813 "http://mail.cup.com/imp/themes/default/dynamic/screen.css" "Mozilla/5.0 (X11; Ubuntu; Linux x86_64; rv:73.0) Gecko/20100101 Firefox/73.0"
192.168.10.190 - - [29/Feb/2020:07:31:53 +0000] "POST /services/prefs.php HTTP/1.1" 200 5635 "http://mail.cup.com/services/prefs.php" "Mozilla/5.0 (X11; Linux x86_64) AppleWebKit/537.36 (KHTML, like Gecko) Ubuntu Chromium/77.0.3865.90 HeadlessChrome/77.0.3865.90 Safari/537.36"
192.168.10.238 - - [29/Feb/2020:07:31:54 +0000] "GET /imp/themes/default/graphics/delete-small.png HTTP/1.1" 200 392 "http://mail.cup.com/imp/dynamic.php?page=compose&type=new&token=6CXZ3nEEdD06SYEj4TAeAOS&uniq=1582961508525" "Mozilla/5.0 (X11; Ubuntu; Linux x86_64; rv:73.0) Gecko/20100101 Firefox/73.0"
192.168.10.200 - - [29/Feb/2020:07:31:56 +0000] "POST /services/ajax.php/imp/viewPort HTTP/1.1" 200 890 "http://mail.cup.com/imp/dynamic.php?page=mailbox" "Mozilla/5.0 (X11; Ubuntu; Linux x86_64; rv:73.0) Gecko/20100101 Firefox/73.0"
::1 - - [29/Feb/2020:07:32:01 +0000] "OPTIONS * HTTP/1.0" 200 110 "-" "Apache/2.4.25 (Debian) OpenSSL/1.0.2u (internal dummy connection)"
::1 - - [29/Feb/2020:07:32:02 +0000] "OPTIONS * HTTP/1.0" 200 110 "-" "Apache/2.4.25 (Debian) OpenSSL/1.0.2u (internal dummy connection)"
192.168.10.238 - - [29/Feb/2020:07:32:04 +0000] "GET /themes/default/graphics/loading.gif HTTP/1.1" 200 2007 "http://mail.cup.com/themes/default/screen.css" "Mozilla/5.0 (X11; Ubuntu; Linux x86_64; rv:73.0) Gecko/20100101 Firefox/73.0"
192.168.10.238 - - [29/Feb/2020:07:32:04 +0000] "GET /themes/default/graphics/button-active-bg.png HTTP/1.1" 200 368 "http://mail.cup.com/themes/default/screen.css" "Mozilla/5.0 (X11; Ubuntu; Linux x86_64; rv:73.0) Gecko/20100101 Firefox/73.0"
192.168.10.238 - - [29/Feb/2020:07:32:04 +0000] "POST /services/ajax.php/imp/sendMessage HTTP/1.1" 200 482 "http://mail.cup.com/imp/dynamic.php?page=compose&type=new&token=6CXZ3nEEdD06SYEj4TAeAOS&uniq=1582961508525" "Mozilla/5.0 (X11; Ubuntu; Linux x86_64; rv:73.0) Gecko/20100101 Firefox/73.0"
192.168.10.4 - - [29/Feb/2020:07:32:09 +0000] "GET /mnemo/memo.php?actionID=add_memo HTTP/1.1" 200 5980 "http://mail.cup.com/mnemo/" "Mozilla/5.0 (X11; Ubuntu; Linux x86_64; rv:73.0) Gecko/20100101 Firefox/73.0"
192.168.10.4 - - [29/Feb/2020:07:32:14 +0000] "POST /services/ajax.php/horde/imple?token=4fmMHjXBt-c6Q1T23MQs2iV&app=mnemo&imple=Mnemo_Ajax_Imple_TagAutoCompleter&input=memo_tags HTTP/1.1" 200 371 "http://mail.cup.com/mnemo/memo.php?actionID=add_memo" "Mozilla/5.0 (X11; Ubuntu; Linux x86_64; rv:73.0) Gecko/20100101 Firefox/73.0"
192.168.10.238 - - [29/Feb/2020:07:32:16 +0000] "GET /services/portal/ HTTP/1.1" 200 7311 "http://mail.cup.com/mnemo/" "Mozilla/5.0 (X11; Ubuntu; Linux x86_64; rv:73.0) Gecko/20100101 Firefox/73.0"
192.168.10.4 - - [29/Feb/2020:07:32:17 +0000] "POST /mnemo/memo.php HTTP/1.1" 302 413 "http://mail.cup.com/mnemo/memo.php?actionID=add_memo" "Mozilla/5.0 (X11; Ubuntu; Linux x86_64; rv:73.0) Gecko/20100101 Firefox/73.0"
192.168.10.4 - - [29/Feb/2020:07:32:17 +0000] "GET /mnemo/list.php HTTP/1.1" 200 5701 "http://mail.cup.com/mnemo/memo.php?actionID=add_memo" "Mozilla/5.0 (X11; Ubuntu; Linux x86_64; rv:73.0) Gecko/20100101 Firefox/73.0"
192.168.10.238 - - [29/Feb/2020:07:32:19 +0000] "GET /nag/ HTTP/1.1" 200 8575 "http://mail.cup.com/services/portal/" "Mozilla/5.0 (X11; Ubuntu; Linux x86_64; rv:73.0) Gecko/20100101 Firefox/73.0"
::1 - - [29/Feb/2020:07:32:25 +0000] "OPTIONS * HTTP/1.0" 200 110 "-" "Apache/2.4.25 (Debian) OpenSSL/1.0.2u (internal dummy connection)"
192.168.10.190 - - [29/Feb/2020:07:32:26 +0000] "GET /services/portal/ HTTP/1.1" 200 6075 "http://mail.cup.com/services/prefs.php" "Mozilla/5.0 (X11; Linux x86_64) AppleWebKit/537.36 (KHTML, like Gecko) Ubuntu Chromium/77.0.3865.90 HeadlessChrome/77.0.3865.90 Safari/537.36"
192.168.10.190 - - [29/Feb/2020:07:32:29 +0000] "GET /imp/dynamic.php?page=mailbox HTTP/1.1" 200 8751 "http://mail.cup.com/services/portal/" "Mozilla/5.0 (X11; Linux x86_64) AppleWebKit/537.36 (KHTML, like Gecko) Ubuntu Chromium/77.0.3865.90 HeadlessChrome/77.0.3865.90 Safari/537.36"
192.168.10.190 - - [29/Feb/2020:07:32:30 +0000] "POST /services/ajax.php/imp/dynamicInit HTTP/1.1" 200 1579 "http://mail.cup.com/imp/dynamic.php?page=mailbox" "Mozilla/5.0 (X11; Linux x86_64) AppleWebKit/537.36 (KHTML, like Gecko) Ubuntu Chromium/77.0.3865.90 HeadlessChrome/77.0.3865.90 Safari/537.36"
192.168.10.190 - - [29/Feb/2020:07:32:30 +0000] "GET /imp/themes/default/graphics/flags/answered.png HTTP/1.1" 200 399 "http://mail.cup.com/imp/themes/default/screen.css" "Mozilla/5.0 (X11; Linux x86_64) AppleWebKit/537.36 (KHTML, like Gecko) Ubuntu Chromium/77.0.3865.90 HeadlessChrome/77.0.3865.90 Safari/537.36"
192.168.10.200 - - [29/Feb/2020:07:32:31 +0000] "GET /services/portal/ HTTP/1.1" 200 8092 "http://mail.cup.com/imp/dynamic.php?page=mailbox" "Mozilla/5.0 (X11; Ubuntu; Linux x86_64; rv:73.0) Gecko/20100101 Firefox/73.0"
192.168.10.190 - - [29/Feb/2020:07:32:34 +0000] "POST /services/ajax.php/imp/viewPort HTTP/1.1" 200 943 "http://mail.cup.com/imp/dynamic.php?page=mailbox" "Mozilla/5.0 (X11; Linux x86_64) AppleWebKit/537.36 (KHTML, like Gecko) Ubuntu Chromium/77.0.3865.90 HeadlessChrome/77.0.3865.90 Safari/537.36"
192.168.10.190 - - [29/Feb/2020:07:32:36 +0000] "POST /services/ajax.php/imp/showMessage HTTP/1.1" 200 3327 "http://mail.cup.com/imp/dynamic.php?page=mailbox" "Mozilla/5.0 (X11; Linux x86_64) AppleWebKit/537.36 (KHTML, like Gecko) Ubuntu Chromium/77.0.3865.90 HeadlessChrome/77.0.3865.90 Safari/537.36"
192.168.10.190 - - [29/Feb/2020:07:32:36 +0000] "GET /imp/view.php?imp_img_view=view_thumbnail&actionID=view_attach&id=2&muid=%7B5%7DINBOX4&view_token=61HFDMdVTt_WGWn_uQo0NKY HTTP/1.1" 200 899 "http://mail.cup.com/imp/dynamic.php?page=mailbox" "Mozilla/5.0 (X11; Linux x86_64) AppleWebKit/537.36 (KHTML, like Gecko) Ubuntu Chromium/77.0.3865.90 HeadlessChrome/77.0.3865.90 Safari/537.36"
192.168.10.200 - - [29/Feb/2020:07:32:36 +0000] "GET /kronolith/ HTTP/1.1" 200 24711 "http://mail.cup.com/services/portal/" "Mozilla/5.0 (X11; Ubuntu; Linux x86_64; rv:73.0) Gecko/20100101 Firefox/73.0"
192.168.10.200 - - [29/Feb/2020:07:32:37 +0000] "POST /services/ajax.php/kronolith/listCalendars HTTP/1.1" 200 978 "http://mail.cup.com/kronolith/" "Mozilla/5.0 (X11; Ubuntu; Linux x86_64; rv:73.0) Gecko/20100101 Firefox/73.0"
192.168.10.200 - - [29/Feb/2020:07:32:37 +0000] "POST /services/ajax.php/kronolith/listEvents HTTP/1.1" 200 549 "http://mail.cup.com/kronolith/" "Mozilla/5.0 (X11; Ubuntu; Linux x86_64; rv:73.0) Gecko/20100101 Firefox/73.0"
192.168.10.200 - - [29/Feb/2020:07:32:37 +0000] "POST /services/ajax.php/kronolith/listEvents HTTP/1.1" 200 1648 "http://mail.cup.com/kronolith/" "Mozilla/5.0 (X11; Ubuntu; Linux x86_64; rv:73.0) Gecko/20100101 Firefox/73.0"
192.168.10.190 - - [29/Feb/2020:07:32:38 +0000] "GET /imp/themes/default/graphics/flags/deleted-inv.png HTTP/1.1" 200 444 "http://mail.cup.com/imp/themes/default/dynamic/screen.css" "Mozilla/5.0 (X11; Linux x86_64) AppleWebKit/537.36 (KHTML, like Gecko) Ubuntu Chromium/77.0.3865.90 HeadlessChrome/77.0.3865.90 Safari/537.36"
192.168.10.190 - - [29/Feb/2020:07:32:38 +0000] "POST /services/ajax.php/imp/deleteMessages HTTP/1.1" 200 544 "http://mail.cup.com/imp/dynamic.php?page=mailbox" "Mozilla/5.0 (X11; Linux x86_64) AppleWebKit/537.36 (KHTML, like Gecko) Ubuntu Chromium/77.0.3865.90 HeadlessChrome/77.0.3865.90 Safari/537.36"
192.168.10.190 - - [29/Feb/2020:07:32:38 +0000] "GET /imp/themes/default/graphics/flags/deleted.png HTTP/1.1" 200 442 "http://mail.cup.com/imp/themes/default/screen.css" "Mozilla/5.0 (X11; Linux x86_64) AppleWebKit/537.36 (KHTML, like Gecko) Ubuntu Chromium/77.0.3865.90 HeadlessChrome/77.0.3865.90 Safari/537.36"
192.168.10.238 - - [29/Feb/2020:07:32:43 +0000] "GET /services/portal/ HTTP/1.1" 200 7875 "http://mail.cup.com/imp/dynamic.php?page=mailbox" "Mozilla/5.0 (X11; Ubuntu; Linux x86_64; rv:73.0) Gecko/20100101 Firefox/73.0"
192.168.10.200 - - [29/Feb/2020:07:32:44 +0000] "POST /services/ajax.php/kronolith/listTopTags HTTP/1.1" 200 451 "http://mail.cup.com/kronolith/" "Mozilla/5.0 (X11; Ubuntu; Linux x86_64; rv:73.0) Gecko/20100101 Firefox/73.0"
192.168.10.238 - - [29/Feb/2020:07:32:48 +0000] "GET /nag/ HTTP/1.1" 200 8990 "http://mail.cup.com/services/portal/" "Mozilla/5.0 (X11; Ubuntu; Linux x86_64; rv:73.0) Gecko/20100101 Firefox/73.0"
192.168.10.238 - - [29/Feb/2020:07:32:48 +0000] "GET /themes/default/graphics/tab.png HTTP/1.1" 200 375 "http://mail.cup.com/themes/default/screen.css" "Mozilla/5.0 (X11; Ubuntu; Linux x86_64; rv:73.0) Gecko/20100101 Firefox/73.0"
192.168.10.4 - - [29/Feb/2020:07:32:51 +0000] "GET /services/portal/ HTTP/1.1" 200 6921 "http://mail.cup.com/mnemo/list.php" "Mozilla/5.0 (X11; Ubuntu; Linux x86_64; rv:73.0) Gecko/20100101 Firefox/73.0"
192.168.10.4 - - [29/Feb/2020:07:32:54 +0000] "GET /themes/default/graphics/navi-subnavi.png HTTP/1.1" 200 474 "http://mail.cup.com/themes/default/screen.css" "Mozilla/5.0 (X11; Ubuntu; Linux x86_64; rv:73.0) Gecko/20100101 Firefox/73.0"
192.168.10.4 - - [29/Feb/2020:07:32:56 +0000] "GET /services/portal/ HTTP/1.1" 200 6132 "http://mail.cup.com/nag/" "Mozilla/5.0 (X11; Linux x86_64) AppleWebKit/537.36 (KHTML, like Gecko) Ubuntu Chromium/77.0.3865.90 HeadlessChrome/77.0.3865.90 Safari/537.36"
192.168.10.238 - - [29/Feb/2020:07:32:57 +0000] "GET /nag/task.php?tasklist=-pl83oAo_w3FoK90ntDeC5s&task=Ukb_xELpPpi02lJ6VHWJb7x&actionID=modify_task&have_search&tab_name=1&url=%2Fnag%2F HTTP/1.1" 200 9182 "http://mail.cup.com/nag/" "Mozilla/5.0 (X11; Ubuntu; Linux x86_64; rv:73.0) Gecko/20100101 Firefox/73.0"
192.168.10.238 - - [29/Feb/2020:07:32:57 +0000] "GET /themes/default/graphics/button-delete.png HTTP/1.1" 200 384 "http://mail.cup.com/themes/default/screen.css" "Mozilla/5.0 (X11; Ubuntu; Linux x86_64; rv:73.0) Gecko/20100101 Firefox/73.0"
192.168.10.4 - - [29/Feb/2020:07:32:58 +0000] "GET /services/prefs.php?app=horde HTTP/1.1" 200 3656 "http://mail.cup.com/services/portal/" "Mozilla/5.0 (X11; Ubuntu; Linux x86_64; rv:73.0) Gecko/20100101 Firefox/73.0"
192.168.10.4 - - [29/Feb/2020:07:32:58 +0000] "GET /themes/default/graphics/button.png HTTP/1.1" 200 373 "http://mail.cup.com/themes/default/screen.css" "Mozilla/5.0 (X11; Ubuntu; Linux x86_64; rv:73.0) Gecko/20100101 Firefox/73.0"
192.168.10.238 - - [29/Feb/2020:07:33:00 +0000] "POST /nag/task/save.php HTTP/1.1" 302 412 "http://mail.cup.com/nag/task.php?tasklist=-pl83oAo_w3FoK90ntDeC5s&task=Ukb_xELpPpi02lJ6VHWJb7x&actionID=modify_task&have_search&tab_name=1&url=%2Fnag%2F" "Mozilla/5.0 (X11; Ubuntu; Linux x86_64; rv:73.0) Gecko/20100101 Firefox/73.0"
192.168.10.238 - - [29/Feb/2020:07:33:00 +0000] "GET /nag/list.php HTTP/1.1" 200 8575 "http://mail.cup.com/nag/task.php?tasklist=-pl83oAo_w3FoK90ntDeC5s&task=Ukb_xELpPpi02lJ6VHWJb7x&actionID=modify_task&have_search&tab_name=1&url=%2Fnag%2F" "Mozilla/5.0 (X11; Ubuntu; Linux x86_64; rv:73.0) Gecko/20100101 Firefox/73.0"
192.168.10.4 - - [29/Feb/2020:07:33:00 +0000] "GET /mnemo/ HTTP/1.1" 200 5888 "http://mail.cup.com/services/portal/" "Mozilla/5.0 (X11; Linux x86_64) AppleWebKit/537.36 (KHTML, like Gecko) Ubuntu Chromium/77.0.3865.90 HeadlessChrome/77.0.3865.90 Safari/537.36"
192.168.10.4 - - [29/Feb/2020:07:33:01 +0000] "GET /services/prefs.php?app=horde&group=identities HTTP/1.1" 200 4578 "http://mail.cup.com/services/prefs.php?app=horde" "Mozilla/5.0 (X11; Ubuntu; Linux x86_64; rv:73.0) Gecko/20100101 Firefox/73.0"
192.168.10.4 - - [29/Feb/2020:07:33:03 +0000] "POST /services/prefs.php HTTP/1.1" 200 4605 "http://mail.cup.com/services/prefs.php?app=horde&group=identities" "Mozilla/5.0 (X11; Ubuntu; Linux x86_64; rv:73.0) Gecko/20100101 Firefox/73.0"
192.168.10.200 - - [29/Feb/2020:07:33:06 +0000] "POST /services/ajax.php/kronolith/saveEvent HTTP/1.1" 200 648 "http://mail.cup.com/kronolith/" "Mozilla/5.0 (X11; Ubuntu; Linux x86_64; rv:73.0) Gecko/20100101 Firefox/73.0"
192.168.10.190 - - [29/Feb/2020:07:33:11 +0000] "GET /services/portal/ HTTP/1.1" 200 6074 "http://mail.cup.com/imp/dynamic.php?page=mailbox" "Mozilla/5.0 (X11; Linux x86_64) AppleWebKit/537.36 (KHTML, like Gecko) Ubuntu Chromium/77.0.3865.90 HeadlessChrome/77.0.3865.90 Safari/537.36"
192.168.10.4 - - [29/Feb/2020:07:33:11 +0000] "GET /services/prefs.php?app=horde HTTP/1.1" 200 3656 "http://mail.cup.com/services/prefs.php" "Mozilla/5.0 (X11; Ubuntu; Linux x86_64; rv:73.0) Gecko/20100101 Firefox/73.0"
192.168.10.190 - - [29/Feb/2020:07:33:13 +0000] "GET /mnemo/ HTTP/1.1" 200 3702 "http://mail.cup.com/services/portal/" "Mozilla/5.0 (X11; Linux x86_64) AppleWebKit/537.36 (KHTML, like Gecko) Ubuntu Chromium/77.0.3865.90 HeadlessChrome/77.0.3865.90 Safari/537.36"
192.168.10.4 - - [29/Feb/2020:07:33:15 +0000] "GET /services/prefs.php?app=imp HTTP/1.1" 200 4025 "http://mail.cup.com/services/prefs.php?app=horde" "Mozilla/5.0 (X11; Ubuntu; Linux x86_64; rv:73.0) Gecko/20100101 Firefox/73.0"
192.168.10.200 - - [29/Feb/2020:07:33:15 +0000] "GET /services/portal/ HTTP/1.1" 200 8059 "http://mail.cup.com/kronolith/" "Mozilla/5.0 (X11; Ubuntu; Linux x86_64; rv:73.0) Gecko/20100101 Firefox/73.0"
192.168.10.4 - - [29/Feb/2020:07:33:18 +0000] "GET /services/prefs.php?app=imp&group=delmove HTTP/1.1" 200 5538 "http://mail.cup.com/services/prefs.php?app=imp" "Mozilla/5.0 (X11; Ubuntu; Linux x86_64; rv:73.0) Gecko/20100101 Firefox/73.0"
192.168.10.200 - - [29/Feb/2020:07:33:19 +0000] "GET /nag/ HTTP/1.1" 200 8780 "http://mail.cup.com/services/portal/" "Mozilla/5.0 (X11; Ubuntu; Linux x86_64; rv:73.0) Gecko/20100101 Firefox/73.0"
192.168.10.4 - - [29/Feb/2020:07:33:27 +0000] "POST /services/prefs.php HTTP/1.1" 200 5635 "http://mail.cup.com/services/prefs.php?app=imp&group=delmove" "Mozilla/5.0 (X11; Ubuntu; Linux x86_64; rv:73.0) Gecko/20100101 Firefox/73.0"
192.168.10.238 - - [29/Feb/2020:07:33:29 +0000] "GET /nag/task.php?actionID=add_task HTTP/1.1" 200 9167 "http://mail.cup.com/nag/" "Mozilla/5.0 (X11; Ubuntu; Linux x86_64; rv:73.0) Gecko/20100101 Firefox/73.0"
192.168.10.4 - - [29/Feb/2020:07:33:32 +0000] "POST /services/prefs.php HTTP/1.1" 200 5634 "http://mail.cup.com/services/prefs.php" "Mozilla/5.0 (X11; Ubuntu; Linux x86_64; rv:73.0) Gecko/20100101 Firefox/73.0"
192.168.10.238 - - [29/Feb/2020:07:33:34 +0000] "GET /services/portal/ HTTP/1.1" 200 7235 "http://mail.cup.com/nag/list.php" "Mozilla/5.0 (X11; Ubuntu; Linux x86_64; rv:73.0) Gecko/20100101 Firefox/73.0"
192.168.10.4 - - [29/Feb/2020:07:33:39 +0000] "GET /mnemo/memo.php?memo=QI62QeGRNInehlczZEQYwhf&memolist=89RgPWJTIBGclaMthwQqH1S&actionID=modify_memo HTTP/1.1" 200 6114 "http://mail.cup.com/mnemo/" "Mozilla/5.0 (X11; Linux x86_64) AppleWebKit/537.36 (KHTML, like Gecko) Ubuntu Chromium/77.0.3865.90 HeadlessChrome/77.0.3865.90 Safari/537.36"
192.168.10.238 - - [29/Feb/2020:07:33:39 +0000] "GET /imp/dynamic.php?page=mailbox HTTP/1.1" 200 8745 "http://mail.cup.com/services/portal/" "Mozilla/5.0 (X11; Ubuntu; Linux x86_64; rv:73.0) Gecko/20100101 Firefox/73.0"
192.168.10.238 - - [29/Feb/2020:07:33:39 +0000] "GET /imp/themes/default/mime.css HTTP/1.1" 200 456 "http://mail.cup.com/imp/dynamic.php?page=mailbox" "Mozilla/5.0 (X11; Ubuntu; Linux x86_64; rv:73.0) Gecko/20100101 Firefox/73.0"
192.168.10.238 - - [29/Feb/2020:07:33:39 +0000] "POST /services/ajax.php/imp/dynamicInit HTTP/1.1" 200 1512 "http://mail.cup.com/imp/dynamic.php?page=mailbox" "Mozilla/5.0 (X11; Ubuntu; Linux x86_64; rv:73.0) Gecko/20100101 Firefox/73.0"
192.168.10.238 - - [29/Feb/2020:07:33:40 +0000] "GET /imp/themes/default/graphics/flags/personal.png HTTP/1.1" 200 453 "http://mail.cup.com/imp/themes/default/screen.css" "Mozilla/5.0 (X11; Ubuntu; Linux x86_64; rv:73.0) Gecko/20100101 Firefox/73.0"
192.168.10.238 - - [29/Feb/2020:07:33:40 +0000] "GET /imp/themes/default/graphics/flags/unseen.png HTTP/1.1" 200 474 "http://mail.cup.com/imp/themes/default/screen.css" "Mozilla/5.0 (X11; Ubuntu; Linux x86_64; rv:73.0) Gecko/20100101 Firefox/73.0"
192.168.10.238 - - [29/Feb/2020:07:33:40 +0000] "GET /imp/themes/default/graphics/folders/sent.png HTTP/1.1" 200 692 "http://mail.cup.com/imp/themes/default/screen.css" "Mozilla/5.0 (X11; Ubuntu; Linux x86_64; rv:73.0) Gecko/20100101 Firefox/73.0"
192.168.10.238 - - [29/Feb/2020:07:33:41 +0000] "POST /services/ajax.php/horde/imple?token=6CXZ3nEEdD06SYEj4TAeAOS&app=nag&imple=Nag_Ajax_Imple_TagAutoCompleter&input=tags HTTP/1.1" 200 371 "http://mail.cup.com/nag/task.php?actionID=add_task" "Mozilla/5.0 (X11; Ubuntu; Linux x86_64; rv:73.0) Gecko/20100101 Firefox/73.0"
192.168.10.4 - - [29/Feb/2020:07:33:43 +0000] "GET /mnemo/memo.php?memo=QI62QeGRNInehlczZEQYwhf&memolist=89RgPWJTIBGclaMthwQqH1S&actionID=delete_memos HTTP/1.1" 302 413 "http://mail.cup.com/mnemo/memo.php?memo=QI62QeGRNInehlczZEQYwhf&memolist=89RgPWJTIBGclaMthwQqH1S&actionID=modify_memo" "Mozilla/5.0 (X11; Linux x86_64) AppleWebKit/537.36 (KHTML, like Gecko) Ubuntu Chromium/77.0.3865.90 HeadlessChrome/77.0.3865.90 Safari/537.36"
192.168.10.4 - - [29/Feb/2020:07:33:43 +0000] "GET /mnemo/list.php HTTP/1.1" 200 5890 "http://mail.cup.com/mnemo/memo.php?memo=QI62QeGRNInehlczZEQYwhf&memolist=89RgPWJTIBGclaMthwQqH1S&actionID=modify_memo" "Mozilla/5.0 (X11; Linux x86_64) AppleWebKit/537.36 (KHTML, like Gecko) Ubuntu Chromium/77.0.3865.90 HeadlessChrome/77.0.3865.90 Safari/537.36"
192.168.10.238 - - [29/Feb/2020:07:33:47 +0000] "GET /themes/default/graphics/za.png HTTP/1.1" 200 526 "http://mail.cup.com/themes/default/screen.css" "Mozilla/5.0 (X11; Ubuntu; Linux x86_64; rv:73.0) Gecko/20100101 Firefox/73.0"
192.168.10.238 - - [29/Feb/2020:07:33:47 +0000] "POST /services/ajax.php/imp/viewPort HTTP/1.1" 200 870 "http://mail.cup.com/imp/dynamic.php?page=mailbox" "Mozilla/5.0 (X11; Ubuntu; Linux x86_64; rv:73.0) Gecko/20100101 Firefox/73.0"
192.168.10.238 - - [29/Feb/2020:07:33:50 +0000] "GET /imp/themes/default/graphics/checkbox_on.png HTTP/1.1" 200 745 "http://mail.cup.com/imp/themes/default/dynamic/screen.css" "Mozilla/5.0 (X11; Ubuntu; Linux x86_64; rv:73.0) Gecko/20100101 Firefox/73.0"
192.168.10.238 - - [29/Feb/2020:07:33:50 +0000] "GET /imp/themes/default/graphics/flags/personal-inv.png HTTP/1.1" 200 459 "http://mail.cup.com/imp/themes/default/dynamic/screen.css" "Mozilla/5.0 (X11; Ubuntu; Linux x86_64; rv:73.0) Gecko/20100101 Firefox/73.0"
192.168.10.238 - - [29/Feb/2020:07:33:50 +0000] "GET /imp/themes/default/graphics/flags/unseen-inv.png HTTP/1.1" 200 480 "http://mail.cup.com/imp/themes/default/dynamic/screen.css" "Mozilla/5.0 (X11; Ubuntu; Linux x86_64; rv:73.0) Gecko/20100101 Firefox/73.0"
192.168.10.238 - - [29/Feb/2020:07:33:50 +0000] "GET /imp/themes/default/graphics/reply.png HTTP/1.1" 200 515 "http://mail.cup.com/imp/themes/default/dynamic/screen.css" "Mozilla/5.0 (X11; Ubuntu; Linux x86_64; rv:73.0) Gecko/20100101 Firefox/73.0"
192.168.10.238 - - [29/Feb/2020:07:33:50 +0000] "GET /imp/themes/default/graphics/delete.png HTTP/1.1" 200 580 "http://mail.cup.com/imp/themes/default/dynamic/screen.css" "Mozilla/5.0 (X11; Ubuntu; Linux x86_64; rv:73.0) Gecko/20100101 Firefox/73.0"
192.168.10.238 - - [29/Feb/2020:07:33:50 +0000] "GET /imp/themes/default/graphics/forward.png HTTP/1.1" 200 520 "http://mail.cup.com/imp/themes/default/dynamic/screen.css" "Mozilla/5.0 (X11; Ubuntu; Linux x86_64; rv:73.0) Gecko/20100101 Firefox/73.0"
192.168.10.238 - - [29/Feb/2020:07:33:50 +0000] "GET /themes/default/graphics/loading.gif HTTP/1.1" 200 2006 "http://mail.cup.com/themes/default/screen.css" "Mozilla/5.0 (X11; Ubuntu; Linux x86_64; rv:73.0) Gecko/20100101 Firefox/73.0"
192.168.10.238 - - [29/Feb/2020:07:33:50 +0000] "POST /services/ajax.php/imp/showMessage HTTP/1.1" 200 2354 "http://mail.cup.com/imp/dynamic.php?page=mailbox" "Mozilla/5.0 (X11; Ubuntu; Linux x86_64; rv:73.0) Gecko/20100101 Firefox/73.0"
192.168.10.238 - - [29/Feb/2020:07:33:50 +0000] "GET /imp/themes/default/graphics/arrow_collapsed.png HTTP/1.1" 200 501 "http://mail.cup.com/imp/themes/default/dynamic/screen.css" "Mozilla/5.0 (X11; Ubuntu; Linux x86_64; rv:73.0) Gecko/20100101 Firefox/73.0"
192.168.10.238 - - [29/Feb/2020:07:33:50 +0000] "GET /imp/themes/default/graphics/plus.png HTTP/1.1" 200 753 "http://mail.cup.com/imp/themes/default/dynamic/screen.css" "Mozilla/5.0 (X11; Ubuntu; Linux x86_64; rv:73.0) Gecko/20100101 Firefox/73.0"
192.168.10.238 - - [29/Feb/2020:07:33:50 +0000] "GET /themes/default/graphics/button.png HTTP/1.1" 200 373 "http://mail.cup.com/themes/default/screen.css" "Mozilla/5.0 (X11; Ubuntu; Linux x86_64; rv:73.0) Gecko/20100101 Firefox/73.0"
192.168.10.238 - - [29/Feb/2020:07:33:50 +0000] "GET /imp/themes/default/graphics/print.png HTTP/1.1" 200 618 "http://mail.cup.com/imp/themes/default/screen.css" "Mozilla/5.0 (X11; Ubuntu; Linux x86_64; rv:73.0) Gecko/20100101 Firefox/73.0"
192.168.10.238 - - [29/Feb/2020:07:33:50 +0000] "GET /imp/themes/default/graphics/download.png HTTP/1.1" 200 565 "http://mail.cup.com/imp/themes/default/screen.css" "Mozilla/5.0 (X11; Ubuntu; Linux x86_64; rv:73.0) Gecko/20100101 Firefox/73.0"
192.168.10.238 - - [29/Feb/2020:07:33:53 +0000] "GET /imp/themes/default/graphics/flags/deleted-inv.png HTTP/1.1" 200 443 "http://mail.cup.com/imp/themes/default/dynamic/screen.css" "Mozilla/5.0 (X11; Ubuntu; Linux x86_64; rv:73.0) Gecko/20100101 Firefox/73.0"
192.168.10.238 - - [29/Feb/2020:07:33:53 +0000] "GET /themes/default/graphics/button-active-bg.png HTTP/1.1" 200 368 "http://mail.cup.com/themes/default/screen.css" "Mozilla/5.0 (X11; Ubuntu; Linux x86_64; rv:73.0) Gecko/20100101 Firefox/73.0"
192.168.10.238 - - [29/Feb/2020:07:33:53 +0000] "POST /services/ajax.php/imp/deleteMessages HTTP/1.1" 200 541 "http://mail.cup.com/imp/dynamic.php?page=mailbox" "Mozilla/5.0 (X11; Ubuntu; Linux x86_64; rv:73.0) Gecko/20100101 Firefox/73.0"
192.168.10.238 - - [29/Feb/2020:07:33:53 +0000] "GET /imp/themes/default/graphics/flags/deleted.png HTTP/1.1" 200 442 "http://mail.cup.com/imp/themes/default/screen.css" "Mozilla/5.0 (X11; Ubuntu; Linux x86_64; rv:73.0) Gecko/20100101 Firefox/73.0"
192.168.10.200 - - [29/Feb/2020:07:33:55 +0000] "GET /nag/task.php?actionID=add_task HTTP/1.1" 200 9124 "http://mail.cup.com/nag/" "Mozilla/5.0 (X11; Ubuntu; Linux x86_64; rv:73.0) Gecko/20100101 Firefox/73.0"
192.168.10.4 - - [29/Feb/2020:07:34:05 +0000] "GET /services/portal/ HTTP/1.1" 200 6962 "http://mail.cup.com/services/prefs.php" "Mozilla/5.0 (X11; Ubuntu; Linux x86_64; rv:73.0) Gecko/20100101 Firefox/73.0"
192.168.10.4 - - [29/Feb/2020:07:34:06 +0000] "GET /themes/default/graphics/sidebar-new-bg.png HTTP/1.1" 200 383 "http://mail.cup.com/themes/default/screen.css" "Mozilla/5.0 (X11; Ubuntu; Linux x86_64; rv:73.0) Gecko/20100101 Firefox/73.0"
192.168.10.200 - - [29/Feb/2020:07:34:08 +0000] "POST /services/ajax.php/horde/imple?token=-J4OV9ysBNWJ1Nh-BRSnsN5&app=nag&imple=Nag_Ajax_Imple_TagAutoCompleter&input=tags HTTP/1.1" 200 383 "http://mail.cup.com/nag/task.php?actionID=add_task" "Mozilla/5.0 (X11; Ubuntu; Linux x86_64; rv:73.0) Gecko/20100101 Firefox/73.0"
192.168.10.4 - - [29/Feb/2020:07:34:08 +0000] "GET /mnemo/ HTTP/1.1" 200 5583 "http://mail.cup.com/services/portal/" "Mozilla/5.0 (X11; Ubuntu; Linux x86_64; rv:73.0) Gecko/20100101 Firefox/73.0"
192.168.10.4 - - [29/Feb/2020:07:34:08 +0000] "GET /themes/default/graphics/plus-sidebar.png HTTP/1.1" 200 783 "http://mail.cup.com/themes/default/screen.css" "Mozilla/5.0 (X11; Ubuntu; Linux x86_64; rv:73.0) Gecko/20100101 Firefox/73.0"
192.168.10.238 - - [29/Feb/2020:07:34:10 +0000] "POST /nag/task/save.php HTTP/1.1" 302 412 "http://mail.cup.com/nag/task.php?actionID=add_task" "Mozilla/5.0 (X11; Ubuntu; Linux x86_64; rv:73.0) Gecko/20100101 Firefox/73.0"
192.168.10.238 - - [29/Feb/2020:07:34:10 +0000] "GET /nag/list.php HTTP/1.1" 200 9247 "http://mail.cup.com/nag/task.php?actionID=add_task" "Mozilla/5.0 (X11; Ubuntu; Linux x86_64; rv:73.0) Gecko/20100101 Firefox/73.0"
192.168.10.4 - - [29/Feb/2020:07:34:18 +0000] "GET /services/portal/ HTTP/1.1" 200 6047 "http://mail.cup.com/mnemo/list.php" "Mozilla/5.0 (X11; Linux x86_64) AppleWebKit/537.36 (KHTML, like Gecko) Ubuntu Chromium/77.0.3865.90 HeadlessChrome/77.0.3865.90 Safari/537.36"
192.168.10.4 - - [29/Feb/2020:07:34:24 +0000] "GET /nag/ HTTP/1.1" 200 5222 "http://mail.cup.com/services/portal/" "Mozilla/5.0 (X11; Linux x86_64) AppleWebKit/537.36 (KHTML, like Gecko) Ubuntu Chromium/77.0.3865.90 HeadlessChrome/77.0.3865.90 Safari/537.36"
192.168.10.238 - - [29/Feb/2020:07:34:27 +0000] "GET /services/portal/ HTTP/1.1" 200 7218 "http://mail.cup.com/imp/dynamic.php?page=mailbox" "Mozilla/5.0 (X11; Ubuntu; Linux x86_64; rv:73.0) Gecko/20100101 Firefox/73.0"
192.168.10.238 - - [29/Feb/2020:07:34:32 +0000] "GET /nag/ HTTP/1.1" 200 8473 "http://mail.cup.com/services/portal/" "Mozilla/5.0 (X11; Ubuntu; Linux x86_64; rv:73.0) Gecko/20100101 Firefox/73.0"
192.168.10.200 - - [29/Feb/2020:07:34:35 +0000] "POST /nag/task/save.php HTTP/1.1" 302 412 "http://mail.cup.com/nag/task.php?actionID=add_task" "Mozilla/5.0 (X11; Ubuntu; Linux x86_64; rv:73.0) Gecko/20100101 Firefox/73.0"
192.168.10.200 - - [29/Feb/2020:07:34:35 +0000] "GET /nag/list.php HTTP/1.1" 200 8970 "http://mail.cup.com/nag/task.php?actionID=add_task" "Mozilla/5.0 (X11; Ubuntu; Linux x86_64; rv:73.0) Gecko/20100101 Firefox/73.0"
::1 - - [29/Feb/2020:07:34:41 +0000] "OPTIONS * HTTP/1.0" 200 110 "-" "Apache/2.4.25 (Debian) OpenSSL/1.0.2u (internal dummy connection)"
192.168.10.4 - - [29/Feb/2020:07:34:43 +0000] "GET /mnemo/memo.php?memo=4lnaH2bifmDgCNXg2ku5ydF&memolist=NvNRrPKs5COrlFQXGwyjn8g&actionID=modify_memo HTTP/1.1" 200 6105 "http://mail.cup.com/mnemo/" "Mozilla/5.0 (X11; Ubuntu; Linux x86_64; rv:73.0) Gecko/20100101 Firefox/73.0"
192.168.10.238 - - [29/Feb/2020:07:34:44 +0000] "GET /services/portal/ HTTP/1.1" 200 7967 "http://mail.cup.com/nag/list.php" "Mozilla/5.0 (X11; Ubuntu; Linux x86_64; rv:73.0) Gecko/20100101 Firefox/73.0"
192.168.10.4 - - [29/Feb/2020:07:34:47 +0000] "GET /mnemo/memo.php?memo=4lnaH2bifmDgCNXg2ku5ydF&memolist=NvNRrPKs5COrlFQXGwyjn8g&actionID=delete_memos HTTP/1.1" 302 413 "http://mail.cup.com/mnemo/memo.php?memo=4lnaH2bifmDgCNXg2ku5ydF&memolist=NvNRrPKs5COrlFQXGwyjn8g&actionID=modify_memo" "Mozilla/5.0 (X11; Ubuntu; Linux x86_64; rv:73.0) Gecko/20100101 Firefox/73.0"
192.168.10.4 - - [29/Feb/2020:07:34:47 +0000] "GET /mnemo/list.php HTTP/1.1" 200 5584 "http://mail.cup.com/mnemo/memo.php?memo=4lnaH2bifmDgCNXg2ku5ydF&memolist=NvNRrPKs5COrlFQXGwyjn8g&actionID=modify_memo" "Mozilla/5.0 (X11; Ubuntu; Linux x86_64; rv:73.0) Gecko/20100101 Firefox/73.0"
192.168.10.190 - - [29/Feb/2020:07:34:50 +0000] "GET /services/portal/ HTTP/1.1" 200 6075 "http://mail.cup.com/mnemo/" "Mozilla/5.0 (X11; Linux x86_64) AppleWebKit/537.36 (KHTML, like Gecko) Ubuntu Chromium/77.0.3865.90 HeadlessChrome/77.0.3865.90 Safari/537.36"
192.168.10.238 - - [29/Feb/2020:07:34:51 +0000] "GET /kronolith/ HTTP/1.1" 200 24711 "http://mail.cup.com/services/portal/" "Mozilla/5.0 (X11; Ubuntu; Linux x86_64; rv:73.0) Gecko/20100101 Firefox/73.0"
192.168.10.238 - - [29/Feb/2020:07:34:51 +0000] "GET /kronolith/themes/default/screen.css HTTP/1.1" 200 2772 "http://mail.cup.com/kronolith/" "Mozilla/5.0 (X11; Ubuntu; Linux x86_64; rv:73.0) Gecko/20100101 Firefox/73.0"
192.168.10.238 - - [29/Feb/2020:07:34:51 +0000] "GET /kronolith/themes/default/dynamic/screen.css HTTP/1.1" 200 3792 "http://mail.cup.com/kronolith/" "Mozilla/5.0 (X11; Ubuntu; Linux x86_64; rv:73.0) Gecko/20100101 Firefox/73.0"
192.168.10.238 - - [29/Feb/2020:07:34:51 +0000] "GET /themes/default/sounds/doorbell.wav HTTP/1.1" 200 5440 "http://mail.cup.com/kronolith/" "Mozilla/5.0 (X11; Ubuntu; Linux x86_64; rv:73.0) Gecko/20100101 Firefox/73.0"
192.168.10.238 - - [29/Feb/2020:07:34:51 +0000] "GET /themes/default/sounds/gnid3.wav HTTP/1.1" 200 13961 "http://mail.cup.com/kronolith/" "Mozilla/5.0 (X11; Ubuntu; Linux x86_64; rv:73.0) Gecko/20100101 Firefox/73.0"
192.168.10.238 - - [29/Feb/2020:07:34:51 +0000] "GET /themes/default/sounds/jetsndb.wav HTTP/1.1" 200 31529 "http://mail.cup.com/kronolith/" "Mozilla/5.0 (X11; Ubuntu; Linux x86_64; rv:73.0) Gecko/20100101 Firefox/73.0"
192.168.10.238 - - [29/Feb/2020:07:34:51 +0000] "GET /themes/default/sounds/reminder.wav HTTP/1.1" 200 23424 "http://mail.cup.com/kronolith/" "Mozilla/5.0 (X11; Ubuntu; Linux x86_64; rv:73.0) Gecko/20100101 Firefox/73.0"
192.168.10.238 - - [29/Feb/2020:07:34:51 +0000] "GET /themes/default/sounds/theetone.wav HTTP/1.1" 200 25049 "http://mail.cup.com/kronolith/" "Mozilla/5.0 (X11; Ubuntu; Linux x86_64; rv:73.0) Gecko/20100101 Firefox/73.0"
192.168.10.238 - - [29/Feb/2020:07:34:52 +0000] "GET /js/prettyautocomplete.js?v=dc442439853f80a9467ce727c08e9b0e HTTP/1.1" 200 3381 "http://mail.cup.com/kronolith/" "Mozilla/5.0 (X11; Ubuntu; Linux x86_64; rv:73.0) Gecko/20100101 Firefox/73.0"
192.168.10.238 - - [29/Feb/2020:07:34:52 +0000] "GET /kronolith/js/dragdrop2.js?v=cdac878cfbf59a65fe9f73fb16b22d01 HTTP/1.1" 200 6711 "http://mail.cup.com/kronolith/" "Mozilla/5.0 (X11; Ubuntu; Linux x86_64; rv:73.0) Gecko/20100101 Firefox/73.0"
192.168.10.238 - - [29/Feb/2020:07:34:52 +0000] "GET /kronolith/js/kronolith.js?v=cdac878cfbf59a65fe9f73fb16b22d01 HTTP/1.1" 200 50927 "http://mail.cup.com/kronolith/" "Mozilla/5.0 (X11; Ubuntu; Linux x86_64; rv:73.0) Gecko/20100101 Firefox/73.0"
192.168.10.238 - - [29/Feb/2020:07:34:52 +0000] "GET /kronolith/themes/default/graphics/left.png HTTP/1.1" 200 560 "http://mail.cup.com/kronolith/themes/default/screen.css" "Mozilla/5.0 (X11; Ubuntu; Linux x86_64; rv:73.0) Gecko/20100101 Firefox/73.0"
192.168.10.238 - - [29/Feb/2020:07:34:52 +0000] "GET /kronolith/themes/default/graphics/right.png HTTP/1.1" 200 550 "http://mail.cup.com/kronolith/themes/default/screen.css" "Mozilla/5.0 (X11; Ubuntu; Linux x86_64; rv:73.0) Gecko/20100101 Firefox/73.0"
192.168.10.238 - - [29/Feb/2020:07:34:52 +0000] "GET /kronolith/themes/default/graphics/dayview.png HTTP/1.1" 200 617 "http://mail.cup.com/kronolith/themes/default/screen.css" "Mozilla/5.0 (X11; Ubuntu; Linux x86_64; rv:73.0) Gecko/20100101 Firefox/73.0"
